Archive member included to satisfy reference by file (symbol)

c:/st/stm32cubeide_1.5.1/stm32cubeide/plugins/com.st.stm32cube.ide.mcu.externaltools.gnu-tools-for-stm32.9-2020-q2-update.win32_2.0.0.202105311346/tools/bin/../lib/gcc/arm-none-eabi/9.3.1/../../../../arm-none-eabi/lib/thumb/v7-m/nofp\libc_nano.a(lib_a-errno.o)
                              ./Core/Src/syscalls.o (__errno)
c:/st/stm32cubeide_1.5.1/stm32cubeide/plugins/com.st.stm32cube.ide.mcu.externaltools.gnu-tools-for-stm32.9-2020-q2-update.win32_2.0.0.202105311346/tools/bin/../lib/gcc/arm-none-eabi/9.3.1/../../../../arm-none-eabi/lib/thumb/v7-m/nofp\libc_nano.a(lib_a-exit.o)
                              c:/st/stm32cubeide_1.5.1/stm32cubeide/plugins/com.st.stm32cube.ide.mcu.externaltools.gnu-tools-for-stm32.9-2020-q2-update.win32_2.0.0.202105311346/tools/bin/../lib/gcc/arm-none-eabi/9.3.1/../../../../arm-none-eabi/lib/thumb/v7-m/nofp/crt0.o (exit)
c:/st/stm32cubeide_1.5.1/stm32cubeide/plugins/com.st.stm32cube.ide.mcu.externaltools.gnu-tools-for-stm32.9-2020-q2-update.win32_2.0.0.202105311346/tools/bin/../lib/gcc/arm-none-eabi/9.3.1/../../../../arm-none-eabi/lib/thumb/v7-m/nofp\libc_nano.a(lib_a-impure.o)
                              c:/st/stm32cubeide_1.5.1/stm32cubeide/plugins/com.st.stm32cube.ide.mcu.externaltools.gnu-tools-for-stm32.9-2020-q2-update.win32_2.0.0.202105311346/tools/bin/../lib/gcc/arm-none-eabi/9.3.1/../../../../arm-none-eabi/lib/thumb/v7-m/nofp\libc_nano.a(lib_a-exit.o) (_global_impure_ptr)
c:/st/stm32cubeide_1.5.1/stm32cubeide/plugins/com.st.stm32cube.ide.mcu.externaltools.gnu-tools-for-stm32.9-2020-q2-update.win32_2.0.0.202105311346/tools/bin/../lib/gcc/arm-none-eabi/9.3.1/../../../../arm-none-eabi/lib/thumb/v7-m/nofp\libc_nano.a(lib_a-init.o)
                              c:/st/stm32cubeide_1.5.1/stm32cubeide/plugins/com.st.stm32cube.ide.mcu.externaltools.gnu-tools-for-stm32.9-2020-q2-update.win32_2.0.0.202105311346/tools/bin/../lib/gcc/arm-none-eabi/9.3.1/../../../../arm-none-eabi/lib/thumb/v7-m/nofp/crt0.o (__libc_init_array)
c:/st/stm32cubeide_1.5.1/stm32cubeide/plugins/com.st.stm32cube.ide.mcu.externaltools.gnu-tools-for-stm32.9-2020-q2-update.win32_2.0.0.202105311346/tools/bin/../lib/gcc/arm-none-eabi/9.3.1/../../../../arm-none-eabi/lib/thumb/v7-m/nofp\libc_nano.a(lib_a-memcpy-stub.o)
                              ./Core/Src/microrl.o (memcpy)
c:/st/stm32cubeide_1.5.1/stm32cubeide/plugins/com.st.stm32cube.ide.mcu.externaltools.gnu-tools-for-stm32.9-2020-q2-update.win32_2.0.0.202105311346/tools/bin/../lib/gcc/arm-none-eabi/9.3.1/../../../../arm-none-eabi/lib/thumb/v7-m/nofp\libc_nano.a(lib_a-memmove.o)
                              ./Core/Src/microrl.o (memmove)
c:/st/stm32cubeide_1.5.1/stm32cubeide/plugins/com.st.stm32cube.ide.mcu.externaltools.gnu-tools-for-stm32.9-2020-q2-update.win32_2.0.0.202105311346/tools/bin/../lib/gcc/arm-none-eabi/9.3.1/../../../../arm-none-eabi/lib/thumb/v7-m/nofp\libc_nano.a(lib_a-memset.o)
                              c:/st/stm32cubeide_1.5.1/stm32cubeide/plugins/com.st.stm32cube.ide.mcu.externaltools.gnu-tools-for-stm32.9-2020-q2-update.win32_2.0.0.202105311346/tools/bin/../lib/gcc/arm-none-eabi/9.3.1/../../../../arm-none-eabi/lib/thumb/v7-m/nofp/crt0.o (memset)
c:/st/stm32cubeide_1.5.1/stm32cubeide/plugins/com.st.stm32cube.ide.mcu.externaltools.gnu-tools-for-stm32.9-2020-q2-update.win32_2.0.0.202105311346/tools/bin/../lib/gcc/arm-none-eabi/9.3.1/../../../../arm-none-eabi/lib/thumb/v7-m/nofp\libc_nano.a(lib_a-snprintf.o)
                              ./Core/Src/main.o (snprintf)
c:/st/stm32cubeide_1.5.1/stm32cubeide/plugins/com.st.stm32cube.ide.mcu.externaltools.gnu-tools-for-stm32.9-2020-q2-update.win32_2.0.0.202105311346/tools/bin/../lib/gcc/arm-none-eabi/9.3.1/../../../../arm-none-eabi/lib/thumb/v7-m/nofp\libc_nano.a(lib_a-strcat.o)
                              ./Core/Src/main.o (strcat)
c:/st/stm32cubeide_1.5.1/stm32cubeide/plugins/com.st.stm32cube.ide.mcu.externaltools.gnu-tools-for-stm32.9-2020-q2-update.win32_2.0.0.202105311346/tools/bin/../lib/gcc/arm-none-eabi/9.3.1/../../../../arm-none-eabi/lib/thumb/v7-m/nofp\libc_nano.a(lib_a-strcmp.o)
                              ./Core/Src/microrl_cmd.o (strcmp)
c:/st/stm32cubeide_1.5.1/stm32cubeide/plugins/com.st.stm32cube.ide.mcu.externaltools.gnu-tools-for-stm32.9-2020-q2-update.win32_2.0.0.202105311346/tools/bin/../lib/gcc/arm-none-eabi/9.3.1/../../../../arm-none-eabi/lib/thumb/v7-m/nofp\libc_nano.a(lib_a-strcpy.o)
                              ./Core/Src/main.o (strcpy)
c:/st/stm32cubeide_1.5.1/stm32cubeide/plugins/com.st.stm32cube.ide.mcu.externaltools.gnu-tools-for-stm32.9-2020-q2-update.win32_2.0.0.202105311346/tools/bin/../lib/gcc/arm-none-eabi/9.3.1/../../../../arm-none-eabi/lib/thumb/v7-m/nofp\libc_nano.a(lib_a-strlen.o)
                              ./Core/Src/main.o (strlen)
[...]
Memory Configuration

Name             Origin             Length             Attributes
RAM              0x0000000020000000 0x0000000000005000 xrw
FLASH            0x0000000008000000 0x0000000000010000 xr
*default*        0x0000000000000000 0xffffffffffffffff

Linker script and memory map

LOAD c:/st/stm32cubeide_1.5.1/stm32cubeide/plugins/com.st.stm32cube.ide.mcu.externaltools.gnu-tools-for-stm32.9-2020-q2-update.win32_2.0.0.202105311346/tools/bin/../lib/gcc/arm-none-eabi/9.3.1/thumb/v7-m/nofp/crti.o
LOAD c:/st/stm32cubeide_1.5.1/stm32cubeide/plugins/com.st.stm32cube.ide.mcu.externaltools.gnu-tools-for-stm32.9-2020-q2-update.win32_2.0.0.202105311346/tools/bin/../lib/gcc/arm-none-eabi/9.3.1/thumb/v7-m/nofp/crtbegin.o
LOAD c:/st/stm32cubeide_1.5.1/stm32cubeide/plugins/com.st.stm32cube.ide.mcu.externaltools.gnu-tools-for-stm32.9-2020-q2-update.win32_2.0.0.202105311346/tools/bin/../lib/gcc/arm-none-eabi/9.3.1/../../../../arm-none-eabi/lib/thumb/v7-m/nofp/crt0.o
LOAD ./Core/Src/bme280.o
LOAD ./Core/Src/d3231.o
LOAD ./Core/Src/fifo.o
LOAD ./Core/Src/main.o
LOAD ./Core/Src/microrl.o
LOAD ./Core/Src/microrl_cmd.o
LOAD ./Core/Src/stm32f1xx_hal_msp.o
LOAD ./Core/Src/stm32f1xx_it.o
LOAD ./Core/Src/syscalls.o
LOAD ./Core/Src/sysmem.o
LOAD ./Core/Src/system_stm32f1xx.o
LOAD ./Core/Src/vfd.o
LOAD ./Core/Startup/startup_stm32f103c8tx.o
LOAD ./Drivers/STM32F1xx_HAL_Driver/Src/stm32f1xx_hal.o
LOAD ./Drivers/STM32F1xx_HAL_Driver/Src/stm32f1xx_hal_cortex.o
LOAD ./Drivers/STM32F1xx_HAL_Driver/Src/stm32f1xx_hal_dma.o
LOAD ./Drivers/STM32F1xx_HAL_Driver/Src/stm32f1xx_hal_exti.o
LOAD ./Drivers/STM32F1xx_HAL_Driver/Src/stm32f1xx_hal_flash.o
LOAD ./Drivers/STM32F1xx_HAL_Driver/Src/stm32f1xx_hal_flash_ex.o
LOAD ./Drivers/STM32F1xx_HAL_Driver/Src/stm32f1xx_hal_gpio.o
LOAD ./Drivers/STM32F1xx_HAL_Driver/Src/stm32f1xx_hal_gpio_ex.o
LOAD ./Drivers/STM32F1xx_HAL_Driver/Src/stm32f1xx_hal_i2c.o
LOAD ./Drivers/STM32F1xx_HAL_Driver/Src/stm32f1xx_hal_pcd.o
LOAD ./Drivers/STM32F1xx_HAL_Driver/Src/stm32f1xx_hal_pcd_ex.o
LOAD ./Drivers/STM32F1xx_HAL_Driver/Src/stm32f1xx_hal_pwr.o
LOAD ./Drivers/STM32F1xx_HAL_Driver/Src/stm32f1xx_hal_rcc.o
LOAD ./Drivers/STM32F1xx_HAL_Driver/Src/stm32f1xx_hal_rcc_ex.o
LOAD ./Drivers/STM32F1xx_HAL_Driver/Src/stm32f1xx_hal_spi.o
LOAD ./Drivers/STM32F1xx_HAL_Driver/Src/stm32f1xx_hal_tim.o
LOAD ./Drivers/STM32F1xx_HAL_Driver/Src/stm32f1xx_hal_tim_ex.o
LOAD ./Drivers/STM32F1xx_HAL_Driver/Src/stm32f1xx_ll_usb.o
LOAD ./Middlewares/ST/STM32_USB_Device_Library/Class/CDC/Src/usbd_cdc.o
LOAD ./Middlewares/ST/STM32_USB_Device_Library/Core/Src/usbd_core.o
LOAD ./Middlewares/ST/STM32_USB_Device_Library/Core/Src/usbd_ctlreq.o
LOAD ./Middlewares/ST/STM32_USB_Device_Library/Core/Src/usbd_ioreq.o
LOAD ./USB_DEVICE/App/usb_device.o
LOAD ./USB_DEVICE/App/usbd_cdc_if.o
LOAD ./USB_DEVICE/App/usbd_desc.o
LOAD ./USB_DEVICE/Target/usbd_conf.o
START GROUP
LOAD c:/st/stm32cubeide_1.5.1/stm32cubeide/plugins/com.st.stm32cube.ide.mcu.externaltools.gnu-tools-for-stm32.9-2020-q2-update.win32_2.0.0.202105311346/tools/bin/../lib/gcc/arm-none-eabi/9.3.1/../../../../arm-none-eabi/lib/thumb/v7-m/nofp\libc_nano.a
LOAD c:/st/stm32cubeide_1.5.1/stm32cubeide/plugins/com.st.stm32cube.ide.mcu.externaltools.gnu-tools-for-stm32.9-2020-q2-update.win32_2.0.0.202105311346/tools/bin/../lib/gcc/arm-none-eabi/9.3.1/../../../../arm-none-eabi/lib/thumb/v7-m/nofp\libm.a
END GROUP
START GROUP
LOAD c:/st/stm32cubeide_1.5.1/stm32cubeide/plugins/com.st.stm32cube.ide.mcu.externaltools.gnu-tools-for-stm32.9-2020-q2-update.win32_2.0.0.202105311346/tools/bin/../lib/gcc/arm-none-eabi/9.3.1/thumb/v7-m/nofp\libgcc.a
LOAD c:/st/stm32cubeide_1.5.1/stm32cubeide/plugins/com.st.stm32cube.ide.mcu.externaltools.gnu-tools-for-stm32.9-2020-q2-update.win32_2.0.0.202105311346/tools/bin/../lib/gcc/arm-none-eabi/9.3.1/../../../../arm-none-eabi/lib/thumb/v7-m/nofp\libc_nano.a
END GROUP
START GROUP
LOAD c:/st/stm32cubeide_1.5.1/stm32cubeide/plugins/com.st.stm32cube.ide.mcu.externaltools.gnu-tools-for-stm32.9-2020-q2-update.win32_2.0.0.202105311346/tools/bin/../lib/gcc/arm-none-eabi/9.3.1/thumb/v7-m/nofp\libgcc.a
LOAD c:/st/stm32cubeide_1.5.1/stm32cubeide/plugins/com.st.stm32cube.ide.mcu.externaltools.gnu-tools-for-stm32.9-2020-q2-update.win32_2.0.0.202105311346/tools/bin/../lib/gcc/arm-none-eabi/9.3.1/../../../../arm-none-eabi/lib/thumb/v7-m/nofp\libc_nano.a
LOAD c:/st/stm32cubeide_1.5.1/stm32cubeide/plugins/com.st.stm32cube.ide.mcu.externaltools.gnu-tools-for-stm32.9-2020-q2-update.win32_2.0.0.202105311346/tools/bin/../lib/gcc/arm-none-eabi/9.3.1/../../../../arm-none-eabi/lib/thumb/v7-m/nofp\libnosys.a
END GROUP
START GROUP
LOAD c:/st/stm32cubeide_1.5.1/stm32cubeide/plugins/com.st.stm32cube.ide.mcu.externaltools.gnu-tools-for-stm32.9-2020-q2-update.win32_2.0.0.202105311346/tools/bin/../lib/gcc/arm-none-eabi/9.3.1/thumb/v7-m/nofp\libgcc.a
LOAD c:/st/stm32cubeide_1.5.1/stm32cubeide/plugins/com.st.stm32cube.ide.mcu.externaltools.gnu-tools-for-stm32.9-2020-q2-update.win32_2.0.0.202105311346/tools/bin/../lib/gcc/arm-none-eabi/9.3.1/../../../../arm-none-eabi/lib/thumb/v7-m/nofp\libc_nano.a
LOAD c:/st/stm32cubeide_1.5.1/stm32cubeide/plugins/com.st.stm32cube.ide.mcu.externaltools.gnu-tools-for-stm32.9-2020-q2-update.win32_2.0.0.202105311346/tools/bin/../lib/gcc/arm-none-eabi/9.3.1/../../../../arm-none-eabi/lib/thumb/v7-m/nofp\libnosys.a
END GROUP
LOAD c:/st/stm32cubeide_1.5.1/stm32cubeide/plugins/com.st.stm32cube.ide.mcu.externaltools.gnu-tools-for-stm32.9-2020-q2-update.win32_2.0.0.202105311346/tools/bin/../lib/gcc/arm-none-eabi/9.3.1/thumb/v7-m/nofp/crtend.o
LOAD c:/st/stm32cubeide_1.5.1/stm32cubeide/plugins/com.st.stm32cube.ide.mcu.externaltools.gnu-tools-for-stm32.9-2020-q2-update.win32_2.0.0.202105311346/tools/bin/../lib/gcc/arm-none-eabi/9.3.1/thumb/v7-m/nofp/crtn.o
                0x0000000020005000                _estack = (ORIGIN (RAM) + LENGTH (RAM))
                0x0000000000000200                _Min_Heap_Size = 0x200
                0x0000000000000400                _Min_Stack_Size = 0x400

.isr_vector     0x0000000008000000      0x10c
                0x0000000008000000                . = ALIGN (0x4)
 *(.isr_vector)
 .isr_vector    0x0000000008000000      0x10c ./Core/Startup/startup_stm32f103c8tx.o
                0x0000000008000000                g_pfnVectors
                0x000000000800010c                . = ALIGN (0x4)

.text           0x000000000800010c     0xd428
                0x000000000800010c                . = ALIGN (0x4)
 *(.text)
 .text          0x000000000800010c       0x40 c:/st/stm32cubeide_1.5.1/stm32cubeide/plugins/com.st.stm32cube.ide.mcu.externaltools.gnu-tools-for-stm32.9-2020-q2-update.win32_2.0.0.202105311346/tools/bin/../lib/gcc/arm-none-eabi/9.3.1/thumb/v7-m/nofp/crtbegin.o
 .text          0x000000000800014c       0x14 c:/st/stm32cubeide_1.5.1/stm32cubeide/plugins/com.st.stm32cube.ide.mcu.externaltools.gnu-tools-for-stm32.9-2020-q2-update.win32_2.0.0.202105311346/tools/bin/../lib/gcc/arm-none-eabi/9.3.1/../../../../arm-none-eabi/lib/thumb/v7-m/nofp\libc_nano.a(lib_a-strcmp.o)
                0x000000000800014c                strcmp
 .text          0x0000000008000160       0x10 c:/st/stm32cubeide_1.5.1/stm32cubeide/plugins/com.st.stm32cube.ide.mcu.externaltools.gnu-tools-for-stm32.9-2020-q2-update.win32_2.0.0.202105311346/tools/bin/../lib/gcc/arm-none-eabi/9.3.1/../../../../arm-none-eabi/lib/thumb/v7-m/nofp\libc_nano.a(lib_a-strlen.o)
                0x0000000008000160                strlen
 *(.text*)
 .text.bme280_init
                0x0000000008000170       0x9e ./Core/Src/bme280.o
                0x0000000008000170                bme280_init
 .text.bme280_get_regs
                0x000000000800020e       0x74 ./Core/Src/bme280.o
                0x000000000800020e                bme280_get_regs
 .text.bme280_set_regs
                0x0000000008000282       0xf8 ./Core/Src/bme280.o
                0x0000000008000282                bme280_set_regs
 .text.bme280_set_sensor_settings
                0x000000000800037a       0xaa ./Core/Src/bme280.o
                0x000000000800037a                bme280_set_sensor_settings
 .text.bme280_set_sensor_mode
                0x0000000008000424       0x68 ./Core/Src/bme280.o
                0x0000000008000424                bme280_set_sensor_mode
 .text.bme280_get_sensor_mode
                0x000000000800048c       0x52 ./Core/Src/bme280.o
                0x000000000800048c                bme280_get_sensor_mode
 .text.bme280_soft_reset
                0x00000000080004de       0x9e ./Core/Src/bme280.o
                0x00000000080004de                bme280_soft_reset
 .text.bme280_get_sensor_data
                0x000000000800057c       0x92 ./Core/Src/bme280.o
                0x000000000800057c                bme280_get_sensor_data
 .text.bme280_parse_sensor_data
                0x000000000800060e       0x8a ./Core/Src/bme280.o
                0x000000000800060e                bme280_parse_sensor_data
 .text.bme280_compensate_data
                0x0000000008000698       0x92 ./Core/Src/bme280.o
                0x0000000008000698                bme280_compensate_data
 *fill*         0x000000000800072a        0x2 
 .text.bme280_cal_meas_delay
                0x000000000800072c       0xc4 ./Core/Src/bme280.o
                0x000000000800072c                bme280_cal_meas_delay
 .text.set_osr_settings
                0x00000000080007f0       0x4e ./Core/Src/bme280.o
 .text.set_osr_humidity_settings
                0x000000000800083e       0x74 ./Core/Src/bme280.o
 .text.set_osr_press_temp_settings
                0x00000000080008b2       0x78 ./Core/Src/bme280.o
 .text.set_filter_standby_settings
                0x000000000800092a       0x78 ./Core/Src/bme280.o
 .text.fill_filter_settings
                0x00000000080009a2       0x38 ./Core/Src/bme280.o
 .text.fill_standby_settings
                0x00000000080009da       0x32 ./Core/Src/bme280.o
 .text.fill_osr_press_settings
                0x0000000008000a0c       0x38 ./Core/Src/bme280.o
 .text.fill_osr_temp_settings
                0x0000000008000a44       0x32 ./Core/Src/bme280.o
 .text.parse_device_settings
                0x0000000008000a76       0x66 ./Core/Src/bme280.o
 .text.write_power_mode
                0x0000000008000adc       0x66 ./Core/Src/bme280.o
 .text.put_device_to_sleep
                0x0000000008000b42       0x60 ./Core/Src/bme280.o
 .text.reload_device_settings
                0x0000000008000ba2       0x3a ./Core/Src/bme280.o
 .text.compensate_temperature
                0x0000000008000bdc       0xc0 ./Core/Src/bme280.o
 .text.compensate_pressure
                0x0000000008000c9c      0x1e8 ./Core/Src/bme280.o
 .text.compensate_humidity
                0x0000000008000e84      0x156 ./Core/Src/bme280.o
 .text.get_calib_data
                0x0000000008000fda       0x8a ./Core/Src/bme280.o
 .text.interleave_reg_addr
                0x0000000008001064       0x56 ./Core/Src/bme280.o
 .text.parse_temp_press_calib_data
                0x00000000080010ba      0x15c ./Core/Src/bme280.o
 .text.parse_humidity_calib_data
                0x0000000008001216       0x9a ./Core/Src/bme280.o
 .text.are_settings_changed
                0x00000000080012b0       0x36 ./Core/Src/bme280.o
 .text.null_ptr_check
                0x00000000080012e6       0x3e ./Core/Src/bme280.o
 .text.d3231_init
                0x0000000008001324       0x1c ./Core/Src/d3231.o
                0x0000000008001324                d3231_init
 .text.d3231_get_time
                0x0000000008001340       0x30 ./Core/Src/d3231.o
                0x0000000008001340                d3231_get_time
 .text.d3231_get_temp
                0x0000000008001370       0x30 ./Core/Src/d3231.o
                0x0000000008001370                d3231_get_temp
 .text.d3231_get_all
                0x00000000080013a0       0x30 ./Core/Src/d3231.o
                0x00000000080013a0                d3231_get_all
 .text.d3231_get_A2M2
                0x00000000080013d0       0x10 ./Core/Src/d3231.o
                0x00000000080013d0                d3231_get_A2M2
 .text.d3231_set_A2M2
                0x00000000080013e0       0x30 ./Core/Src/d3231.o
                0x00000000080013e0                d3231_set_A2M2
 .text.d3231_set
                0x0000000008001410       0x38 ./Core/Src/d3231.o
                0x0000000008001410                d3231_set
 .text.fifo_push
                0x0000000008001448       0x50 ./Core/Src/fifo.o
                0x0000000008001448                fifo_push
 .text.fifo_pop
                0x0000000008001498       0x48 ./Core/Src/fifo.o
                0x0000000008001498                fifo_pop
 .text.fifo_is_empty
                0x00000000080014e0       0x28 ./Core/Src/fifo.o
                0x00000000080014e0                fifo_is_empty
 .text.fifo_length
                0x0000000008001508       0x3c ./Core/Src/fifo.o
                0x0000000008001508                fifo_length
 .text.user_delay_us
                0x0000000008001544       0x28 ./Core/Src/main.o
                0x0000000008001544                user_delay_us
 .text.user_i2c_read
                0x000000000800156c       0x48 ./Core/Src/main.o
                0x000000000800156c                user_i2c_read
 .text.user_i2c_write
                0x00000000080015b4       0x48 ./Core/Src/main.o
                0x00000000080015b4                user_i2c_write
 .text.init_bme280_i2c
                0x00000000080015fc       0x54 ./Core/Src/main.o
                0x00000000080015fc                init_bme280_i2c
 .text.vfd_update
                0x0000000008001650       0x54 ./Core/Src/main.o
                0x0000000008001650                vfd_update
 .text.do_microrl
                0x00000000080016a4       0x32 ./Core/Src/main.o
                0x00000000080016a4                do_microrl
 *fill*         0x00000000080016d6        0x2 
 .text.do_vfd_init
                0x00000000080016d8      0x320 ./Core/Src/main.o
                0x00000000080016d8                do_vfd_init
 .text.do_brightness
                0x00000000080019f8      0x124 ./Core/Src/main.o
                0x00000000080019f8                do_brightness
 .text.do_clock
                0x0000000008001b1c      0x138 ./Core/Src/main.o
                0x0000000008001b1c                do_clock
 .text.do_text  0x0000000008001c54      0x114 ./Core/Src/main.o
                0x0000000008001c54                do_text
 .text.do_leds  0x0000000008001d68       0xfc ./Core/Src/main.o
                0x0000000008001d68                do_leds
 .text.update_thp
                0x0000000008001e64      0x1f0 ./Core/Src/main.o
                0x0000000008001e64                update_thp
 .text.do_measurements
                0x0000000008002054       0x90 ./Core/Src/main.o
                0x0000000008002054                do_measurements
 .text.main     0x00000000080020e4       0xcc ./Core/Src/main.o
                0x00000000080020e4                main
 .text.SystemClock_Config
                0x00000000080021b0       0xb6 ./Core/Src/main.o
                0x00000000080021b0                SystemClock_Config
 *fill*         0x0000000008002266        0x2 
 .text.MX_I2C1_Init
                0x0000000008002268       0x5c ./Core/Src/main.o
 .text.MX_SPI2_Init
                0x00000000080022c4       0x6c ./Core/Src/main.o
 .text.MX_GPIO_Init
                0x0000000008002330      0x12c ./Core/Src/main.o
 .text.Error_Handler
                0x000000000800245c        0xa ./Core/Src/main.o
                0x000000000800245c                Error_Handler
 .text.hist_erase_older
                0x0000000008002466       0x36 ./Core/Src/microrl.o
 .text.hist_is_space_for_new
                0x000000000800249c       0x62 ./Core/Src/microrl.o
 .text.hist_save_line
                0x00000000080024fe       0xde ./Core/Src/microrl.o
 .text.hist_restore_line
                0x00000000080025dc      0x210 ./Core/Src/microrl.o
 .text.split    0x00000000080027ec       0x92 ./Core/Src/microrl.o
 .text.print_prompt
                0x000000000800287e       0x1e ./Core/Src/microrl.o
 .text.terminal_backspace
                0x000000000800289c       0x20 ./Core/Src/microrl.o
 .text.terminal_newline
                0x00000000080028bc       0x20 ./Core/Src/microrl.o
 .text.u16bit_to_str
                0x00000000080028dc       0xa0 ./Core/Src/microrl.o
 .text.terminal_move_cursor
                0x000000000800297c       0xa0 ./Core/Src/microrl.o
 .text.terminal_reset_cursor
                0x0000000008002a1c       0x70 ./Core/Src/microrl.o
 .text.terminal_print_line
                0x0000000008002a8c       0x70 ./Core/Src/microrl.o
 .text.microrl_init
                0x0000000008002afc       0x7c ./Core/Src/microrl.o
                0x0000000008002afc                microrl_init
 .text.microrl_set_complete_callback
                0x0000000008002b78       0x1c ./Core/Src/microrl.o
                0x0000000008002b78                microrl_set_complete_callback
 .text.microrl_set_execute_callback
                0x0000000008002b94       0x1c ./Core/Src/microrl.o
                0x0000000008002b94                microrl_set_execute_callback
 .text.microrl_set_sigint_callback
                0x0000000008002bb0       0x1c ./Core/Src/microrl.o
                0x0000000008002bb0                microrl_set_sigint_callback
 .text.hist_search
                0x0000000008002bcc       0x60 ./Core/Src/microrl.o
 .text.escape_process
                0x0000000008002c2c      0x11c ./Core/Src/microrl.o
 .text.microrl_insert_text
                0x0000000008002d48       0xe6 ./Core/Src/microrl.o
 .text.microrl_backspace
                0x0000000008002e2e       0x7e ./Core/Src/microrl.o
 .text.common_len
                0x0000000008002eac       0xb8 ./Core/Src/microrl.o
 .text.microrl_get_complite
                0x0000000008002f64      0x15c ./Core/Src/microrl.o
 .text.new_line_handler
                0x00000000080030c0       0xb8 ./Core/Src/microrl.o
                0x00000000080030c0                new_line_handler
 .text.microrl_insert_char
                0x0000000008003178      0x3f8 ./Core/Src/microrl.o
                0x0000000008003178                microrl_insert_char
 .text.microrl_print_char
                0x0000000008003570       0x24 ./Core/Src/microrl_cmd.o
                0x0000000008003570                microrl_print_char
 .text.print    0x0000000008003594       0x78 ./Core/Src/microrl_cmd.o
                0x0000000008003594                print
 .text.find_color_by_name
                0x000000000800360c       0x48 ./Core/Src/microrl_cmd.o
                0x000000000800360c                find_color_by_name
 .text.print_color
                0x0000000008003654       0x4c ./Core/Src/microrl_cmd.o
                0x0000000008003654                print_color
 .text.str_length
                0x00000000080036a0       0x2c ./Core/Src/microrl_cmd.o
                0x00000000080036a0                str_length
 .text.print_help
                0x00000000080036cc      0x1cc ./Core/Src/microrl_cmd.o
                0x00000000080036cc                print_help
 .text.execute  0x0000000008003898      0x1a0 ./Core/Src/microrl_cmd.o
                0x0000000008003898                execute
 .text.complet  0x0000000008003a38      0x1a4 ./Core/Src/microrl_cmd.o
                0x0000000008003a38                complet
 .text.sigint   0x0000000008003bdc       0x64 ./Core/Src/microrl_cmd.o
                0x0000000008003bdc                sigint
 .text.init_microrl
                0x0000000008003c40       0x4c ./Core/Src/microrl_cmd.o
                0x0000000008003c40                init_microrl
 .text.clear_screen
                0x0000000008003c8c       0x28 ./Core/Src/microrl_cmd.o
                0x0000000008003c8c                clear_screen
 .text.color_toggle
                0x0000000008003cb4       0x34 ./Core/Src/microrl_cmd.o
                0x0000000008003cb4                color_toggle
 .text.color_on
                0x0000000008003ce8       0x34 ./Core/Src/microrl_cmd.o
                0x0000000008003ce8                color_on
 .text.color_off
                0x0000000008003d1c       0x34 ./Core/Src/microrl_cmd.o
                0x0000000008003d1c                color_off
 .text.color_show
                0x0000000008003d50       0x44 ./Core/Src/microrl_cmd.o
                0x0000000008003d50                color_show
 .text.vfd_text
                0x0000000008003d94       0x9c ./Core/Src/microrl_cmd.o
                0x0000000008003d94                vfd_text
 .text.leds_toggle
                0x0000000008003e30       0x48 ./Core/Src/microrl_cmd.o
                0x0000000008003e30                leds_toggle
 .text.set_td   0x0000000008003e78       0xb4 ./Core/Src/microrl_cmd.o
                0x0000000008003e78                set_td
 .text.get_td   0x0000000008003f2c       0xd8 ./Core/Src/microrl_cmd.o
                0x0000000008003f2c                get_td
 .text.get_temp
                0x0000000008004004      0x12c ./Core/Src/microrl_cmd.o
                0x0000000008004004                get_temp
 .text.clock    0x0000000008004130       0x20 ./Core/Src/microrl_cmd.o
                0x0000000008004130                clock
 .text.get_thp  0x0000000008004150       0x30 ./Core/Src/microrl_cmd.o
                0x0000000008004150                get_thp
 .text.HAL_MspInit
                0x0000000008004180       0x64 ./Core/Src/stm32f1xx_hal_msp.o
                0x0000000008004180                HAL_MspInit
 .text.HAL_I2C_MspInit
                0x00000000080041e4       0x7c ./Core/Src/stm32f1xx_hal_msp.o
                0x00000000080041e4                HAL_I2C_MspInit
 .text.HAL_SPI_MspInit
                0x0000000008004260       0x98 ./Core/Src/stm32f1xx_hal_msp.o
                0x0000000008004260                HAL_SPI_MspInit
 .text.NMI_Handler
                0x00000000080042f8        0x6 ./Core/Src/stm32f1xx_it.o
                0x00000000080042f8                NMI_Handler
 .text.HardFault_Handler
                0x00000000080042fe        0x6 ./Core/Src/stm32f1xx_it.o
                0x00000000080042fe                HardFault_Handler
 .text.MemManage_Handler
                0x0000000008004304        0x6 ./Core/Src/stm32f1xx_it.o
                0x0000000008004304                MemManage_Handler
 .text.BusFault_Handler
                0x000000000800430a        0x6 ./Core/Src/stm32f1xx_it.o
                0x000000000800430a                BusFault_Handler
 .text.UsageFault_Handler
                0x0000000008004310        0x6 ./Core/Src/stm32f1xx_it.o
                0x0000000008004310                UsageFault_Handler
 .text.SVC_Handler
                0x0000000008004316        0xc ./Core/Src/stm32f1xx_it.o
                0x0000000008004316                SVC_Handler
 .text.DebugMon_Handler
                0x0000000008004322        0xc ./Core/Src/stm32f1xx_it.o
                0x0000000008004322                DebugMon_Handler
 .text.PendSV_Handler
                0x000000000800432e        0xc ./Core/Src/stm32f1xx_it.o
                0x000000000800432e                PendSV_Handler
 .text.SysTick_Handler
                0x000000000800433a        0xc ./Core/Src/stm32f1xx_it.o
                0x000000000800433a                SysTick_Handler
 *fill*         0x0000000008004346        0x2 
 .text.USB_LP_CAN1_RX0_IRQHandler
                0x0000000008004348       0x14 ./Core/Src/stm32f1xx_it.o
                0x0000000008004348                USB_LP_CAN1_RX0_IRQHandler
 .text._sbrk    0x000000000800435c       0x6c ./Core/Src/sysmem.o
                0x000000000800435c                _sbrk
 .text.SystemInit
                0x00000000080043c8        0xc ./Core/Src/system_stm32f1xx.o
                0x00000000080043c8                SystemInit
 .text.get_char
                0x00000000080043d4       0xd8 ./Core/Src/vfd.o
                0x00000000080043d4                get_char
 .text.str2vfd  0x00000000080044ac      0x10c ./Core/Src/vfd.o
                0x00000000080044ac                str2vfd
 .text.symbols_vfd
                0x00000000080045b8      0x120 ./Core/Src/vfd.o
                0x00000000080045b8                symbols_vfd
 .text.clr_vfd  0x00000000080046d8       0x34 ./Core/Src/vfd.o
                0x00000000080046d8                clr_vfd
 .text.save_vfd
                0x000000000800470c       0x40 ./Core/Src/vfd.o
                0x000000000800470c                save_vfd
 .text.restore_vfd
                0x000000000800474c       0x40 ./Core/Src/vfd.o
                0x000000000800474c                restore_vfd
 .text.Reset_Handler
                0x000000000800478c       0x48 ./Core/Startup/startup_stm32f103c8tx.o
                0x000000000800478c                Reset_Handler
 .text.Default_Handler
                0x00000000080047d4        0x2 ./Core/Startup/startup_stm32f103c8tx.o
                0x00000000080047d4                RTC_Alarm_IRQHandler
                0x00000000080047d4                EXTI2_IRQHandler
                0x00000000080047d4                TIM1_CC_IRQHandler
                0x00000000080047d4                PVD_IRQHandler
                0x00000000080047d4                EXTI3_IRQHandler
                0x00000000080047d4                EXTI0_IRQHandler
                0x00000000080047d4                I2C2_EV_IRQHandler
                0x00000000080047d4                ADC1_2_IRQHandler
                0x00000000080047d4                SPI1_IRQHandler
                0x00000000080047d4                TAMPER_IRQHandler
                0x00000000080047d4                DMA1_Channel4_IRQHandler
                0x00000000080047d4                USART3_IRQHandler
                0x00000000080047d4                RTC_IRQHandler
                0x00000000080047d4                DMA1_Channel7_IRQHandler
                0x00000000080047d4                CAN1_RX1_IRQHandler
                0x00000000080047d4                TIM4_IRQHandler
                0x00000000080047d4                I2C1_EV_IRQHandler
                0x00000000080047d4                DMA1_Channel6_IRQHandler
                0x00000000080047d4                TIM3_IRQHandler
                0x00000000080047d4                RCC_IRQHandler
                0x00000000080047d4                TIM1_TRG_COM_IRQHandler
                0x00000000080047d4                DMA1_Channel1_IRQHandler
                0x00000000080047d4                Default_Handler
                0x00000000080047d4                EXTI15_10_IRQHandler
                0x00000000080047d4                EXTI9_5_IRQHandler
                0x00000000080047d4                SPI2_IRQHandler
                0x00000000080047d4                DMA1_Channel5_IRQHandler
                0x00000000080047d4                EXTI4_IRQHandler
                0x00000000080047d4                USB_HP_CAN1_TX_IRQHandler
                0x00000000080047d4                DMA1_Channel3_IRQHandler
                0x00000000080047d4                TIM1_UP_IRQHandler
                0x00000000080047d4                WWDG_IRQHandler
                0x00000000080047d4                TIM2_IRQHandler
                0x00000000080047d4                TIM1_BRK_IRQHandler
                0x00000000080047d4                EXTI1_IRQHandler
                0x00000000080047d4                USART2_IRQHandler
                0x00000000080047d4                I2C2_ER_IRQHandler
                0x00000000080047d4                DMA1_Channel2_IRQHandler
                0x00000000080047d4                CAN1_SCE_IRQHandler
                0x00000000080047d4                FLASH_IRQHandler
                0x00000000080047d4                USART1_IRQHandler
                0x00000000080047d4                I2C1_ER_IRQHandler
                0x00000000080047d4                USBWakeUp_IRQHandler
 *fill*         0x00000000080047d6        0x2 
 .text.HAL_Init
                0x00000000080047d8       0x2c ./Drivers/STM32F1xx_HAL_Driver/Src/stm32f1xx_hal.o
                0x00000000080047d8                HAL_Init
 .text.HAL_InitTick
                0x0000000008004804       0x60 ./Drivers/STM32F1xx_HAL_Driver/Src/stm32f1xx_hal.o
                0x0000000008004804                HAL_InitTick
 .text.HAL_IncTick
                0x0000000008004864       0x24 ./Drivers/STM32F1xx_HAL_Driver/Src/stm32f1xx_hal.o
                0x0000000008004864                HAL_IncTick
 .text.HAL_GetTick
                0x0000000008004888       0x14 ./Drivers/STM32F1xx_HAL_Driver/Src/stm32f1xx_hal.o
                0x0000000008004888                HAL_GetTick
 .text.HAL_Delay
                0x000000000800489c       0x48 ./Drivers/STM32F1xx_HAL_Driver/Src/stm32f1xx_hal.o
                0x000000000800489c                HAL_Delay
 .text.__NVIC_SetPriorityGrouping
                0x00000000080048e4       0x48 ./Drivers/STM32F1xx_HAL_Driver/Src/stm32f1xx_hal_cortex.o
 .text.__NVIC_GetPriorityGrouping
                0x000000000800492c       0x1c ./Drivers/STM32F1xx_HAL_Driver/Src/stm32f1xx_hal_cortex.o
 .text.__NVIC_EnableIRQ
                0x0000000008004948       0x38 ./Drivers/STM32F1xx_HAL_Driver/Src/stm32f1xx_hal_cortex.o
 .text.__NVIC_SetPriority
                0x0000000008004980       0x54 ./Drivers/STM32F1xx_HAL_Driver/Src/stm32f1xx_hal_cortex.o
 .text.NVIC_EncodePriority
                0x00000000080049d4       0x64 ./Drivers/STM32F1xx_HAL_Driver/Src/stm32f1xx_hal_cortex.o
 .text.SysTick_Config
                0x0000000008004a38       0x44 ./Drivers/STM32F1xx_HAL_Driver/Src/stm32f1xx_hal_cortex.o
 .text.HAL_NVIC_SetPriorityGrouping
                0x0000000008004a7c       0x16 ./Drivers/STM32F1xx_HAL_Driver/Src/stm32f1xx_hal_cortex.o
                0x0000000008004a7c                HAL_NVIC_SetPriorityGrouping
 .text.HAL_NVIC_SetPriority
                0x0000000008004a92       0x38 ./Drivers/STM32F1xx_HAL_Driver/Src/stm32f1xx_hal_cortex.o
                0x0000000008004a92                HAL_NVIC_SetPriority
 .text.HAL_NVIC_EnableIRQ
                0x0000000008004aca       0x1c ./Drivers/STM32F1xx_HAL_Driver/Src/stm32f1xx_hal_cortex.o
                0x0000000008004aca                HAL_NVIC_EnableIRQ
 .text.HAL_SYSTICK_Config
                0x0000000008004ae6       0x18 ./Drivers/STM32F1xx_HAL_Driver/Src/stm32f1xx_hal_cortex.o
                0x0000000008004ae6                HAL_SYSTICK_Config
 *fill*         0x0000000008004afe        0x2 
 .text.HAL_GPIO_Init
                0x0000000008004b00      0x308 ./Drivers/STM32F1xx_HAL_Driver/Src/stm32f1xx_hal_gpio.o
                0x0000000008004b00                HAL_GPIO_Init
 .text.HAL_GPIO_ReadPin
                0x0000000008004e08       0x2e ./Drivers/STM32F1xx_HAL_Driver/Src/stm32f1xx_hal_gpio.o
                0x0000000008004e08                HAL_GPIO_ReadPin
 .text.HAL_GPIO_WritePin
                0x0000000008004e36       0x30 ./Drivers/STM32F1xx_HAL_Driver/Src/stm32f1xx_hal_gpio.o
                0x0000000008004e36                HAL_GPIO_WritePin
 .text.HAL_GPIO_TogglePin
                0x0000000008004e66       0x32 ./Drivers/STM32F1xx_HAL_Driver/Src/stm32f1xx_hal_gpio.o
                0x0000000008004e66                HAL_GPIO_TogglePin
 .text.HAL_I2C_Init
                0x0000000008004e98      0x288 ./Drivers/STM32F1xx_HAL_Driver/Src/stm32f1xx_hal_i2c.o
                0x0000000008004e98                HAL_I2C_Init
 .text.HAL_I2C_Mem_Write
                0x0000000008005120      0x1f4 ./Drivers/STM32F1xx_HAL_Driver/Src/stm32f1xx_hal_i2c.o
                0x0000000008005120                HAL_I2C_Mem_Write
 .text.HAL_I2C_Mem_Read
                0x0000000008005314      0x4d0 ./Drivers/STM32F1xx_HAL_Driver/Src/stm32f1xx_hal_i2c.o
                0x0000000008005314                HAL_I2C_Mem_Read
 .text.I2C_RequestMemoryWrite
                0x00000000080057e4      0x12c ./Drivers/STM32F1xx_HAL_Driver/Src/stm32f1xx_hal_i2c.o
 .text.I2C_RequestMemoryRead
                0x0000000008005910      0x1d0 ./Drivers/STM32F1xx_HAL_Driver/Src/stm32f1xx_hal_i2c.o
 .text.I2C_WaitOnFlagUntilTimeout
                0x0000000008005ae0       0xae ./Drivers/STM32F1xx_HAL_Driver/Src/stm32f1xx_hal_i2c.o
 .text.I2C_WaitOnMasterAddressFlagUntilTimeout
                0x0000000008005b8e       0xfe ./Drivers/STM32F1xx_HAL_Driver/Src/stm32f1xx_hal_i2c.o
 .text.I2C_WaitOnTXEFlagUntilTimeout
                0x0000000008005c8c       0x82 ./Drivers/STM32F1xx_HAL_Driver/Src/stm32f1xx_hal_i2c.o
 .text.I2C_WaitOnBTFFlagUntilTimeout
                0x0000000008005d0e       0x82 ./Drivers/STM32F1xx_HAL_Driver/Src/stm32f1xx_hal_i2c.o
 .text.I2C_WaitOnRXNEFlagUntilTimeout
                0x0000000008005d90       0xac ./Drivers/STM32F1xx_HAL_Driver/Src/stm32f1xx_hal_i2c.o
 .text.I2C_IsAcknowledgeFailed
                0x0000000008005e3c       0x5c ./Drivers/STM32F1xx_HAL_Driver/Src/stm32f1xx_hal_i2c.o
 .text.HAL_PCD_Init
                0x0000000008005e98      0x216 ./Drivers/STM32F1xx_HAL_Driver/Src/stm32f1xx_hal_pcd.o
                0x0000000008005e98                HAL_PCD_Init
 .text.HAL_PCD_Start
                0x00000000080060ae       0x4c ./Drivers/STM32F1xx_HAL_Driver/Src/stm32f1xx_hal_pcd.o
                0x00000000080060ae                HAL_PCD_Start
 .text.HAL_PCD_IRQHandler
                0x00000000080060fa      0x2aa ./Drivers/STM32F1xx_HAL_Driver/Src/stm32f1xx_hal_pcd.o
                0x00000000080060fa                HAL_PCD_IRQHandler
 .text.HAL_PCD_SetAddress
                0x00000000080063a4       0x4a ./Drivers/STM32F1xx_HAL_Driver/Src/stm32f1xx_hal_pcd.o
                0x00000000080063a4                HAL_PCD_SetAddress
 .text.HAL_PCD_EP_Open
                0x00000000080063ee       0xcc ./Drivers/STM32F1xx_HAL_Driver/Src/stm32f1xx_hal_pcd.o
                0x00000000080063ee                HAL_PCD_EP_Open
 .text.HAL_PCD_EP_Close
                0x00000000080064ba       0x90 ./Drivers/STM32F1xx_HAL_Driver/Src/stm32f1xx_hal_pcd.o
                0x00000000080064ba                HAL_PCD_EP_Close
 .text.HAL_PCD_EP_Receive
                0x000000000800654a       0x7a ./Drivers/STM32F1xx_HAL_Driver/Src/stm32f1xx_hal_pcd.o
                0x000000000800654a                HAL_PCD_EP_Receive
 .text.HAL_PCD_EP_GetRxCount
                0x00000000080065c4       0x2e ./Drivers/STM32F1xx_HAL_Driver/Src/stm32f1xx_hal_pcd.o
                0x00000000080065c4                HAL_PCD_EP_GetRxCount
 .text.HAL_PCD_EP_Transmit
                0x00000000080065f2       0x86 ./Drivers/STM32F1xx_HAL_Driver/Src/stm32f1xx_hal_pcd.o
                0x00000000080065f2                HAL_PCD_EP_Transmit
 .text.HAL_PCD_EP_SetStall
                0x0000000008006678       0xc0 ./Drivers/STM32F1xx_HAL_Driver/Src/stm32f1xx_hal_pcd.o
                0x0000000008006678                HAL_PCD_EP_SetStall
 .text.HAL_PCD_EP_ClrStall
                0x0000000008006738       0xa8 ./Drivers/STM32F1xx_HAL_Driver/Src/stm32f1xx_hal_pcd.o
                0x0000000008006738                HAL_PCD_EP_ClrStall
 .text.PCD_EP_ISR_Handler
                0x00000000080067e0      0x600 ./Drivers/STM32F1xx_HAL_Driver/Src/stm32f1xx_hal_pcd.o
 .text.HAL_PCD_EP_DB_Receive
                0x0000000008006de0      0x21a ./Drivers/STM32F1xx_HAL_Driver/Src/stm32f1xx_hal_pcd.o
 .text.HAL_PCD_EP_DB_Transmit
                0x0000000008006ffa      0x7a4 ./Drivers/STM32F1xx_HAL_Driver/Src/stm32f1xx_hal_pcd.o
 .text.HAL_PCDEx_PMAConfig
                0x000000000800779e       0x84 ./Drivers/STM32F1xx_HAL_Driver/Src/stm32f1xx_hal_pcd_ex.o
                0x000000000800779e                HAL_PCDEx_PMAConfig
 *fill*         0x0000000008007822        0x2 
 .text.HAL_RCC_OscConfig
                0x0000000008007824      0x500 ./Drivers/STM32F1xx_HAL_Driver/Src/stm32f1xx_hal_rcc.o
                0x0000000008007824                HAL_RCC_OscConfig
 .text.HAL_RCC_ClockConfig
                0x0000000008007d24      0x1d4 ./Drivers/STM32F1xx_HAL_Driver/Src/stm32f1xx_hal_rcc.o
                0x0000000008007d24                HAL_RCC_ClockConfig
 .text.HAL_RCC_GetSysClockFreq
                0x0000000008007ef8       0xc4 ./Drivers/STM32F1xx_HAL_Driver/Src/stm32f1xx_hal_rcc.o
                0x0000000008007ef8                HAL_RCC_GetSysClockFreq
 .text.HAL_RCC_GetHCLKFreq
                0x0000000008007fbc       0x14 ./Drivers/STM32F1xx_HAL_Driver/Src/stm32f1xx_hal_rcc.o
                0x0000000008007fbc                HAL_RCC_GetHCLKFreq
 .text.HAL_RCC_GetPCLK1Freq
                0x0000000008007fd0       0x28 ./Drivers/STM32F1xx_HAL_Driver/Src/stm32f1xx_hal_rcc.o
                0x0000000008007fd0                HAL_RCC_GetPCLK1Freq
 .text.RCC_Delay
                0x0000000008007ff8       0x3c ./Drivers/STM32F1xx_HAL_Driver/Src/stm32f1xx_hal_rcc.o
 .text.HAL_RCCEx_PeriphCLKConfig
                0x0000000008008034      0x16c ./Drivers/STM32F1xx_HAL_Driver/Src/stm32f1xx_hal_rcc_ex.o
                0x0000000008008034                HAL_RCCEx_PeriphCLKConfig
 .text.HAL_SPI_Init
                0x00000000080081a0      0x108 ./Drivers/STM32F1xx_HAL_Driver/Src/stm32f1xx_hal_spi.o
                0x00000000080081a0                HAL_SPI_Init
 .text.HAL_SPI_Transmit
                0x00000000080082a8      0x278 ./Drivers/STM32F1xx_HAL_Driver/Src/stm32f1xx_hal_spi.o
                0x00000000080082a8                HAL_SPI_Transmit
 .text.SPI_WaitFlagStateUntilTimeout
                0x0000000008008520      0x110 ./Drivers/STM32F1xx_HAL_Driver/Src/stm32f1xx_hal_spi.o
 .text.SPI_EndRxTxTransaction
                0x0000000008008630       0x3c ./Drivers/STM32F1xx_HAL_Driver/Src/stm32f1xx_hal_spi.o
 .text.USB_CoreInit
                0x000000000800866c       0x20 ./Drivers/STM32F1xx_HAL_Driver/Src/stm32f1xx_ll_usb.o
                0x000000000800866c                USB_CoreInit
 .text.USB_EnableGlobalInt
                0x000000000800868c       0x2c ./Drivers/STM32F1xx_HAL_Driver/Src/stm32f1xx_ll_usb.o
                0x000000000800868c                USB_EnableGlobalInt
 .text.USB_DisableGlobalInt
                0x00000000080086b8       0x34 ./Drivers/STM32F1xx_HAL_Driver/Src/stm32f1xx_ll_usb.o
                0x00000000080086b8                USB_DisableGlobalInt
 .text.USB_SetCurrentMode
                0x00000000080086ec       0x18 ./Drivers/STM32F1xx_HAL_Driver/Src/stm32f1xx_ll_usb.o
                0x00000000080086ec                USB_SetCurrentMode
 .text.USB_DevInit
                0x0000000008008704       0x40 ./Drivers/STM32F1xx_HAL_Driver/Src/stm32f1xx_ll_usb.o
                0x0000000008008704                USB_DevInit
 .text.USB_ActivateEndpoint
                0x0000000008008744      0x6d4 ./Drivers/STM32F1xx_HAL_Driver/Src/stm32f1xx_ll_usb.o
                0x0000000008008744                USB_ActivateEndpoint
 .text.USB_DeactivateEndpoint
                0x0000000008008e18      0x3d8 ./Drivers/STM32F1xx_HAL_Driver/Src/stm32f1xx_ll_usb.o
                0x0000000008008e18                USB_DeactivateEndpoint
 .text.USB_EPStartXfer
                0x00000000080091f0     0x15ee ./Drivers/STM32F1xx_HAL_Driver/Src/stm32f1xx_ll_usb.o
                0x00000000080091f0                USB_EPStartXfer
 .text.USB_EPSetStall
                0x000000000800a7de       0xa0 ./Drivers/STM32F1xx_HAL_Driver/Src/stm32f1xx_ll_usb.o
                0x000000000800a7de                USB_EPSetStall
 .text.USB_EPClearStall
                0x000000000800a87e      0x15a ./Drivers/STM32F1xx_HAL_Driver/Src/stm32f1xx_ll_usb.o
                0x000000000800a87e                USB_EPClearStall
 .text.USB_SetDevAddress
                0x000000000800a9d8       0x26 ./Drivers/STM32F1xx_HAL_Driver/Src/stm32f1xx_ll_usb.o
                0x000000000800a9d8                USB_SetDevAddress
 .text.USB_DevConnect
                0x000000000800a9fe       0x14 ./Drivers/STM32F1xx_HAL_Driver/Src/stm32f1xx_ll_usb.o
                0x000000000800a9fe                USB_DevConnect
 .text.USB_DevDisconnect
                0x000000000800aa12       0x14 ./Drivers/STM32F1xx_HAL_Driver/Src/stm32f1xx_ll_usb.o
                0x000000000800aa12                USB_DevDisconnect
 .text.USB_ReadInterrupts
                0x000000000800aa26       0x1e ./Drivers/STM32F1xx_HAL_Driver/Src/stm32f1xx_ll_usb.o
                0x000000000800aa26                USB_ReadInterrupts
 .text.USB_EP0_OutStart
                0x000000000800aa44       0x16 ./Drivers/STM32F1xx_HAL_Driver/Src/stm32f1xx_ll_usb.o
                0x000000000800aa44                USB_EP0_OutStart
 .text.USB_WritePMA
                0x000000000800aa5a       0x8a ./Drivers/STM32F1xx_HAL_Driver/Src/stm32f1xx_ll_usb.o
                0x000000000800aa5a                USB_WritePMA
 .text.USB_ReadPMA
                0x000000000800aae4       0x9e ./Drivers/STM32F1xx_HAL_Driver/Src/stm32f1xx_ll_usb.o
                0x000000000800aae4                USB_ReadPMA
 .text.USBD_CDC_Init
                0x000000000800ab82       0xf4 ./Middlewares/ST/STM32_USB_Device_Library/Class/CDC/Src/usbd_cdc.o
 .text.USBD_CDC_DeInit
                0x000000000800ac76       0x6e ./Middlewares/ST/STM32_USB_Device_Library/Class/CDC/Src/usbd_cdc.o
 .text.USBD_CDC_Setup
                0x000000000800ace4      0x146 ./Middlewares/ST/STM32_USB_Device_Library/Class/CDC/Src/usbd_cdc.o
 .text.USBD_CDC_DataIn
                0x000000000800ae2a       0xa6 ./Middlewares/ST/STM32_USB_Device_Library/Class/CDC/Src/usbd_cdc.o
 .text.USBD_CDC_DataOut
                0x000000000800aed0       0x56 ./Middlewares/ST/STM32_USB_Device_Library/Class/CDC/Src/usbd_cdc.o
 .text.USBD_CDC_EP0_RxReady
                0x000000000800af26       0x50 ./Middlewares/ST/STM32_USB_Device_Library/Class/CDC/Src/usbd_cdc.o
 *fill*         0x000000000800af76        0x2 
 .text.USBD_CDC_GetFSCfgDesc
                0x000000000800af78       0x20 ./Middlewares/ST/STM32_USB_Device_Library/Class/CDC/Src/usbd_cdc.o
 .text.USBD_CDC_GetHSCfgDesc
                0x000000000800af98       0x20 ./Middlewares/ST/STM32_USB_Device_Library/Class/CDC/Src/usbd_cdc.o
 .text.USBD_CDC_GetOtherSpeedCfgDesc
                0x000000000800afb8       0x20 ./Middlewares/ST/STM32_USB_Device_Library/Class/CDC/Src/usbd_cdc.o
 .text.USBD_CDC_GetDeviceQualifierDescriptor
                0x000000000800afd8       0x20 ./Middlewares/ST/STM32_USB_Device_Library/Class/CDC/Src/usbd_cdc.o
                0x000000000800afd8                USBD_CDC_GetDeviceQualifierDescriptor
 .text.USBD_CDC_RegisterInterface
                0x000000000800aff8       0x2c ./Middlewares/ST/STM32_USB_Device_Library/Class/CDC/Src/usbd_cdc.o
                0x000000000800aff8                USBD_CDC_RegisterInterface
 .text.USBD_CDC_SetTxBuffer
                0x000000000800b024       0x32 ./Middlewares/ST/STM32_USB_Device_Library/Class/CDC/Src/usbd_cdc.o
                0x000000000800b024                USBD_CDC_SetTxBuffer
 .text.USBD_CDC_SetRxBuffer
                0x000000000800b056       0x26 ./Middlewares/ST/STM32_USB_Device_Library/Class/CDC/Src/usbd_cdc.o
                0x000000000800b056                USBD_CDC_SetRxBuffer
 .text.USBD_CDC_TransmitPacket
                0x000000000800b07c       0x5e ./Middlewares/ST/STM32_USB_Device_Library/Class/CDC/Src/usbd_cdc.o
                0x000000000800b07c                USBD_CDC_TransmitPacket
 .text.USBD_CDC_ReceivePacket
                0x000000000800b0da       0x54 ./Middlewares/ST/STM32_USB_Device_Library/Class/CDC/Src/usbd_cdc.o
                0x000000000800b0da                USBD_CDC_ReceivePacket
 .text.USBD_Init
                0x000000000800b12e       0x56 ./Middlewares/ST/STM32_USB_Device_Library/Core/Src/usbd_core.o
                0x000000000800b12e                USBD_Init
 .text.USBD_RegisterClass
                0x000000000800b184       0x32 ./Middlewares/ST/STM32_USB_Device_Library/Core/Src/usbd_core.o
                0x000000000800b184                USBD_RegisterClass
 .text.USBD_Start
                0x000000000800b1b6       0x18 ./Middlewares/ST/STM32_USB_Device_Library/Core/Src/usbd_core.o
                0x000000000800b1b6                USBD_Start
 .text.USBD_RunTestMode
                0x000000000800b1ce       0x14 ./Middlewares/ST/STM32_USB_Device_Library/Core/Src/usbd_core.o
                0x000000000800b1ce                USBD_RunTestMode
 .text.USBD_SetClassConfig
                0x000000000800b1e2       0x3e ./Middlewares/ST/STM32_USB_Device_Library/Core/Src/usbd_core.o
                0x000000000800b1e2                USBD_SetClassConfig
 .text.USBD_ClrClassConfig
                0x000000000800b220       0x26 ./Middlewares/ST/STM32_USB_Device_Library/Core/Src/usbd_core.o
                0x000000000800b220                USBD_ClrClassConfig
 .text.USBD_LL_SetupStage
                0x000000000800b246       0x9a ./Middlewares/ST/STM32_USB_Device_Library/Core/Src/usbd_core.o
                0x000000000800b246                USBD_LL_SetupStage
 .text.USBD_LL_DataOutStage
                0x000000000800b2e0       0xe2 ./Middlewares/ST/STM32_USB_Device_Library/Core/Src/usbd_core.o
                0x000000000800b2e0                USBD_LL_DataOutStage
 .text.USBD_LL_DataInStage
                0x000000000800b3c2      0x14a ./Middlewares/ST/STM32_USB_Device_Library/Core/Src/usbd_core.o
                0x000000000800b3c2                USBD_LL_DataInStage
 .text.USBD_LL_Reset
                0x000000000800b50c       0x82 ./Middlewares/ST/STM32_USB_Device_Library/Core/Src/usbd_core.o
                0x000000000800b50c                USBD_LL_Reset
 .text.USBD_LL_SetSpeed
                0x000000000800b58e       0x1e ./Middlewares/ST/STM32_USB_Device_Library/Core/Src/usbd_core.o
                0x000000000800b58e                USBD_LL_SetSpeed
 .text.USBD_LL_Suspend
                0x000000000800b5ac       0x28 ./Middlewares/ST/STM32_USB_Device_Library/Core/Src/usbd_core.o
                0x000000000800b5ac                USBD_LL_Suspend
 .text.USBD_LL_Resume
                0x000000000800b5d4       0x2a ./Middlewares/ST/STM32_USB_Device_Library/Core/Src/usbd_core.o
                0x000000000800b5d4                USBD_LL_Resume
 .text.USBD_LL_SOF
                0x000000000800b5fe       0x34 ./Middlewares/ST/STM32_USB_Device_Library/Core/Src/usbd_core.o
                0x000000000800b5fe                USBD_LL_SOF
 *fill*         0x000000000800b632        0x2 
 .text.USBD_StdDevReq
                0x000000000800b634       0xd4 ./Middlewares/ST/STM32_USB_Device_Library/Core/Src/usbd_ctlreq.o
                0x000000000800b634                USBD_StdDevReq
 .text.USBD_StdItfReq
                0x000000000800b708       0x90 ./Middlewares/ST/STM32_USB_Device_Library/Core/Src/usbd_ctlreq.o
                0x000000000800b708                USBD_StdItfReq
 .text.USBD_StdEPReq
                0x000000000800b798      0x2c6 ./Middlewares/ST/STM32_USB_Device_Library/Core/Src/usbd_ctlreq.o
                0x000000000800b798                USBD_StdEPReq
 *fill*         0x000000000800ba5e        0x2 
 .text.USBD_GetDescriptor
                0x000000000800ba60      0x2d0 ./Middlewares/ST/STM32_USB_Device_Library/Core/Src/usbd_ctlreq.o
 .text.USBD_SetAddress
                0x000000000800bd30       0x86 ./Middlewares/ST/STM32_USB_Device_Library/Core/Src/usbd_ctlreq.o
 *fill*         0x000000000800bdb6        0x2 
 .text.USBD_SetConfig
                0x000000000800bdb8      0x11c ./Middlewares/ST/STM32_USB_Device_Library/Core/Src/usbd_ctlreq.o
 .text.USBD_GetConfig
                0x000000000800bed4       0x6a ./Middlewares/ST/STM32_USB_Device_Library/Core/Src/usbd_ctlreq.o
 .text.USBD_GetStatus
                0x000000000800bf3e       0x66 ./Middlewares/ST/STM32_USB_Device_Library/Core/Src/usbd_ctlreq.o
 .text.USBD_SetFeature
                0x000000000800bfa4       0x28 ./Middlewares/ST/STM32_USB_Device_Library/Core/Src/usbd_ctlreq.o
 .text.USBD_ClrFeature
                0x000000000800bfcc       0x42 ./Middlewares/ST/STM32_USB_Device_Library/Core/Src/usbd_ctlreq.o
 .text.USBD_ParseSetupRequest
                0x000000000800c00e       0x78 ./Middlewares/ST/STM32_USB_Device_Library/Core/Src/usbd_ctlreq.o
                0x000000000800c00e                USBD_ParseSetupRequest
 .text.USBD_CtlError
                0x000000000800c086       0x22 ./Middlewares/ST/STM32_USB_Device_Library/Core/Src/usbd_ctlreq.o
                0x000000000800c086                USBD_CtlError
 .text.USBD_GetString
                0x000000000800c0a8       0x84 ./Middlewares/ST/STM32_USB_Device_Library/Core/Src/usbd_ctlreq.o
                0x000000000800c0a8                USBD_GetString
 .text.USBD_GetLen
                0x000000000800c12c       0x2e ./Middlewares/ST/STM32_USB_Device_Library/Core/Src/usbd_ctlreq.o
 .text.USBD_CtlSendData
                0x000000000800c15a       0x38 ./Middlewares/ST/STM32_USB_Device_Library/Core/Src/usbd_ioreq.o
                0x000000000800c15a                USBD_CtlSendData
 .text.USBD_CtlContinueSendData
                0x000000000800c192       0x24 ./Middlewares/ST/STM32_USB_Device_Library/Core/Src/usbd_ioreq.o
                0x000000000800c192                USBD_CtlContinueSendData
 .text.USBD_CtlPrepareRx
                0x000000000800c1b6       0x3c ./Middlewares/ST/STM32_USB_Device_Library/Core/Src/usbd_ioreq.o
                0x000000000800c1b6                USBD_CtlPrepareRx
 .text.USBD_CtlContinueRx
                0x000000000800c1f2       0x24 ./Middlewares/ST/STM32_USB_Device_Library/Core/Src/usbd_ioreq.o
                0x000000000800c1f2                USBD_CtlContinueRx
 .text.USBD_CtlSendStatus
                0x000000000800c216       0x26 ./Middlewares/ST/STM32_USB_Device_Library/Core/Src/usbd_ioreq.o
                0x000000000800c216                USBD_CtlSendStatus
 .text.USBD_CtlReceiveStatus
                0x000000000800c23c       0x26 ./Middlewares/ST/STM32_USB_Device_Library/Core/Src/usbd_ioreq.o
                0x000000000800c23c                USBD_CtlReceiveStatus
 *fill*         0x000000000800c262        0x2 
 .text.MX_USB_DEVICE_Init
                0x000000000800c264       0x60 ./USB_DEVICE/App/usb_device.o
                0x000000000800c264                MX_USB_DEVICE_Init
 .text.CDC_Init_FS
                0x000000000800c2c4       0x28 ./USB_DEVICE/App/usbd_cdc_if.o
 .text.CDC_DeInit_FS
                0x000000000800c2ec        0xe ./USB_DEVICE/App/usbd_cdc_if.o
 *fill*         0x000000000800c2fa        0x2 
 .text.CDC_Control_FS
                0x000000000800c2fc       0xbc ./USB_DEVICE/App/usbd_cdc_if.o
 .text.CDC_Receive_FS
                0x000000000800c3b8       0x4c ./USB_DEVICE/App/usbd_cdc_if.o
 .text.CDC_Transmit_FS
                0x000000000800c404       0x4c ./USB_DEVICE/App/usbd_cdc_if.o
                0x000000000800c404                CDC_Transmit_FS
 .text.USBD_FS_DeviceDescriptor
                0x000000000800c450       0x24 ./USB_DEVICE/App/usbd_desc.o
                0x000000000800c450                USBD_FS_DeviceDescriptor
 .text.USBD_FS_LangIDStrDescriptor
                0x000000000800c474       0x24 ./USB_DEVICE/App/usbd_desc.o
                0x000000000800c474                USBD_FS_LangIDStrDescriptor
 .text.USBD_FS_ProductStrDescriptor
                0x000000000800c498       0x3c ./USB_DEVICE/App/usbd_desc.o
                0x000000000800c498                USBD_FS_ProductStrDescriptor
 .text.USBD_FS_ManufacturerStrDescriptor
                0x000000000800c4d4       0x28 ./USB_DEVICE/App/usbd_desc.o
                0x000000000800c4d4                USBD_FS_ManufacturerStrDescriptor
 .text.USBD_FS_SerialStrDescriptor
                0x000000000800c4fc       0x24 ./USB_DEVICE/App/usbd_desc.o
                0x000000000800c4fc                USBD_FS_SerialStrDescriptor
 .text.USBD_FS_ConfigStrDescriptor
                0x000000000800c520       0x3c ./USB_DEVICE/App/usbd_desc.o
                0x000000000800c520                USBD_FS_ConfigStrDescriptor
 .text.USBD_FS_InterfaceStrDescriptor
                0x000000000800c55c       0x3c ./USB_DEVICE/App/usbd_desc.o
                0x000000000800c55c                USBD_FS_InterfaceStrDescriptor
 .text.Get_SerialNum
                0x000000000800c598       0x58 ./USB_DEVICE/App/usbd_desc.o
 .text.IntToUnicode
                0x000000000800c5f0       0x7c ./USB_DEVICE/App/usbd_desc.o
 .text.HAL_PCD_MspInit
                0x000000000800c66c       0x4c ./USB_DEVICE/Target/usbd_conf.o
                0x000000000800c66c                HAL_PCD_MspInit
 .text.HAL_PCD_SetupStageCallback
                0x000000000800c6b8       0x24 ./USB_DEVICE/Target/usbd_conf.o
                0x000000000800c6b8                HAL_PCD_SetupStageCallback
 .text.HAL_PCD_DataOutStageCallback
                0x000000000800c6dc       0x36 ./USB_DEVICE/Target/usbd_conf.o
                0x000000000800c6dc                HAL_PCD_DataOutStageCallback
 .text.HAL_PCD_DataInStageCallback
                0x000000000800c712       0x34 ./USB_DEVICE/Target/usbd_conf.o
                0x000000000800c712                HAL_PCD_DataInStageCallback
 .text.HAL_PCD_SOFCallback
                0x000000000800c746       0x1c ./USB_DEVICE/Target/usbd_conf.o
                0x000000000800c746                HAL_PCD_SOFCallback
 .text.HAL_PCD_ResetCallback
                0x000000000800c762       0x3c ./USB_DEVICE/Target/usbd_conf.o
                0x000000000800c762                HAL_PCD_ResetCallback
 *fill*         0x000000000800c79e        0x2 
 .text.HAL_PCD_SuspendCallback
                0x000000000800c7a0       0x34 ./USB_DEVICE/Target/usbd_conf.o
                0x000000000800c7a0                HAL_PCD_SuspendCallback
 .text.HAL_PCD_ResumeCallback
                0x000000000800c7d4       0x1c ./USB_DEVICE/Target/usbd_conf.o
                0x000000000800c7d4                HAL_PCD_ResumeCallback
 .text.USBD_LL_Init
                0x000000000800c7f0       0xb4 ./USB_DEVICE/Target/usbd_conf.o
                0x000000000800c7f0                USBD_LL_Init
 .text.USBD_LL_Start
                0x000000000800c8a4       0x36 ./USB_DEVICE/Target/usbd_conf.o
                0x000000000800c8a4                USBD_LL_Start
 .text.USBD_LL_OpenEP
                0x000000000800c8da       0x4c ./USB_DEVICE/Target/usbd_conf.o
                0x000000000800c8da                USBD_LL_OpenEP
 .text.USBD_LL_CloseEP
                0x000000000800c926       0x3e ./USB_DEVICE/Target/usbd_conf.o
                0x000000000800c926                USBD_LL_CloseEP
 .text.USBD_LL_StallEP
                0x000000000800c964       0x3e ./USB_DEVICE/Target/usbd_conf.o
                0x000000000800c964                USBD_LL_StallEP
 .text.USBD_LL_ClearStallEP
                0x000000000800c9a2       0x3e ./USB_DEVICE/Target/usbd_conf.o
                0x000000000800c9a2                USBD_LL_ClearStallEP
 .text.USBD_LL_IsStallEP
                0x000000000800c9e0       0x58 ./USB_DEVICE/Target/usbd_conf.o
                0x000000000800c9e0                USBD_LL_IsStallEP
 .text.USBD_LL_SetUSBAddress
                0x000000000800ca38       0x3e ./USB_DEVICE/Target/usbd_conf.o
                0x000000000800ca38                USBD_LL_SetUSBAddress
 .text.USBD_LL_Transmit
                0x000000000800ca76       0x46 ./USB_DEVICE/Target/usbd_conf.o
                0x000000000800ca76                USBD_LL_Transmit
 .text.USBD_LL_PrepareReceive
                0x000000000800cabc       0x46 ./USB_DEVICE/Target/usbd_conf.o
                0x000000000800cabc                USBD_LL_PrepareReceive
 .text.USBD_LL_GetRxDataSize
                0x000000000800cb02       0x26 ./USB_DEVICE/Target/usbd_conf.o
                0x000000000800cb02                USBD_LL_GetRxDataSize
 .text.USBD_static_malloc
                0x000000000800cb28       0x18 ./USB_DEVICE/Target/usbd_conf.o
                0x000000000800cb28                USBD_static_malloc
 .text.USBD_static_free
                0x000000000800cb40       0x12 ./USB_DEVICE/Target/usbd_conf.o
                0x000000000800cb40                USBD_static_free
 .text.HAL_PCDEx_SetConnectionState
                0x000000000800cb52       0x16 ./USB_DEVICE/Target/usbd_conf.o
                0x000000000800cb52                HAL_PCDEx_SetConnectionState
 .text.USBD_Get_USB_Status
                0x000000000800cb68       0x58 ./USB_DEVICE/Target/usbd_conf.o
 .text.__errno  0x000000000800cbc0        0xc c:/st/stm32cubeide_1.5.1/stm32cubeide/plugins/com.st.stm32cube.ide.mcu.externaltools.gnu-tools-for-stm32.9-2020-q2-update.win32_2.0.0.202105311346/tools/bin/../lib/gcc/arm-none-eabi/9.3.1/../../../../arm-none-eabi/lib/thumb/v7-m/nofp\libc_nano.a(lib_a-errno.o)
                0x000000000800cbc0                __errno
 .text.__libc_init_array
                0x000000000800cbcc       0x48 c:/st/stm32cubeide_1.5.1/stm32cubeide/plugins/com.st.stm32cube.ide.mcu.externaltools.gnu-tools-for-stm32.9-2020-q2-update.win32_2.0.0.202105311346/tools/bin/../lib/gcc/arm-none-eabi/9.3.1/../../../../arm-none-eabi/lib/thumb/v7-m/nofp\libc_nano.a(lib_a-init.o)
                0x000000000800cbcc                __libc_init_array
 .text.memcpy   0x000000000800cc14       0x1c c:/st/stm32cubeide_1.5.1/stm32cubeide/plugins/com.st.stm32cube.ide.mcu.externaltools.gnu-tools-for-stm32.9-2020-q2-update.win32_2.0.0.202105311346/tools/bin/../lib/gcc/arm-none-eabi/9.3.1/../../../../arm-none-eabi/lib/thumb/v7-m/nofp\libc_nano.a(lib_a-memcpy-stub.o)
                0x000000000800cc14                memcpy
 .text.memmove  0x000000000800cc30       0x34 c:/st/stm32cubeide_1.5.1/stm32cubeide/plugins/com.st.stm32cube.ide.mcu.externaltools.gnu-tools-for-stm32.9-2020-q2-update.win32_2.0.0.202105311346/tools/bin/../lib/gcc/arm-none-eabi/9.3.1/../../../../arm-none-eabi/lib/thumb/v7-m/nofp\libc_nano.a(lib_a-memmove.o)
                0x000000000800cc30                memmove
 .text.memset   0x000000000800cc64       0x10 c:/st/stm32cubeide_1.5.1/stm32cubeide/plugins/com.st.stm32cube.ide.mcu.externaltools.gnu-tools-for-stm32.9-2020-q2-update.win32_2.0.0.202105311346/tools/bin/../lib/gcc/arm-none-eabi/9.3.1/../../../../arm-none-eabi/lib/thumb/v7-m/nofp\libc_nano.a(lib_a-memset.o)
                0x000000000800cc64                memset
 .text.snprintf
                0x000000000800cc74       0x68 c:/st/stm32cubeide_1.5.1/stm32cubeide/plugins/com.st.stm32cube.ide.mcu.externaltools.gnu-tools-for-stm32.9-2020-q2-update.win32_2.0.0.202105311346/tools/bin/../lib/gcc/arm-none-eabi/9.3.1/../../../../arm-none-eabi/lib/thumb/v7-m/nofp\libc_nano.a(lib_a-snprintf.o)
                0x000000000800cc74                sniprintf
                0x000000000800cc74                snprintf
 .text.strcat   0x000000000800ccdc       0x1e c:/st/stm32cubeide_1.5.1/stm32cubeide/plugins/com.st.stm32cube.ide.mcu.externaltools.gnu-tools-for-stm32.9-2020-q2-update.win32_2.0.0.202105311346/tools/bin/../lib/gcc/arm-none-eabi/9.3.1/../../../../arm-none-eabi/lib/thumb/v7-m/nofp\libc_nano.a(lib_a-strcat.o)
                0x000000000800ccdc                strcat
 .text.strcpy   0x000000000800ccfa       0x10 c:/st/stm32cubeide_1.5.1/stm32cubeide/plugins/com.st.stm32cube.ide.mcu.externaltools.gnu-tools-for-stm32.9-2020-q2-update.win32_2.0.0.202105311346/tools/bin/../lib/gcc/arm-none-eabi/9.3.1/../../../../arm-none-eabi/lib/thumb/v7-m/nofp\libc_nano.a(lib_a-strcpy.o)
                0x000000000800ccfa                strcpy
 .text.strstr   0x000000000800cd0a       0x2e c:/st/stm32cubeide_1.5.1/stm32cubeide/plugins/com.st.stm32cube.ide.mcu.externaltools.gnu-tools-for-stm32.9-2020-q2-update.win32_2.0.0.202105311346/tools/bin/../lib/gcc/arm-none-eabi/9.3.1/../../../../arm-none-eabi/lib/thumb/v7-m/nofp\libc_nano.a(lib_a-strstr.o)
                0x000000000800cd0a                strstr
 .text.__ssputs_r
                0x000000000800cd38       0xb6 c:/st/stm32cubeide_1.5.1/stm32cubeide/plugins/com.st.stm32cube.ide.mcu.externaltools.gnu-tools-for-stm32.9-2020-q2-update.win32_2.0.0.202105311346/tools/bin/../lib/gcc/arm-none-eabi/9.3.1/../../../../arm-none-eabi/lib/thumb/v7-m/nofp\libc_nano.a(lib_a-nano-svfprintf.o)
                0x000000000800cd38                __ssputs_r
 *fill*         0x000000000800cdee        0x2 
 .text._svfprintf_r
                0x000000000800cdf0      0x200 c:/st/stm32cubeide_1.5.1/stm32cubeide/plugins/com.st.stm32cube.ide.mcu.externaltools.gnu-tools-for-stm32.9-2020-q2-update.win32_2.0.0.202105311346/tools/bin/../lib/gcc/arm-none-eabi/9.3.1/../../../../arm-none-eabi/lib/thumb/v7-m/nofp\libc_nano.a(lib_a-nano-svfprintf.o)
                0x000000000800cdf0                _svfiprintf_r
                0x000000000800cdf0                _svfprintf_r
 .text._printf_common
                0x000000000800cff0       0xde c:/st/stm32cubeide_1.5.1/stm32cubeide/plugins/com.st.stm32cube.ide.mcu.externaltools.gnu-tools-for-stm32.9-2020-q2-update.win32_2.0.0.202105311346/tools/bin/../lib/gcc/arm-none-eabi/9.3.1/../../../../arm-none-eabi/lib/thumb/v7-m/nofp\libc_nano.a(lib_a-nano-vfprintf_i.o)
                0x000000000800cff0                _printf_common
 *fill*         0x000000000800d0ce        0x2 
 .text._printf_i
                0x000000000800d0d0      0x24c c:/st/stm32cubeide_1.5.1/stm32cubeide/plugins/com.st.stm32cube.ide.mcu.externaltools.gnu-tools-for-stm32.9-2020-q2-update.win32_2.0.0.202105311346/tools/bin/../lib/gcc/arm-none-eabi/9.3.1/../../../../arm-none-eabi/lib/thumb/v7-m/nofp\libc_nano.a(lib_a-nano-vfprintf_i.o)
                0x000000000800d0d0                _printf_i
 .text.memchr   0x000000000800d31c       0x1c c:/st/stm32cubeide_1.5.1/stm32cubeide/plugins/com.st.stm32cube.ide.mcu.externaltools.gnu-tools-for-stm32.9-2020-q2-update.win32_2.0.0.202105311346/tools/bin/../lib/gcc/arm-none-eabi/9.3.1/../../../../arm-none-eabi/lib/thumb/v7-m/nofp\libc_nano.a(lib_a-memchr-stub.o)
                0x000000000800d31c                memchr
 .text._free_r  0x000000000800d338       0x98 c:/st/stm32cubeide_1.5.1/stm32cubeide/plugins/com.st.stm32cube.ide.mcu.externaltools.gnu-tools-for-stm32.9-2020-q2-update.win32_2.0.0.202105311346/tools/bin/../lib/gcc/arm-none-eabi/9.3.1/../../../../arm-none-eabi/lib/thumb/v7-m/nofp\libc_nano.a(lib_a-nano-freer.o)
                0x000000000800d338                _free_r
 .text._malloc_r
                0x000000000800d3d0       0xb4 c:/st/stm32cubeide_1.5.1/stm32cubeide/plugins/com.st.stm32cube.ide.mcu.externaltools.gnu-tools-for-stm32.9-2020-q2-update.win32_2.0.0.202105311346/tools/bin/../lib/gcc/arm-none-eabi/9.3.1/../../../../arm-none-eabi/lib/thumb/v7-m/nofp\libc_nano.a(lib_a-nano-mallocr.o)
                0x000000000800d3d0                _malloc_r
 .text._realloc_r
                0x000000000800d484       0x4c c:/st/stm32cubeide_1.5.1/stm32cubeide/plugins/com.st.stm32cube.ide.mcu.externaltools.gnu-tools-for-stm32.9-2020-q2-update.win32_2.0.0.202105311346/tools/bin/../lib/gcc/arm-none-eabi/9.3.1/../../../../arm-none-eabi/lib/thumb/v7-m/nofp\libc_nano.a(lib_a-nano-reallocr.o)
                0x000000000800d484                _realloc_r
 .text._sbrk_r  0x000000000800d4d0       0x20 c:/st/stm32cubeide_1.5.1/stm32cubeide/plugins/com.st.stm32cube.ide.mcu.externaltools.gnu-tools-for-stm32.9-2020-q2-update.win32_2.0.0.202105311346/tools/bin/../lib/gcc/arm-none-eabi/9.3.1/../../../../arm-none-eabi/lib/thumb/v7-m/nofp\libc_nano.a(lib_a-sbrkr.o)
                0x000000000800d4d0                _sbrk_r
 .text.__malloc_lock
                0x000000000800d4f0        0xc c:/st/stm32cubeide_1.5.1/stm32cubeide/plugins/com.st.stm32cube.ide.mcu.externaltools.gnu-tools-for-stm32.9-2020-q2-update.win32_2.0.0.202105311346/tools/bin/../lib/gcc/arm-none-eabi/9.3.1/../../../../arm-none-eabi/lib/thumb/v7-m/nofp\libc_nano.a(lib_a-mlock.o)
                0x000000000800d4f0                __malloc_lock
 .text.__malloc_unlock
                0x000000000800d4fc        0xc c:/st/stm32cubeide_1.5.1/stm32cubeide/plugins/com.st.stm32cube.ide.mcu.externaltools.gnu-tools-for-stm32.9-2020-q2-update.win32_2.0.0.202105311346/tools/bin/../lib/gcc/arm-none-eabi/9.3.1/../../../../arm-none-eabi/lib/thumb/v7-m/nofp\libc_nano.a(lib_a-mlock.o)
                0x000000000800d4fc                __malloc_unlock
 .text._malloc_usable_size_r
                0x000000000800d508       0x10 c:/st/stm32cubeide_1.5.1/stm32cubeide/plugins/com.st.stm32cube.ide.mcu.externaltools.gnu-tools-for-stm32.9-2020-q2-update.win32_2.0.0.202105311346/tools/bin/../lib/gcc/arm-none-eabi/9.3.1/../../../../arm-none-eabi/lib/thumb/v7-m/nofp\libc_nano.a(lib_a-nano-msizer.o)
                0x000000000800d508                _malloc_usable_size_r
 .text.__retarget_lock_acquire_recursive
                0x000000000800d518        0x2 c:/st/stm32cubeide_1.5.1/stm32cubeide/plugins/com.st.stm32cube.ide.mcu.externaltools.gnu-tools-for-stm32.9-2020-q2-update.win32_2.0.0.202105311346/tools/bin/../lib/gcc/arm-none-eabi/9.3.1/../../../../arm-none-eabi/lib/thumb/v7-m/nofp\libc_nano.a(lib_a-lock.o)
                0x000000000800d518                __retarget_lock_acquire_recursive
 .text.__retarget_lock_release_recursive
                0x000000000800d51a        0x2 c:/st/stm32cubeide_1.5.1/stm32cubeide/plugins/com.st.stm32cube.ide.mcu.externaltools.gnu-tools-for-stm32.9-2020-q2-update.win32_2.0.0.202105311346/tools/bin/../lib/gcc/arm-none-eabi/9.3.1/../../../../arm-none-eabi/lib/thumb/v7-m/nofp\libc_nano.a(lib_a-lock.o)
                0x000000000800d51a                __retarget_lock_release_recursive
 *(.glue_7)
 .glue_7        0x000000000800d51c        0x0 linker stubs
 *(.glue_7t)
 .glue_7t       0x000000000800d51c        0x0 linker stubs
 *(.eh_frame)
 .eh_frame      0x000000000800d51c        0x0 c:/st/stm32cubeide_1.5.1/stm32cubeide/plugins/com.st.stm32cube.ide.mcu.externaltools.gnu-tools-for-stm32.9-2020-q2-update.win32_2.0.0.202105311346/tools/bin/../lib/gcc/arm-none-eabi/9.3.1/thumb/v7-m/nofp/crtbegin.o
 *(.init)
 .init          0x000000000800d51c        0x4 c:/st/stm32cubeide_1.5.1/stm32cubeide/plugins/com.st.stm32cube.ide.mcu.externaltools.gnu-tools-for-stm32.9-2020-q2-update.win32_2.0.0.202105311346/tools/bin/../lib/gcc/arm-none-eabi/9.3.1/thumb/v7-m/nofp/crti.o
                0x000000000800d51c                _init
 .init          0x000000000800d520        0x8 c:/st/stm32cubeide_1.5.1/stm32cubeide/plugins/com.st.stm32cube.ide.mcu.externaltools.gnu-tools-for-stm32.9-2020-q2-update.win32_2.0.0.202105311346/tools/bin/../lib/gcc/arm-none-eabi/9.3.1/thumb/v7-m/nofp/crtn.o
 *(.fini)
 .fini          0x000000000800d528        0x4 c:/st/stm32cubeide_1.5.1/stm32cubeide/plugins/com.st.stm32cube.ide.mcu.externaltools.gnu-tools-for-stm32.9-2020-q2-update.win32_2.0.0.202105311346/tools/bin/../lib/gcc/arm-none-eabi/9.3.1/thumb/v7-m/nofp/crti.o
                0x000000000800d528                _fini
 .fini          0x000000000800d52c        0x8 c:/st/stm32cubeide_1.5.1/stm32cubeide/plugins/com.st.stm32cube.ide.mcu.externaltools.gnu-tools-for-stm32.9-2020-q2-update.win32_2.0.0.202105311346/tools/bin/../lib/gcc/arm-none-eabi/9.3.1/thumb/v7-m/nofp/crtn.o
                0x000000000800d534                . = ALIGN (0x4)
                0x000000000800d534                _etext = .

.vfp11_veneer   0x000000000800d534        0x0
 .vfp11_veneer  0x000000000800d534        0x0 linker stubs

.v4_bx          0x000000000800d534        0x0
 .v4_bx         0x000000000800d534        0x0 linker stubs

.iplt           0x000000000800d534        0x0
 .iplt          0x000000000800d534        0x0 c:/st/stm32cubeide_1.5.1/stm32cubeide/plugins/com.st.stm32cube.ide.mcu.externaltools.gnu-tools-for-stm32.9-2020-q2-update.win32_2.0.0.202105311346/tools/bin/../lib/gcc/arm-none-eabi/9.3.1/thumb/v7-m/nofp/crtbegin.o

.rodata         0x000000000800d534      0x7b4
                0x000000000800d534                . = ALIGN (0x4)
 *(.rodata)
 .rodata        0x000000000800d534        0x6 ./Core/Src/bme280.o
 *fill*         0x000000000800d53a        0x2 
 .rodata        0x000000000800d53c       0x67 ./Core/Src/main.o
 *fill*         0x000000000800d5a3        0x1 
 .rodata        0x000000000800d5a4       0x4e ./Core/Src/microrl.o
 *fill*         0x000000000800d5f2        0x2 
 .rodata        0x000000000800d5f4      0x111 ./Core/Src/microrl_cmd.o
 *fill*         0x000000000800d705        0x3 
 .rodata        0x000000000800d708       0x10 ./Drivers/STM32F1xx_HAL_Driver/Src/stm32f1xx_hal_rcc.o
 .rodata        0x000000000800d718       0x46 ./USB_DEVICE/App/usbd_desc.o
 *(.rodata*)
 *fill*         0x000000000800d75e        0x2 
 .rodata.microrl_actions
                0x000000000800d760      0x370 ./Core/Src/microrl_cmd.o
                0x000000000800d760                microrl_actions
 .rodata.microrl_color_lookup
                0x000000000800dad0       0xbb ./Core/Src/microrl_cmd.o
                0x000000000800dad0                microrl_color_lookup
 *fill*         0x000000000800db8b        0x1 
 .rodata.microrl_help_color
                0x000000000800db8c        0x4 ./Core/Src/microrl_cmd.o
                0x000000000800db8c                microrl_help_color
 .rodata.AHBPrescTable
                0x000000000800db90       0x10 ./Core/Src/system_stm32f1xx.o
                0x000000000800db90                AHBPrescTable
 .rodata.APBPrescTable
                0x000000000800dba0        0x8 ./Core/Src/system_stm32f1xx.o
                0x000000000800dba0                APBPrescTable
 .rodata.vfd_digits
                0x000000000800dba8       0x14 ./Core/Src/vfd.o
                0x000000000800dba8                vfd_digits
 .rodata.vfd_alpha
                0x000000000800dbbc       0x34 ./Core/Src/vfd.o
                0x000000000800dbbc                vfd_alpha
 .rodata.vfd_alpha_ru
                0x000000000800dbf0       0x40 ./Core/Src/vfd.o
                0x000000000800dbf0                vfd_alpha_ru
 .rodata.vfd_special
                0x000000000800dc30       0x34 ./Core/Src/vfd.o
                0x000000000800dc30                vfd_special
 .rodata.vfd_special_char
                0x000000000800dc64       0x1a ./Core/Src/vfd.o
                0x000000000800dc64                vfd_special_char
 *fill*         0x000000000800dc7e        0x2 
 .rodata.vfd_symbols
                0x000000000800dc80       0x32 ./Core/Src/vfd.o
                0x000000000800dc80                vfd_symbols
 .rodata._svfprintf_r.str1.1
                0x000000000800dcb2       0x11 c:/st/stm32cubeide_1.5.1/stm32cubeide/plugins/com.st.stm32cube.ide.mcu.externaltools.gnu-tools-for-stm32.9-2020-q2-update.win32_2.0.0.202105311346/tools/bin/../lib/gcc/arm-none-eabi/9.3.1/../../../../arm-none-eabi/lib/thumb/v7-m/nofp\libc_nano.a(lib_a-nano-svfprintf.o)
 .rodata._printf_i.str1.1
                0x000000000800dcc3       0x22 c:/st/stm32cubeide_1.5.1/stm32cubeide/plugins/com.st.stm32cube.ide.mcu.externaltools.gnu-tools-for-stm32.9-2020-q2-update.win32_2.0.0.202105311346/tools/bin/../lib/gcc/arm-none-eabi/9.3.1/../../../../arm-none-eabi/lib/thumb/v7-m/nofp\libc_nano.a(lib_a-nano-vfprintf_i.o)
                0x000000000800dce8                . = ALIGN (0x4)
 *fill*         0x000000000800dce5        0x3 

.rel.dyn        0x000000000800dce8        0x0
 .rel.iplt      0x000000000800dce8        0x0 c:/st/stm32cubeide_1.5.1/stm32cubeide/plugins/com.st.stm32cube.ide.mcu.externaltools.gnu-tools-for-stm32.9-2020-q2-update.win32_2.0.0.202105311346/tools/bin/../lib/gcc/arm-none-eabi/9.3.1/thumb/v7-m/nofp/crtbegin.o

.ARM.extab      0x000000000800dce8        0x0
                0x000000000800dce8                . = ALIGN (0x4)
 *(.ARM.extab* .gnu.linkonce.armextab.*)
                0x000000000800dce8                . = ALIGN (0x4)

.ARM            0x000000000800dce8        0x0
                0x000000000800dce8                . = ALIGN (0x4)
                0x000000000800dce8                __exidx_start = .
 *(.ARM.exidx*)
                0x000000000800dce8                __exidx_end = .
                0x000000000800dce8                . = ALIGN (0x4)

.preinit_array  0x000000000800dce8        0x0
                0x000000000800dce8                . = ALIGN (0x4)
                0x000000000800dce8                PROVIDE (__preinit_array_start = .)
 *(.preinit_array*)
                0x000000000800dce8                PROVIDE (__preinit_array_end = .)
                0x000000000800dce8                . = ALIGN (0x4)

.init_array     0x000000000800dce8        0x4
                0x000000000800dce8                . = ALIGN (0x4)
                0x000000000800dce8                PROVIDE (__init_array_start = .)
 *(SORT_BY_NAME(.init_array.*))
 *(.init_array*)
 .init_array    0x000000000800dce8        0x4 c:/st/stm32cubeide_1.5.1/stm32cubeide/plugins/com.st.stm32cube.ide.mcu.externaltools.gnu-tools-for-stm32.9-2020-q2-update.win32_2.0.0.202105311346/tools/bin/../lib/gcc/arm-none-eabi/9.3.1/thumb/v7-m/nofp/crtbegin.o
                0x000000000800dcec                PROVIDE (__init_array_end = .)
                0x000000000800dcec                . = ALIGN (0x4)

.fini_array     0x000000000800dcec        0x4
                0x000000000800dcec                . = ALIGN (0x4)
                [!provide]                        PROVIDE (__fini_array_start = .)
 *(SORT_BY_NAME(.fini_array.*))
 *(.fini_array*)
 .fini_array    0x000000000800dcec        0x4 c:/st/stm32cubeide_1.5.1/stm32cubeide/plugins/com.st.stm32cube.ide.mcu.externaltools.gnu-tools-for-stm32.9-2020-q2-update.win32_2.0.0.202105311346/tools/bin/../lib/gcc/arm-none-eabi/9.3.1/thumb/v7-m/nofp/crtbegin.o
                [!provide]                        PROVIDE (__fini_array_end = .)
                0x000000000800dcf0                . = ALIGN (0x4)
                0x000000000800dcf0                _sidata = LOADADDR (.data)

.data           0x0000000020000000      0x1f0 load address 0x000000000800dcf0
                0x0000000020000000                . = ALIGN (0x4)
                0x0000000020000000                _sdata = .
 *(.data)
 *(.data*)
 .data.dev_addr
                0x0000000020000000        0x1 ./Core/Src/main.o
                0x0000000020000000                dev_addr
 *fill*         0x0000000020000001        0x3 
 .data.prompt_default
                0x0000000020000004        0x4 ./Core/Src/microrl.o
                0x0000000020000004                prompt_default
 .data.p_mcrl   0x0000000020000008        0x4 ./Core/Src/microrl_cmd.o
                0x0000000020000008                p_mcrl
 .data.color_out
                0x000000002000000c        0x1 ./Core/Src/microrl_cmd.o
                0x000000002000000c                color_out
 .data.show_clock
                0x000000002000000d        0x1 ./Core/Src/microrl_cmd.o
                0x000000002000000d                show_clock
 *fill*         0x000000002000000e        0x2 
 .data.SystemCoreClock
                0x0000000020000010        0x4 ./Core/Src/system_stm32f1xx.o
                0x0000000020000010                SystemCoreClock
 .data.uwTickPrio
                0x0000000020000014        0x4 ./Drivers/STM32F1xx_HAL_Driver/Src/stm32f1xx_hal.o
                0x0000000020000014                uwTickPrio
 .data.uwTickFreq
                0x0000000020000018        0x1 ./Drivers/STM32F1xx_HAL_Driver/Src/stm32f1xx_hal.o
                0x0000000020000018                uwTickFreq
 *fill*         0x0000000020000019        0x3 
 .data.USBD_CDC_DeviceQualifierDesc
                0x000000002000001c        0xa ./Middlewares/ST/STM32_USB_Device_Library/Class/CDC/Src/usbd_cdc.o
 *fill*         0x0000000020000026        0x2 
 .data.USBD_CDC
                0x0000000020000028       0x38 ./Middlewares/ST/STM32_USB_Device_Library/Class/CDC/Src/usbd_cdc.o
                0x0000000020000028                USBD_CDC
 .data.USBD_CDC_CfgHSDesc
                0x0000000020000060       0x43 ./Middlewares/ST/STM32_USB_Device_Library/Class/CDC/Src/usbd_cdc.o
                0x0000000020000060                USBD_CDC_CfgHSDesc
 *fill*         0x00000000200000a3        0x1 
 .data.USBD_CDC_CfgFSDesc
                0x00000000200000a4       0x43 ./Middlewares/ST/STM32_USB_Device_Library/Class/CDC/Src/usbd_cdc.o
                0x00000000200000a4                USBD_CDC_CfgFSDesc
 *fill*         0x00000000200000e7        0x1 
 .data.USBD_CDC_OtherSpeedCfgDesc
                0x00000000200000e8       0x43 ./Middlewares/ST/STM32_USB_Device_Library/Class/CDC/Src/usbd_cdc.o
                0x00000000200000e8                USBD_CDC_OtherSpeedCfgDesc
 *fill*         0x000000002000012b        0x1 
 .data.USBD_Interface_fops_FS
                0x000000002000012c       0x10 ./USB_DEVICE/App/usbd_cdc_if.o
                0x000000002000012c                USBD_Interface_fops_FS
 .data.FS_Desc  0x000000002000013c       0x1c ./USB_DEVICE/App/usbd_desc.o
                0x000000002000013c                FS_Desc
 .data.USBD_FS_DeviceDesc
                0x0000000020000158       0x12 ./USB_DEVICE/App/usbd_desc.o
                0x0000000020000158                USBD_FS_DeviceDesc
 *fill*         0x000000002000016a        0x2 
 .data.USBD_LangIDDesc
                0x000000002000016c        0x4 ./USB_DEVICE/App/usbd_desc.o
                0x000000002000016c                USBD_LangIDDesc
 .data.USBD_StringSerial
                0x0000000020000170       0x1a ./USB_DEVICE/App/usbd_desc.o
                0x0000000020000170                USBD_StringSerial
 *fill*         0x000000002000018a        0x2 
 .data._impure_ptr
                0x000000002000018c        0x4 c:/st/stm32cubeide_1.5.1/stm32cubeide/plugins/com.st.stm32cube.ide.mcu.externaltools.gnu-tools-for-stm32.9-2020-q2-update.win32_2.0.0.202105311346/tools/bin/../lib/gcc/arm-none-eabi/9.3.1/../../../../arm-none-eabi/lib/thumb/v7-m/nofp\libc_nano.a(lib_a-impure.o)
                0x000000002000018c                _impure_ptr
 .data.impure_data
                0x0000000020000190       0x60 c:/st/stm32cubeide_1.5.1/stm32cubeide/plugins/com.st.stm32cube.ide.mcu.externaltools.gnu-tools-for-stm32.9-2020-q2-update.win32_2.0.0.202105311346/tools/bin/../lib/gcc/arm-none-eabi/9.3.1/../../../../arm-none-eabi/lib/thumb/v7-m/nofp\libc_nano.a(lib_a-impure.o)
 *(.RamFunc)
 *(.RamFunc*)
                0x00000000200001f0                . = ALIGN (0x4)
                0x00000000200001f0                _edata = .

.igot.plt       0x00000000200001f0        0x0 load address 0x000000000800dee0
 .igot.plt      0x00000000200001f0        0x0 c:/st/stm32cubeide_1.5.1/stm32cubeide/plugins/com.st.stm32cube.ide.mcu.externaltools.gnu-tools-for-stm32.9-2020-q2-update.win32_2.0.0.202105311346/tools/bin/../lib/gcc/arm-none-eabi/9.3.1/thumb/v7-m/nofp/crtbegin.o
                0x00000000200001f0                . = ALIGN (0x4)

.bss            0x00000000200001f0     0x1664 load address 0x000000000800dee0
                0x00000000200001f0                _sbss = .
                0x00000000200001f0                __bss_start__ = _sbss
 *(.bss)
 .bss           0x00000000200001f0       0x1c c:/st/stm32cubeide_1.5.1/stm32cubeide/plugins/com.st.stm32cube.ide.mcu.externaltools.gnu-tools-for-stm32.9-2020-q2-update.win32_2.0.0.202105311346/tools/bin/../lib/gcc/arm-none-eabi/9.3.1/thumb/v7-m/nofp/crtbegin.o
 *(.bss*)
 .bss.head_index
                0x000000002000020c        0x4 ./Core/Src/fifo.o
                0x000000002000020c                head_index
 .bss.tail_index
                0x0000000020000210        0x4 ./Core/Src/fifo.o
                0x0000000020000210                tail_index
 .bss.last_time.8403
                0x0000000020000214        0x4 ./Core/Src/main.o
 .bss.last_time.8415
                0x0000000020000218        0x4 ./Core/Src/main.o
 .bss.old_seconds.8418
                0x000000002000021c        0x1 ./Core/Src/main.o
 *fill*         0x000000002000021d        0x3 
 .bss.last_time.8431
                0x0000000020000220        0x4 ./Core/Src/main.o
 .bss.pos.8433  0x0000000020000224        0x2 ./Core/Src/main.o
 *fill*         0x0000000020000226        0x2 
 .bss.t2dlen.8432
                0x0000000020000228        0x4 ./Core/Src/main.o
 .bss.last_time.8445
                0x000000002000022c        0x4 ./Core/Src/main.o
 .bss.tick_counter.8446
                0x0000000020000230        0x1 ./Core/Src/main.o
 *fill*         0x0000000020000231        0x3 
 .bss.last_time.8475
                0x0000000020000234        0x4 ./Core/Src/main.o
 .bss.nema_out  0x0000000020000238        0x1 ./Core/Src/microrl_cmd.o
                0x0000000020000238                nema_out
 .bss.use_leds  0x0000000020000239        0x1 ./Core/Src/microrl_cmd.o
                0x0000000020000239                use_leds
 *fill*         0x000000002000023a        0x2 
 .bss.__sbrk_heap_end
                0x000000002000023c        0x4 ./Core/Src/sysmem.o
 .bss.cfgidx.8082
                0x0000000020000240        0x1 ./Middlewares/ST/STM32_USB_Device_Library/Core/Src/usbd_ctlreq.o
 *fill*         0x0000000020000241        0x3 
 .bss.mem.8152  0x0000000020000244      0x220 ./USB_DEVICE/Target/usbd_conf.o
 .bss.__malloc_free_list
                0x0000000020000464        0x4 c:/st/stm32cubeide_1.5.1/stm32cubeide/plugins/com.st.stm32cube.ide.mcu.externaltools.gnu-tools-for-stm32.9-2020-q2-update.win32_2.0.0.202105311346/tools/bin/../lib/gcc/arm-none-eabi/9.3.1/../../../../arm-none-eabi/lib/thumb/v7-m/nofp\libc_nano.a(lib_a-nano-mallocr.o)
                0x0000000020000464                __malloc_free_list
 .bss.__malloc_sbrk_start
                0x0000000020000468        0x4 c:/st/stm32cubeide_1.5.1/stm32cubeide/plugins/com.st.stm32cube.ide.mcu.externaltools.gnu-tools-for-stm32.9-2020-q2-update.win32_2.0.0.202105311346/tools/bin/../lib/gcc/arm-none-eabi/9.3.1/../../../../arm-none-eabi/lib/thumb/v7-m/nofp\libc_nano.a(lib_a-nano-mallocr.o)
                0x0000000020000468                __malloc_sbrk_start
 *(COMMON)
 COMMON         0x000000002000046c       0x60 ./Core/Src/d3231.o
                0x000000002000046c                d3231_mem
                0x0000000020000480                bme280_ascii
                0x00000000200004c8                hi2c
 COMMON         0x00000000200004cc      0x100 ./Core/Src/fifo.o
                0x00000000200004cc                fifo_buffer
 COMMON         0x00000000200005cc      0x1a6 ./Core/Src/main.o
                0x00000000200005cc                dev
                0x0000000020000614                hspi2
                0x000000002000066c                hi2c1
                0x00000000200006c0                comp_data
                0x00000000200006cc                txt2disp
                0x000000002000074c                fresh_txt
                0x0000000020000750                vfd
                0x0000000020000771                brightness
 *fill*         0x0000000020000772        0x2 
 COMMON         0x0000000020000774      0x128 ./Core/Src/microrl_cmd.o
                0x0000000020000774                compl_word
                0x00000000200007c8                mcrl
 COMMON         0x000000002000089c       0x21 ./Core/Src/vfd.o
                0x000000002000089c                backup
 *fill*         0x00000000200008bd        0x3 
 COMMON         0x00000000200008c0        0x4 ./Drivers/STM32F1xx_HAL_Driver/Src/stm32f1xx_hal.o
                0x00000000200008c0                uwTick
 COMMON         0x00000000200008c4      0x2c4 ./USB_DEVICE/App/usb_device.o
                0x00000000200008c4                hUsbDeviceFS
 COMMON         0x0000000020000b88      0x7d0 ./USB_DEVICE/App/usbd_cdc_if.o
                0x0000000020000b88                UserRxBufferFS
                0x0000000020000f70                UserTxBufferFS
 COMMON         0x0000000020001358      0x200 ./USB_DEVICE/App/usbd_desc.o
                0x0000000020001358                USBD_StrDesc
 COMMON         0x0000000020001558      0x2ec ./USB_DEVICE/Target/usbd_conf.o
                0x0000000020001558                hpcd_USB_FS
 COMMON         0x0000000020001844        0x4 c:/st/stm32cubeide_1.5.1/stm32cubeide/plugins/com.st.stm32cube.ide.mcu.externaltools.gnu-tools-for-stm32.9-2020-q2-update.win32_2.0.0.202105311346/tools/bin/../lib/gcc/arm-none-eabi/9.3.1/../../../../arm-none-eabi/lib/thumb/v7-m/nofp\libc_nano.a(lib_a-reent.o)
                0x0000000020001844                errno
 COMMON         0x0000000020001848        0x9 c:/st/stm32cubeide_1.5.1/stm32cubeide/plugins/com.st.stm32cube.ide.mcu.externaltools.gnu-tools-for-stm32.9-2020-q2-update.win32_2.0.0.202105311346/tools/bin/../lib/gcc/arm-none-eabi/9.3.1/../../../../arm-none-eabi/lib/thumb/v7-m/nofp\libc_nano.a(lib_a-lock.o)
                0x0000000020001848                __lock___atexit_recursive_mutex
                0x0000000020001849                __lock___arc4random_mutex
                0x000000002000184a                __lock___env_recursive_mutex
                0x000000002000184b                __lock___sinit_recursive_mutex
                0x000000002000184c                __lock___malloc_recursive_mutex
                0x000000002000184d                __lock___at_quick_exit_mutex
                0x000000002000184e                __lock___dd_hash_mutex
                0x000000002000184f                __lock___tz_mutex
                0x0000000020001850                __lock___sfp_recursive_mutex
                0x0000000020001854                . = ALIGN (0x4)
 *fill*         0x0000000020001851        0x3 
                0x0000000020001854                _ebss = .
                0x0000000020001854                __bss_end__ = _ebss

._user_heap_stack
                0x0000000020001854      0x604 load address 0x000000000800dee0
                0x0000000020001858                . = ALIGN (0x8)
 *fill*         0x0000000020001854        0x4 
                [!provide]                        PROVIDE (end = .)
                0x0000000020001858                PROVIDE (_end = .)
                0x0000000020001a58                . = (. + _Min_Heap_Size)
 *fill*         0x0000000020001858      0x200 
                0x0000000020001e58                . = (. + _Min_Stack_Size)
 *fill*         0x0000000020001a58      0x400 
                0x0000000020001e58                . = ALIGN (0x8)

/DISCARD/
 libc.a(*)
 libm.a(*)
 libgcc.a(*)

.ARM.attributes
                0x0000000000000000       0x29
 *(.ARM.attributes)
 .ARM.attributes
                0x0000000000000000       0x1d c:/st/stm32cubeide_1.5.1/stm32cubeide/plugins/com.st.stm32cube.ide.mcu.externaltools.gnu-tools-for-stm32.9-2020-q2-update.win32_2.0.0.202105311346/tools/bin/../lib/gcc/arm-none-eabi/9.3.1/thumb/v7-m/nofp/crti.o
 .ARM.attributes
                0x000000000000001d       0x2d c:/st/stm32cubeide_1.5.1/stm32cubeide/plugins/com.st.stm32cube.ide.mcu.externaltools.gnu-tools-for-stm32.9-2020-q2-update.win32_2.0.0.202105311346/tools/bin/../lib/gcc/arm-none-eabi/9.3.1/thumb/v7-m/nofp/crtbegin.o
 .ARM.attributes
                0x000000000000004a       0x2d ./Core/Src/bme280.o
 .ARM.attributes
                0x0000000000000077       0x2d ./Core/Src/d3231.o
 .ARM.attributes
                0x00000000000000a4       0x2d ./Core/Src/fifo.o
 .ARM.attributes
                0x00000000000000d1       0x2d ./Core/Src/main.o
 .ARM.attributes
                0x00000000000000fe       0x2d ./Core/Src/microrl.o
 .ARM.attributes
                0x000000000000012b       0x2d ./Core/Src/microrl_cmd.o
 .ARM.attributes
                0x0000000000000158       0x2d ./Core/Src/stm32f1xx_hal_msp.o
 .ARM.attributes
                0x0000000000000185       0x2d ./Core/Src/stm32f1xx_it.o
 .ARM.attributes
                0x00000000000001b2       0x2d ./Core/Src/sysmem.o
 .ARM.attributes
                0x00000000000001df       0x2d ./Core/Src/system_stm32f1xx.o
 .ARM.attributes
                0x000000000000020c       0x2d ./Core/Src/vfd.o
 .ARM.attributes
                0x0000000000000239       0x21 ./Core/Startup/startup_stm32f103c8tx.o
 .ARM.attributes
                0x000000000000025a       0x2d ./Drivers/STM32F1xx_HAL_Driver/Src/stm32f1xx_hal.o
 .ARM.attributes
                0x0000000000000287       0x2d ./Drivers/STM32F1xx_HAL_Driver/Src/stm32f1xx_hal_cortex.o
 .ARM.attributes
                0x00000000000002b4       0x2d ./Drivers/STM32F1xx_HAL_Driver/Src/stm32f1xx_hal_gpio.o
 .ARM.attributes
                0x00000000000002e1       0x2d ./Drivers/STM32F1xx_HAL_Driver/Src/stm32f1xx_hal_i2c.o
 .ARM.attributes
                0x000000000000030e       0x2d ./Drivers/STM32F1xx_HAL_Driver/Src/stm32f1xx_hal_pcd.o
 .ARM.attributes
                0x000000000000033b       0x2d ./Drivers/STM32F1xx_HAL_Driver/Src/stm32f1xx_hal_pcd_ex.o
 .ARM.attributes
                0x0000000000000368       0x2d ./Drivers/STM32F1xx_HAL_Driver/Src/stm32f1xx_hal_rcc.o
 .ARM.attributes
                0x0000000000000395       0x2d ./Drivers/STM32F1xx_HAL_Driver/Src/stm32f1xx_hal_rcc_ex.o
 .ARM.attributes
                0x00000000000003c2       0x2d ./Drivers/STM32F1xx_HAL_Driver/Src/stm32f1xx_hal_spi.o
 .ARM.attributes
                0x00000000000003ef       0x2d ./Drivers/STM32F1xx_HAL_Driver/Src/stm32f1xx_ll_usb.o
 .ARM.attributes
                0x000000000000041c       0x2d ./Middlewares/ST/STM32_USB_Device_Library/Class/CDC/Src/usbd_cdc.o
 .ARM.attributes
                0x0000000000000449       0x2d ./Middlewares/ST/STM32_USB_Device_Library/Core/Src/usbd_core.o
 .ARM.attributes
                0x0000000000000476       0x2d ./Middlewares/ST/STM32_USB_Device_Library/Core/Src/usbd_ctlreq.o
 .ARM.attributes
                0x00000000000004a3       0x2d ./Middlewares/ST/STM32_USB_Device_Library/Core/Src/usbd_ioreq.o
 .ARM.attributes
                0x00000000000004d0       0x2d ./USB_DEVICE/App/usb_device.o
 .ARM.attributes
                0x00000000000004fd       0x2d ./USB_DEVICE/App/usbd_cdc_if.o
 .ARM.attributes
                0x000000000000052a       0x2d ./USB_DEVICE/App/usbd_desc.o
 .ARM.attributes
                0x0000000000000557       0x2d ./USB_DEVICE/Target/usbd_conf.o
 .ARM.attributes
                0x0000000000000584       0x2d c:/st/stm32cubeide_1.5.1/stm32cubeide/plugins/com.st.stm32cube.ide.mcu.externaltools.gnu-tools-for-stm32.9-2020-q2-update.win32_2.0.0.202105311346/tools/bin/../lib/gcc/arm-none-eabi/9.3.1/../../../../arm-none-eabi/lib/thumb/v7-m/nofp\libc_nano.a(lib_a-errno.o)
 .ARM.attributes
                0x00000000000005b1       0x2d c:/st/stm32cubeide_1.5.1/stm32cubeide/plugins/com.st.stm32cube.ide.mcu.externaltools.gnu-tools-for-stm32.9-2020-q2-update.win32_2.0.0.202105311346/tools/bin/../lib/gcc/arm-none-eabi/9.3.1/../../../../arm-none-eabi/lib/thumb/v7-m/nofp\libc_nano.a(lib_a-impure.o)
 .ARM.attributes
                0x00000000000005de       0x2d c:/st/stm32cubeide_1.5.1/stm32cubeide/plugins/com.st.stm32cube.ide.mcu.externaltools.gnu-tools-for-stm32.9-2020-q2-update.win32_2.0.0.202105311346/tools/bin/../lib/gcc/arm-none-eabi/9.3.1/../../../../arm-none-eabi/lib/thumb/v7-m/nofp\libc_nano.a(lib_a-init.o)
 .ARM.attributes
                0x000000000000060b       0x2d c:/st/stm32cubeide_1.5.1/stm32cubeide/plugins/com.st.stm32cube.ide.mcu.externaltools.gnu-tools-for-stm32.9-2020-q2-update.win32_2.0.0.202105311346/tools/bin/../lib/gcc/arm-none-eabi/9.3.1/../../../../arm-none-eabi/lib/thumb/v7-m/nofp\libc_nano.a(lib_a-memcpy-stub.o)
 .ARM.attributes
                0x0000000000000638       0x2d c:/st/stm32cubeide_1.5.1/stm32cubeide/plugins/com.st.stm32cube.ide.mcu.externaltools.gnu-tools-for-stm32.9-2020-q2-update.win32_2.0.0.202105311346/tools/bin/../lib/gcc/arm-none-eabi/9.3.1/../../../../arm-none-eabi/lib/thumb/v7-m/nofp\libc_nano.a(lib_a-memmove.o)
 .ARM.attributes
                0x0000000000000665       0x2d c:/st/stm32cubeide_1.5.1/stm32cubeide/plugins/com.st.stm32cube.ide.mcu.externaltools.gnu-tools-for-stm32.9-2020-q2-update.win32_2.0.0.202105311346/tools/bin/../lib/gcc/arm-none-eabi/9.3.1/../../../../arm-none-eabi/lib/thumb/v7-m/nofp\libc_nano.a(lib_a-memset.o)
 .ARM.attributes
                0x0000000000000692       0x2d c:/st/stm32cubeide_1.5.1/stm32cubeide/plugins/com.st.stm32cube.ide.mcu.externaltools.gnu-tools-for-stm32.9-2020-q2-update.win32_2.0.0.202105311346/tools/bin/../lib/gcc/arm-none-eabi/9.3.1/../../../../arm-none-eabi/lib/thumb/v7-m/nofp\libc_nano.a(lib_a-snprintf.o)
 .ARM.attributes
                0x00000000000006bf       0x2d c:/st/stm32cubeide_1.5.1/stm32cubeide/plugins/com.st.stm32cube.ide.mcu.externaltools.gnu-tools-for-stm32.9-2020-q2-update.win32_2.0.0.202105311346/tools/bin/../lib/gcc/arm-none-eabi/9.3.1/../../../../arm-none-eabi/lib/thumb/v7-m/nofp\libc_nano.a(lib_a-strcat.o)
 .ARM.attributes
                0x00000000000006ec       0x1b c:/st/stm32cubeide_1.5.1/stm32cubeide/plugins/com.st.stm32cube.ide.mcu.externaltools.gnu-tools-for-stm32.9-2020-q2-update.win32_2.0.0.202105311346/tools/bin/../lib/gcc/arm-none-eabi/9.3.1/../../../../arm-none-eabi/lib/thumb/v7-m/nofp\libc_nano.a(lib_a-strcmp.o)
 .ARM.attributes
                0x0000000000000707       0x2d c:/st/stm32cubeide_1.5.1/stm32cubeide/plugins/com.st.stm32cube.ide.mcu.externaltools.gnu-tools-for-stm32.9-2020-q2-update.win32_2.0.0.202105311346/tools/bin/../lib/gcc/arm-none-eabi/9.3.1/../../../../arm-none-eabi/lib/thumb/v7-m/nofp\libc_nano.a(lib_a-strcpy.o)
 .ARM.attributes
                0x0000000000000734       0x17 c:/st/stm32cubeide_1.5.1/stm32cubeide/plugins/com.st.stm32cube.ide.mcu.externaltools.gnu-tools-for-stm32.9-2020-q2-update.win32_2.0.0.202105311346/tools/bin/../lib/gcc/arm-none-eabi/9.3.1/../../../../arm-none-eabi/lib/thumb/v7-m/nofp\libc_nano.a(lib_a-strlen.o)
 .ARM.attributes
                0x000000000000074b       0x2d c:/st/stm32cubeide_1.5.1/stm32cubeide/plugins/com.st.stm32cube.ide.mcu.externaltools.gnu-tools-for-stm32.9-2020-q2-update.win32_2.0.0.202105311346/tools/bin/../lib/gcc/arm-none-eabi/9.3.1/../../../../arm-none-eabi/lib/thumb/v7-m/nofp\libc_nano.a(lib_a-strstr.o)
 .ARM.attributes
                0x0000000000000778       0x2d c:/st/stm32cubeide_1.5.1/stm32cubeide/plugins/com.st.stm32cube.ide.mcu.externaltools.gnu-tools-for-stm32.9-2020-q2-update.win32_2.0.0.202105311346/tools/bin/../lib/gcc/arm-none-eabi/9.3.1/../../../../arm-none-eabi/lib/thumb/v7-m/nofp\libc_nano.a(lib_a-nano-svfprintf.o)
 .ARM.attributes
                0x00000000000007a5       0x2d c:/st/stm32cubeide_1.5.1/stm32cubeide/plugins/com.st.stm32cube.ide.mcu.externaltools.gnu-tools-for-stm32.9-2020-q2-update.win32_2.0.0.202105311346/tools/bin/../lib/gcc/arm-none-eabi/9.3.1/../../../../arm-none-eabi/lib/thumb/v7-m/nofp\libc_nano.a(lib_a-nano-vfprintf_i.o)
 .ARM.attributes
                0x00000000000007d2       0x2d c:/st/stm32cubeide_1.5.1/stm32cubeide/plugins/com.st.stm32cube.ide.mcu.externaltools.gnu-tools-for-stm32.9-2020-q2-update.win32_2.0.0.202105311346/tools/bin/../lib/gcc/arm-none-eabi/9.3.1/../../../../arm-none-eabi/lib/thumb/v7-m/nofp\libc_nano.a(lib_a-memchr-stub.o)
 .ARM.attributes