Archive member included to satisfy reference by file (symbol)

c:/st/stm32cubeide_1.5.1/stm32cubeide/plugins/com.st.stm32cube.ide.mcu.externaltools.gnu-tools-for-stm32.9-2020-q2-update.win32_2.0.0.202105311346/tools/bin/../lib/gcc/arm-none-eabi/9.3.1/../../../../arm-none-eabi/lib/thumb/v7-m/nofp\libc_nano.a(lib_a-errno.o)
                              ./Core/Src/syscalls.o (__errno)
c:/st/stm32cubeide_1.5.1/stm32cubeide/plugins/com.st.stm32cube.ide.mcu.externaltools.gnu-tools-for-stm32.9-2020-q2-update.win32_2.0.0.202105311346/tools/bin/../lib/gcc/arm-none-eabi/9.3.1/../../../../arm-none-eabi/lib/thumb/v7-m/nofp\libc_nano.a(lib_a-exit.o)
                              c:/st/stm32cubeide_1.5.1/stm32cubeide/plugins/com.st.stm32cube.ide.mcu.externaltools.gnu-tools-for-stm32.9-2020-q2-update.win32_2.0.0.202105311346/tools/bin/../lib/gcc/arm-none-eabi/9.3.1/../../../../arm-none-eabi/lib/thumb/v7-m/nofp/crt0.o (exit)
c:/st/stm32cubeide_1.5.1/stm32cubeide/plugins/com.st.stm32cube.ide.mcu.externaltools.gnu-tools-for-stm32.9-2020-q2-update.win32_2.0.0.202105311346/tools/bin/../lib/gcc/arm-none-eabi/9.3.1/../../../../arm-none-eabi/lib/thumb/v7-m/nofp\libc_nano.a(lib_a-impure.o)
                              c:/st/stm32cubeide_1.5.1/stm32cubeide/plugins/com.st.stm32cube.ide.mcu.externaltools.gnu-tools-for-stm32.9-2020-q2-update.win32_2.0.0.202105311346/tools/bin/../lib/gcc/arm-none-eabi/9.3.1/../../../../arm-none-eabi/lib/thumb/v7-m/nofp\libc_nano.a(lib_a-exit.o) (_global_impure_ptr)
c:/st/stm32cubeide_1.5.1/stm32cubeide/plugins/com.st.stm32cube.ide.mcu.externaltools.gnu-tools-for-stm32.9-2020-q2-update.win32_2.0.0.202105311346/tools/bin/../lib/gcc/arm-none-eabi/9.3.1/../../../../arm-none-eabi/lib/thumb/v7-m/nofp\libc_nano.a(lib_a-init.o)
                              c:/st/stm32cubeide_1.5.1/stm32cubeide/plugins/com.st.stm32cube.ide.mcu.externaltools.gnu-tools-for-stm32.9-2020-q2-update.win32_2.0.0.202105311346/tools/bin/../lib/gcc/arm-none-eabi/9.3.1/../../../../arm-none-eabi/lib/thumb/v7-m/nofp/crt0.o (__libc_init_array)
c:/st/stm32cubeide_1.5.1/stm32cubeide/plugins/com.st.stm32cube.ide.mcu.externaltools.gnu-tools-for-stm32.9-2020-q2-update.win32_2.0.0.202105311346/tools/bin/../lib/gcc/arm-none-eabi/9.3.1/../../../../arm-none-eabi/lib/thumb/v7-m/nofp\libc_nano.a(lib_a-memcpy-stub.o)
                              ./Core/Src/microrl.o (memcpy)
c:/st/stm32cubeide_1.5.1/stm32cubeide/plugins/com.st.stm32cube.ide.mcu.externaltools.gnu-tools-for-stm32.9-2020-q2-update.win32_2.0.0.202105311346/tools/bin/../lib/gcc/arm-none-eabi/9.3.1/../../../../arm-none-eabi/lib/thumb/v7-m/nofp\libc_nano.a(lib_a-memmove.o)
                              ./Core/Src/microrl.o (memmove)
c:/st/stm32cubeide_1.5.1/stm32cubeide/plugins/com.st.stm32cube.ide.mcu.externaltools.gnu-tools-for-stm32.9-2020-q2-update.win32_2.0.0.202105311346/tools/bin/../lib/gcc/arm-none-eabi/9.3.1/../../../../arm-none-eabi/lib/thumb/v7-m/nofp\libc_nano.a(lib_a-memset.o)
                              c:/st/stm32cubeide_1.5.1/stm32cubeide/plugins/com.st.stm32cube.ide.mcu.externaltools.gnu-tools-for-stm32.9-2020-q2-update.win32_2.0.0.202105311346/tools/bin/../lib/gcc/arm-none-eabi/9.3.1/../../../../arm-none-eabi/lib/thumb/v7-m/nofp/crt0.o (memset)
c:/st/stm32cubeide_1.5.1/stm32cubeide/plugins/com.st.stm32cube.ide.mcu.externaltools.gnu-tools-for-stm32.9-2020-q2-update.win32_2.0.0.202105311346/tools/bin/../lib/gcc/arm-none-eabi/9.3.1/../../../../arm-none-eabi/lib/thumb/v7-m/nofp\libc_nano.a(lib_a-strcmp.o)
                              ./Core/Src/microrl_cmd.o (strcmp)
c:/st/stm32cubeide_1.5.1/stm32cubeide/plugins/com.st.stm32cube.ide.mcu.externaltools.gnu-tools-for-stm32.9-2020-q2-update.win32_2.0.0.202105311346/tools/bin/../lib/gcc/arm-none-eabi/9.3.1/../../../../arm-none-eabi/lib/thumb/v7-m/nofp\libc_nano.a(lib_a-strlen.o)
                              ./Core/Src/main.o (strlen)
c:/st/stm32cubeide_1.5.1/stm32cubeide/plugins/com.st.stm32cube.ide.mcu.externaltools.gnu-tools-for-stm32.9-2020-q2-update.win32_2.0.0.202105311346/tools/bin/../lib/gcc/arm-none-eabi/9.3.1/../../../../arm-none-eabi/lib/thumb/v7-m/nofp\libc_nano.a(lib_a-strstr.o)
                              ./Core/Src/microrl_cmd.o (strstr)

Allocating common symbols
Common symbol       size              file

hUsbDeviceFS        0x2c4             ./USB_DEVICE/App/usb_device.o
d3231_mem           0x13              ./Core/Src/d3231.o
hspi2               0x58              ./Core/Src/main.o
fifo_buffer         0x100             ./Core/Src/fifo.o
hi2c1               0x54              ./Core/Src/main.o
txt2disp            0x80              ./Core/Src/main.o
compl_word          0x50              ./Core/Src/microrl_cmd.o
uwTick              0x4               ./Drivers/STM32F1xx_HAL_Driver/Src/stm32f1xx_hal.o
pFlash              0x20              ./Drivers/STM32F1xx_HAL_Driver/Src/stm32f1xx_hal_flash.o
UserRxBufferFS      0x3e8             ./USB_DEVICE/App/usbd_cdc_if.o
[...]
Memory Configuration

Name             Origin             Length             Attributes
RAM              0x0000000020000000 0x0000000000005000 xrw
FLASH            0x0000000008000000 0x0000000000010000 xr
*default*        0x0000000000000000 0xffffffffffffffff

Linker script and memory map

LOAD c:/st/stm32cubeide_1.5.1/stm32cubeide/plugins/com.st.stm32cube.ide.mcu.externaltools.gnu-tools-for-stm32.9-2020-q2-update.win32_2.0.0.202105311346/tools/bin/../lib/gcc/arm-none-eabi/9.3.1/thumb/v7-m/nofp/crti.o
LOAD c:/st/stm32cubeide_1.5.1/stm32cubeide/plugins/com.st.stm32cube.ide.mcu.externaltools.gnu-tools-for-stm32.9-2020-q2-update.win32_2.0.0.202105311346/tools/bin/../lib/gcc/arm-none-eabi/9.3.1/thumb/v7-m/nofp/crtbegin.o
LOAD c:/st/stm32cubeide_1.5.1/stm32cubeide/plugins/com.st.stm32cube.ide.mcu.externaltools.gnu-tools-for-stm32.9-2020-q2-update.win32_2.0.0.202105311346/tools/bin/../lib/gcc/arm-none-eabi/9.3.1/../../../../arm-none-eabi/lib/thumb/v7-m/nofp/crt0.o
LOAD ./Core/Src/d3231.o
LOAD ./Core/Src/fifo.o
LOAD ./Core/Src/main.o
LOAD ./Core/Src/microrl.o
LOAD ./Core/Src/microrl_cmd.o
LOAD ./Core/Src/stm32f1xx_hal_msp.o
LOAD ./Core/Src/stm32f1xx_it.o
LOAD ./Core/Src/syscalls.o
LOAD ./Core/Src/sysmem.o
LOAD ./Core/Src/system_stm32f1xx.o
LOAD ./Core/Src/vfd.o
LOAD ./Core/Startup/startup_stm32f103c8tx.o
LOAD ./Drivers/STM32F1xx_HAL_Driver/Src/stm32f1xx_hal.o
LOAD ./Drivers/STM32F1xx_HAL_Driver/Src/stm32f1xx_hal_cortex.o
LOAD ./Drivers/STM32F1xx_HAL_Driver/Src/stm32f1xx_hal_dma.o
LOAD ./Drivers/STM32F1xx_HAL_Driver/Src/stm32f1xx_hal_exti.o
LOAD ./Drivers/STM32F1xx_HAL_Driver/Src/stm32f1xx_hal_flash.o
LOAD ./Drivers/STM32F1xx_HAL_Driver/Src/stm32f1xx_hal_flash_ex.o
LOAD ./Drivers/STM32F1xx_HAL_Driver/Src/stm32f1xx_hal_gpio.o
LOAD ./Drivers/STM32F1xx_HAL_Driver/Src/stm32f1xx_hal_gpio_ex.o
LOAD ./Drivers/STM32F1xx_HAL_Driver/Src/stm32f1xx_hal_i2c.o
LOAD ./Drivers/STM32F1xx_HAL_Driver/Src/stm32f1xx_hal_pcd.o
LOAD ./Drivers/STM32F1xx_HAL_Driver/Src/stm32f1xx_hal_pcd_ex.o
LOAD ./Drivers/STM32F1xx_HAL_Driver/Src/stm32f1xx_hal_pwr.o
LOAD ./Drivers/STM32F1xx_HAL_Driver/Src/stm32f1xx_hal_rcc.o
LOAD ./Drivers/STM32F1xx_HAL_Driver/Src/stm32f1xx_hal_rcc_ex.o
LOAD ./Drivers/STM32F1xx_HAL_Driver/Src/stm32f1xx_hal_spi.o
LOAD ./Drivers/STM32F1xx_HAL_Driver/Src/stm32f1xx_hal_tim.o
LOAD ./Drivers/STM32F1xx_HAL_Driver/Src/stm32f1xx_hal_tim_ex.o
LOAD ./Drivers/STM32F1xx_HAL_Driver/Src/stm32f1xx_ll_usb.o
LOAD ./Middlewares/ST/STM32_USB_Device_Library/Class/CDC/Src/usbd_cdc.o
LOAD ./Middlewares/ST/STM32_USB_Device_Library/Core/Src/usbd_core.o
LOAD ./Middlewares/ST/STM32_USB_Device_Library/Core/Src/usbd_ctlreq.o
LOAD ./Middlewares/ST/STM32_USB_Device_Library/Core/Src/usbd_ioreq.o
LOAD ./USB_DEVICE/App/usb_device.o
LOAD ./USB_DEVICE/App/usbd_cdc_if.o
LOAD ./USB_DEVICE/App/usbd_desc.o
LOAD ./USB_DEVICE/Target/usbd_conf.o
START GROUP
LOAD c:/st/stm32cubeide_1.5.1/stm32cubeide/plugins/com.st.stm32cube.ide.mcu.externaltools.gnu-tools-for-stm32.9-2020-q2-update.win32_2.0.0.202105311346/tools/bin/../lib/gcc/arm-none-eabi/9.3.1/../../../../arm-none-eabi/lib/thumb/v7-m/nofp\libc_nano.a
LOAD c:/st/stm32cubeide_1.5.1/stm32cubeide/plugins/com.st.stm32cube.ide.mcu.externaltools.gnu-tools-for-stm32.9-2020-q2-update.win32_2.0.0.202105311346/tools/bin/../lib/gcc/arm-none-eabi/9.3.1/../../../../arm-none-eabi/lib/thumb/v7-m/nofp\libm.a
END GROUP
START GROUP
LOAD c:/st/stm32cubeide_1.5.1/stm32cubeide/plugins/com.st.stm32cube.ide.mcu.externaltools.gnu-tools-for-stm32.9-2020-q2-update.win32_2.0.0.202105311346/tools/bin/../lib/gcc/arm-none-eabi/9.3.1/thumb/v7-m/nofp\libgcc.a
LOAD c:/st/stm32cubeide_1.5.1/stm32cubeide/plugins/com.st.stm32cube.ide.mcu.externaltools.gnu-tools-for-stm32.9-2020-q2-update.win32_2.0.0.202105311346/tools/bin/../lib/gcc/arm-none-eabi/9.3.1/../../../../arm-none-eabi/lib/thumb/v7-m/nofp\libc_nano.a
END GROUP
START GROUP
LOAD c:/st/stm32cubeide_1.5.1/stm32cubeide/plugins/com.st.stm32cube.ide.mcu.externaltools.gnu-tools-for-stm32.9-2020-q2-update.win32_2.0.0.202105311346/tools/bin/../lib/gcc/arm-none-eabi/9.3.1/thumb/v7-m/nofp\libgcc.a
LOAD c:/st/stm32cubeide_1.5.1/stm32cubeide/plugins/com.st.stm32cube.ide.mcu.externaltools.gnu-tools-for-stm32.9-2020-q2-update.win32_2.0.0.202105311346/tools/bin/../lib/gcc/arm-none-eabi/9.3.1/../../../../arm-none-eabi/lib/thumb/v7-m/nofp\libc_nano.a
LOAD c:/st/stm32cubeide_1.5.1/stm32cubeide/plugins/com.st.stm32cube.ide.mcu.externaltools.gnu-tools-for-stm32.9-2020-q2-update.win32_2.0.0.202105311346/tools/bin/../lib/gcc/arm-none-eabi/9.3.1/../../../../arm-none-eabi/lib/thumb/v7-m/nofp\libnosys.a
END GROUP
START GROUP
LOAD c:/st/stm32cubeide_1.5.1/stm32cubeide/plugins/com.st.stm32cube.ide.mcu.externaltools.gnu-tools-for-stm32.9-2020-q2-update.win32_2.0.0.202105311346/tools/bin/../lib/gcc/arm-none-eabi/9.3.1/thumb/v7-m/nofp\libgcc.a
LOAD c:/st/stm32cubeide_1.5.1/stm32cubeide/plugins/com.st.stm32cube.ide.mcu.externaltools.gnu-tools-for-stm32.9-2020-q2-update.win32_2.0.0.202105311346/tools/bin/../lib/gcc/arm-none-eabi/9.3.1/../../../../arm-none-eabi/lib/thumb/v7-m/nofp\libc_nano.a
LOAD c:/st/stm32cubeide_1.5.1/stm32cubeide/plugins/com.st.stm32cube.ide.mcu.externaltools.gnu-tools-for-stm32.9-2020-q2-update.win32_2.0.0.202105311346/tools/bin/../lib/gcc/arm-none-eabi/9.3.1/../../../../arm-none-eabi/lib/thumb/v7-m/nofp\libnosys.a
END GROUP
LOAD c:/st/stm32cubeide_1.5.1/stm32cubeide/plugins/com.st.stm32cube.ide.mcu.externaltools.gnu-tools-for-stm32.9-2020-q2-update.win32_2.0.0.202105311346/tools/bin/../lib/gcc/arm-none-eabi/9.3.1/thumb/v7-m/nofp/crtend.o
LOAD c:/st/stm32cubeide_1.5.1/stm32cubeide/plugins/com.st.stm32cube.ide.mcu.externaltools.gnu-tools-for-stm32.9-2020-q2-update.win32_2.0.0.202105311346/tools/bin/../lib/gcc/arm-none-eabi/9.3.1/thumb/v7-m/nofp/crtn.o
                0x0000000020005000                _estack = (ORIGIN (RAM) + LENGTH (RAM))
                0x0000000000000200                _Min_Heap_Size = 0x200
                0x0000000000000400                _Min_Stack_Size = 0x400

.isr_vector     0x0000000008000000      0x10c
                0x0000000008000000                . = ALIGN (0x4)
 *(.isr_vector)
 .isr_vector    0x0000000008000000      0x10c ./Core/Startup/startup_stm32f103c8tx.o
                0x0000000008000000                g_pfnVectors
                0x000000000800010c                . = ALIGN (0x4)

.text           0x000000000800010c     0xb738
                0x000000000800010c                . = ALIGN (0x4)
 *(.text)
 .text          0x000000000800010c       0x40 c:/st/stm32cubeide_1.5.1/stm32cubeide/plugins/com.st.stm32cube.ide.mcu.externaltools.gnu-tools-for-stm32.9-2020-q2-update.win32_2.0.0.202105311346/tools/bin/../lib/gcc/arm-none-eabi/9.3.1/thumb/v7-m/nofp/crtbegin.o
 .text          0x000000000800014c       0x14 c:/st/stm32cubeide_1.5.1/stm32cubeide/plugins/com.st.stm32cube.ide.mcu.externaltools.gnu-tools-for-stm32.9-2020-q2-update.win32_2.0.0.202105311346/tools/bin/../lib/gcc/arm-none-eabi/9.3.1/../../../../arm-none-eabi/lib/thumb/v7-m/nofp\libc_nano.a(lib_a-strcmp.o)
                0x000000000800014c                strcmp
 .text          0x0000000008000160       0x10 c:/st/stm32cubeide_1.5.1/stm32cubeide/plugins/com.st.stm32cube.ide.mcu.externaltools.gnu-tools-for-stm32.9-2020-q2-update.win32_2.0.0.202105311346/tools/bin/../lib/gcc/arm-none-eabi/9.3.1/../../../../arm-none-eabi/lib/thumb/v7-m/nofp\libc_nano.a(lib_a-strlen.o)
                0x0000000008000160                strlen
 *(.text*)
 .text.d3231_init
                0x0000000008000170       0x1c ./Core/Src/d3231.o
                0x0000000008000170                d3231_init
 .text.d3231_get_time
                0x000000000800018c       0x30 ./Core/Src/d3231.o
                0x000000000800018c                d3231_get_time
 .text.d3231_get_temp
                0x00000000080001bc       0x30 ./Core/Src/d3231.o
                0x00000000080001bc                d3231_get_temp
 .text.d3231_get_all
                0x00000000080001ec       0x30 ./Core/Src/d3231.o
                0x00000000080001ec                d3231_get_all
 .text.d3231_get_A2M2
                0x000000000800021c       0x10 ./Core/Src/d3231.o
                0x000000000800021c                d3231_get_A2M2
 .text.d3231_set_A2M2
                0x000000000800022c       0x30 ./Core/Src/d3231.o
                0x000000000800022c                d3231_set_A2M2
 .text.d3231_set
                0x000000000800025c       0x38 ./Core/Src/d3231.o
                0x000000000800025c                d3231_set
 .text.fifo_push
                0x0000000008000294       0x50 ./Core/Src/fifo.o
                0x0000000008000294                fifo_push
 .text.fifo_pop
                0x00000000080002e4       0x48 ./Core/Src/fifo.o
                0x00000000080002e4                fifo_pop
 .text.fifo_is_empty
                0x000000000800032c       0x28 ./Core/Src/fifo.o
                0x000000000800032c                fifo_is_empty
 .text.fifo_length
                0x0000000008000354       0x3c ./Core/Src/fifo.o
                0x0000000008000354                fifo_length
 .text.vfd_update
                0x0000000008000390       0x54 ./Core/Src/main.o
                0x0000000008000390                vfd_update
 .text.do_microrl
                0x00000000080003e4       0x32 ./Core/Src/main.o
                0x00000000080003e4                do_microrl
 *fill*         0x0000000008000416        0x2 
 .text.do_vfd_init
                0x0000000008000418      0x320 ./Core/Src/main.o
                0x0000000008000418                do_vfd_init
 .text.do_brightness
                0x0000000008000738      0x124 ./Core/Src/main.o
                0x0000000008000738                do_brightness
 .text.do_clock
                0x000000000800085c      0x138 ./Core/Src/main.o
                0x000000000800085c                do_clock
 .text.do_text  0x0000000008000994      0x114 ./Core/Src/main.o
                0x0000000008000994                do_text
 .text.do_leds  0x0000000008000aa8       0xfc ./Core/Src/main.o
                0x0000000008000aa8                do_leds
 .text._do_temperature
                0x0000000008000ba4      0x124 ./Core/Src/main.o
                0x0000000008000ba4                _do_temperature
 .text.do_measurements
                0x0000000008000cc8       0x50 ./Core/Src/main.o
                0x0000000008000cc8                do_measurements
 .text.main     0x0000000008000d18       0xc8 ./Core/Src/main.o
                0x0000000008000d18                main
 .text.SystemClock_Config
                0x0000000008000de0       0xb6 ./Core/Src/main.o
                0x0000000008000de0                SystemClock_Config
 *fill*         0x0000000008000e96        0x2 
 .text.MX_I2C1_Init
                0x0000000008000e98       0x5c ./Core/Src/main.o
 .text.MX_SPI2_Init
                0x0000000008000ef4       0x6c ./Core/Src/main.o
 .text.MX_GPIO_Init
                0x0000000008000f60      0x12c ./Core/Src/main.o
 .text.Error_Handler
                0x000000000800108c        0xa ./Core/Src/main.o
                0x000000000800108c                Error_Handler
 .text.hist_erase_older
                0x0000000008001096       0x36 ./Core/Src/microrl.o
 .text.hist_is_space_for_new
                0x00000000080010cc       0x62 ./Core/Src/microrl.o
 .text.hist_save_line
                0x000000000800112e       0xde ./Core/Src/microrl.o
 .text.hist_restore_line
                0x000000000800120c      0x210 ./Core/Src/microrl.o
 .text.split    0x000000000800141c       0x92 ./Core/Src/microrl.o
 .text.print_prompt
                0x00000000080014ae       0x1e ./Core/Src/microrl.o
 .text.terminal_backspace
                0x00000000080014cc       0x20 ./Core/Src/microrl.o
 .text.terminal_newline
                0x00000000080014ec       0x20 ./Core/Src/microrl.o
 .text.u16bit_to_str
                0x000000000800150c       0xa0 ./Core/Src/microrl.o
 .text.terminal_move_cursor
                0x00000000080015ac       0xa0 ./Core/Src/microrl.o
 .text.terminal_reset_cursor
                0x000000000800164c       0x70 ./Core/Src/microrl.o
 .text.terminal_print_line
                0x00000000080016bc       0x70 ./Core/Src/microrl.o
 .text.microrl_init
                0x000000000800172c       0x7c ./Core/Src/microrl.o
                0x000000000800172c                microrl_init
 .text.microrl_set_complete_callback
                0x00000000080017a8       0x1c ./Core/Src/microrl.o
                0x00000000080017a8                microrl_set_complete_callback
 .text.microrl_set_execute_callback
                0x00000000080017c4       0x1c ./Core/Src/microrl.o
                0x00000000080017c4                microrl_set_execute_callback
 .text.microrl_set_sigint_callback
                0x00000000080017e0       0x1c ./Core/Src/microrl.o
                0x00000000080017e0                microrl_set_sigint_callback
 .text.hist_search
                0x00000000080017fc       0x60 ./Core/Src/microrl.o
 .text.escape_process
                0x000000000800185c      0x11c ./Core/Src/microrl.o
 .text.microrl_insert_text
                0x0000000008001978       0xe6 ./Core/Src/microrl.o
 .text.microrl_backspace
                0x0000000008001a5e       0x7e ./Core/Src/microrl.o
 .text.common_len
                0x0000000008001adc       0xb8 ./Core/Src/microrl.o
 .text.microrl_get_complite
                0x0000000008001b94      0x15c ./Core/Src/microrl.o
 .text.new_line_handler
                0x0000000008001cf0       0xb8 ./Core/Src/microrl.o
                0x0000000008001cf0                new_line_handler
 .text.microrl_insert_char
                0x0000000008001da8      0x3f8 ./Core/Src/microrl.o
                0x0000000008001da8                microrl_insert_char
 .text.microrl_print_char
                0x00000000080021a0       0x24 ./Core/Src/microrl_cmd.o
                0x00000000080021a0                microrl_print_char
 .text.print    0x00000000080021c4       0x78 ./Core/Src/microrl_cmd.o
                0x00000000080021c4                print
 .text.find_color_by_name
                0x000000000800223c       0x48 ./Core/Src/microrl_cmd.o
                0x000000000800223c                find_color_by_name
 .text.print_color
                0x0000000008002284       0x4c ./Core/Src/microrl_cmd.o
                0x0000000008002284                print_color
 .text.str_length
                0x00000000080022d0       0x2c ./Core/Src/microrl_cmd.o
                0x00000000080022d0                str_length
 .text.print_help
                0x00000000080022fc      0x1cc ./Core/Src/microrl_cmd.o
                0x00000000080022fc                print_help
 .text.execute  0x00000000080024c8      0x1a0 ./Core/Src/microrl_cmd.o
                0x00000000080024c8                execute
 .text.complet  0x0000000008002668      0x1a4 ./Core/Src/microrl_cmd.o
                0x0000000008002668                complet
 .text.sigint   0x000000000800280c       0x64 ./Core/Src/microrl_cmd.o
                0x000000000800280c                sigint
 .text.init_microrl
                0x0000000008002870       0x4c ./Core/Src/microrl_cmd.o
                0x0000000008002870                init_microrl
 .text.clear_screen
                0x00000000080028bc       0x28 ./Core/Src/microrl_cmd.o
                0x00000000080028bc                clear_screen
 .text.color_toggle
                0x00000000080028e4       0x34 ./Core/Src/microrl_cmd.o
                0x00000000080028e4                color_toggle
 .text.color_on
                0x0000000008002918       0x34 ./Core/Src/microrl_cmd.o
                0x0000000008002918                color_on
 .text.color_off
                0x000000000800294c       0x34 ./Core/Src/microrl_cmd.o
                0x000000000800294c                color_off
 .text.color_show
                0x0000000008002980       0x44 ./Core/Src/microrl_cmd.o
                0x0000000008002980                color_show
 .text.vfd_text
                0x00000000080029c4       0x9c ./Core/Src/microrl_cmd.o
                0x00000000080029c4                vfd_text
 .text.leds_toggle
                0x0000000008002a60       0x48 ./Core/Src/microrl_cmd.o
                0x0000000008002a60                leds_toggle
 .text.set_td   0x0000000008002aa8       0xb4 ./Core/Src/microrl_cmd.o
                0x0000000008002aa8                set_td
 .text.get_td   0x0000000008002b5c       0xd8 ./Core/Src/microrl_cmd.o
                0x0000000008002b5c                get_td
 .text.get_temp
                0x0000000008002c34      0x12c ./Core/Src/microrl_cmd.o
                0x0000000008002c34                get_temp
 .text.clock    0x0000000008002d60       0x20 ./Core/Src/microrl_cmd.o
                0x0000000008002d60                clock
 .text.HAL_MspInit
                0x0000000008002d80       0x64 ./Core/Src/stm32f1xx_hal_msp.o
                0x0000000008002d80                HAL_MspInit
 .text.HAL_I2C_MspInit
                0x0000000008002de4       0x7c ./Core/Src/stm32f1xx_hal_msp.o
                0x0000000008002de4                HAL_I2C_MspInit
 .text.HAL_SPI_MspInit
                0x0000000008002e60       0x98 ./Core/Src/stm32f1xx_hal_msp.o
                0x0000000008002e60                HAL_SPI_MspInit
 .text.NMI_Handler
                0x0000000008002ef8        0x6 ./Core/Src/stm32f1xx_it.o
                0x0000000008002ef8                NMI_Handler
 .text.HardFault_Handler
                0x0000000008002efe        0x6 ./Core/Src/stm32f1xx_it.o
                0x0000000008002efe                HardFault_Handler
 .text.MemManage_Handler
                0x0000000008002f04        0x6 ./Core/Src/stm32f1xx_it.o
                0x0000000008002f04                MemManage_Handler
 .text.BusFault_Handler
                0x0000000008002f0a        0x6 ./Core/Src/stm32f1xx_it.o
                0x0000000008002f0a                BusFault_Handler
 .text.UsageFault_Handler
                0x0000000008002f10        0x6 ./Core/Src/stm32f1xx_it.o
                0x0000000008002f10                UsageFault_Handler
 .text.SVC_Handler
                0x0000000008002f16        0xc ./Core/Src/stm32f1xx_it.o
                0x0000000008002f16                SVC_Handler
 .text.DebugMon_Handler
                0x0000000008002f22        0xc ./Core/Src/stm32f1xx_it.o
                0x0000000008002f22                DebugMon_Handler
 .text.PendSV_Handler
                0x0000000008002f2e        0xc ./Core/Src/stm32f1xx_it.o
                0x0000000008002f2e                PendSV_Handler
 .text.SysTick_Handler
                0x0000000008002f3a        0xc ./Core/Src/stm32f1xx_it.o
                0x0000000008002f3a                SysTick_Handler
 *fill*         0x0000000008002f46        0x2 
 .text.USB_LP_CAN1_RX0_IRQHandler
                0x0000000008002f48       0x14 ./Core/Src/stm32f1xx_it.o
                0x0000000008002f48                USB_LP_CAN1_RX0_IRQHandler
 .text.SystemInit
                0x0000000008002f5c        0xc ./Core/Src/system_stm32f1xx.o
                0x0000000008002f5c                SystemInit
 .text.get_char
                0x0000000008002f68       0xd8 ./Core/Src/vfd.o
                0x0000000008002f68                get_char
 .text.str2vfd  0x0000000008003040      0x10c ./Core/Src/vfd.o
                0x0000000008003040                str2vfd
 .text.symbols_vfd
                0x000000000800314c      0x120 ./Core/Src/vfd.o
                0x000000000800314c                symbols_vfd
 .text.clr_vfd  0x000000000800326c       0x34 ./Core/Src/vfd.o
                0x000000000800326c                clr_vfd
 .text.save_vfd
                0x00000000080032a0       0x40 ./Core/Src/vfd.o
                0x00000000080032a0                save_vfd
 .text.restore_vfd
                0x00000000080032e0       0x40 ./Core/Src/vfd.o
                0x00000000080032e0                restore_vfd
 .text.Reset_Handler
                0x0000000008003320       0x48 ./Core/Startup/startup_stm32f103c8tx.o
                0x0000000008003320                Reset_Handler
 .text.Default_Handler
                0x0000000008003368        0x2 ./Core/Startup/startup_stm32f103c8tx.o
                0x0000000008003368                RTC_Alarm_IRQHandler
                0x0000000008003368                EXTI2_IRQHandler
                0x0000000008003368                TIM1_CC_IRQHandler
                0x0000000008003368                PVD_IRQHandler
                0x0000000008003368                EXTI3_IRQHandler
                0x0000000008003368                EXTI0_IRQHandler
                0x0000000008003368                I2C2_EV_IRQHandler
                0x0000000008003368                ADC1_2_IRQHandler
                0x0000000008003368                SPI1_IRQHandler
                0x0000000008003368                TAMPER_IRQHandler
                0x0000000008003368                DMA1_Channel4_IRQHandler
                0x0000000008003368                USART3_IRQHandler
                0x0000000008003368                RTC_IRQHandler
                0x0000000008003368                DMA1_Channel7_IRQHandler
                0x0000000008003368                CAN1_RX1_IRQHandler
                0x0000000008003368                TIM4_IRQHandler
                0x0000000008003368                I2C1_EV_IRQHandler
                0x0000000008003368                DMA1_Channel6_IRQHandler
                0x0000000008003368                TIM3_IRQHandler
                0x0000000008003368                RCC_IRQHandler
                0x0000000008003368                TIM1_TRG_COM_IRQHandler
                0x0000000008003368                DMA1_Channel1_IRQHandler
                0x0000000008003368                Default_Handler
                0x0000000008003368                EXTI15_10_IRQHandler
                0x0000000008003368                EXTI9_5_IRQHandler
                0x0000000008003368                SPI2_IRQHandler
                0x0000000008003368                DMA1_Channel5_IRQHandler
                0x0000000008003368                EXTI4_IRQHandler
                0x0000000008003368                USB_HP_CAN1_TX_IRQHandler
                0x0000000008003368                DMA1_Channel3_IRQHandler
                0x0000000008003368                TIM1_UP_IRQHandler
                0x0000000008003368                WWDG_IRQHandler
                0x0000000008003368                TIM2_IRQHandler
                0x0000000008003368                TIM1_BRK_IRQHandler
                0x0000000008003368                EXTI1_IRQHandler
                0x0000000008003368                USART2_IRQHandler
                0x0000000008003368                I2C2_ER_IRQHandler
                0x0000000008003368                DMA1_Channel2_IRQHandler
                0x0000000008003368                CAN1_SCE_IRQHandler
                0x0000000008003368                FLASH_IRQHandler
                0x0000000008003368                USART1_IRQHandler
                0x0000000008003368                I2C1_ER_IRQHandler
                0x0000000008003368                USBWakeUp_IRQHandler
 *fill*         0x000000000800336a        0x2 
 .text.HAL_Init
                0x000000000800336c       0x2c ./Drivers/STM32F1xx_HAL_Driver/Src/stm32f1xx_hal.o
                0x000000000800336c                HAL_Init
 .text.HAL_InitTick
                0x0000000008003398       0x60 ./Drivers/STM32F1xx_HAL_Driver/Src/stm32f1xx_hal.o
                0x0000000008003398                HAL_InitTick
 .text.HAL_IncTick
                0x00000000080033f8       0x24 ./Drivers/STM32F1xx_HAL_Driver/Src/stm32f1xx_hal.o
                0x00000000080033f8                HAL_IncTick
 .text.HAL_GetTick
                0x000000000800341c       0x14 ./Drivers/STM32F1xx_HAL_Driver/Src/stm32f1xx_hal.o
                0x000000000800341c                HAL_GetTick
 .text.HAL_Delay
                0x0000000008003430       0x48 ./Drivers/STM32F1xx_HAL_Driver/Src/stm32f1xx_hal.o
                0x0000000008003430                HAL_Delay
 .text.__NVIC_SetPriorityGrouping
                0x0000000008003478       0x48 ./Drivers/STM32F1xx_HAL_Driver/Src/stm32f1xx_hal_cortex.o
 .text.__NVIC_GetPriorityGrouping
                0x00000000080034c0       0x1c ./Drivers/STM32F1xx_HAL_Driver/Src/stm32f1xx_hal_cortex.o
 .text.__NVIC_EnableIRQ
                0x00000000080034dc       0x38 ./Drivers/STM32F1xx_HAL_Driver/Src/stm32f1xx_hal_cortex.o
 .text.__NVIC_SetPriority
                0x0000000008003514       0x54 ./Drivers/STM32F1xx_HAL_Driver/Src/stm32f1xx_hal_cortex.o
 .text.NVIC_EncodePriority
                0x0000000008003568       0x64 ./Drivers/STM32F1xx_HAL_Driver/Src/stm32f1xx_hal_cortex.o
 .text.SysTick_Config
                0x00000000080035cc       0x44 ./Drivers/STM32F1xx_HAL_Driver/Src/stm32f1xx_hal_cortex.o
 .text.HAL_NVIC_SetPriorityGrouping
                0x0000000008003610       0x16 ./Drivers/STM32F1xx_HAL_Driver/Src/stm32f1xx_hal_cortex.o
                0x0000000008003610                HAL_NVIC_SetPriorityGrouping
 .text.HAL_NVIC_SetPriority
                0x0000000008003626       0x38 ./Drivers/STM32F1xx_HAL_Driver/Src/stm32f1xx_hal_cortex.o
                0x0000000008003626                HAL_NVIC_SetPriority
 .text.HAL_NVIC_EnableIRQ
                0x000000000800365e       0x1c ./Drivers/STM32F1xx_HAL_Driver/Src/stm32f1xx_hal_cortex.o
                0x000000000800365e                HAL_NVIC_EnableIRQ
 .text.HAL_SYSTICK_Config
                0x000000000800367a       0x18 ./Drivers/STM32F1xx_HAL_Driver/Src/stm32f1xx_hal_cortex.o
                0x000000000800367a                HAL_SYSTICK_Config
 *fill*         0x0000000008003692        0x2 
 .text.HAL_GPIO_Init
                0x0000000008003694      0x308 ./Drivers/STM32F1xx_HAL_Driver/Src/stm32f1xx_hal_gpio.o
                0x0000000008003694                HAL_GPIO_Init
 .text.HAL_GPIO_ReadPin
                0x000000000800399c       0x2e ./Drivers/STM32F1xx_HAL_Driver/Src/stm32f1xx_hal_gpio.o
                0x000000000800399c                HAL_GPIO_ReadPin
 .text.HAL_GPIO_WritePin
                0x00000000080039ca       0x30 ./Drivers/STM32F1xx_HAL_Driver/Src/stm32f1xx_hal_gpio.o
                0x00000000080039ca                HAL_GPIO_WritePin
 .text.HAL_GPIO_TogglePin
                0x00000000080039fa       0x32 ./Drivers/STM32F1xx_HAL_Driver/Src/stm32f1xx_hal_gpio.o
                0x00000000080039fa                HAL_GPIO_TogglePin
 .text.HAL_I2C_Init
                0x0000000008003a2c      0x288 ./Drivers/STM32F1xx_HAL_Driver/Src/stm32f1xx_hal_i2c.o
                0x0000000008003a2c                HAL_I2C_Init
 .text.HAL_I2C_Mem_Write
                0x0000000008003cb4      0x1f4 ./Drivers/STM32F1xx_HAL_Driver/Src/stm32f1xx_hal_i2c.o
                0x0000000008003cb4                HAL_I2C_Mem_Write
 .text.HAL_I2C_Mem_Read
                0x0000000008003ea8      0x4d0 ./Drivers/STM32F1xx_HAL_Driver/Src/stm32f1xx_hal_i2c.o
                0x0000000008003ea8                HAL_I2C_Mem_Read
 .text.I2C_RequestMemoryWrite
                0x0000000008004378      0x12c ./Drivers/STM32F1xx_HAL_Driver/Src/stm32f1xx_hal_i2c.o
 .text.I2C_RequestMemoryRead
                0x00000000080044a4      0x1d0 ./Drivers/STM32F1xx_HAL_Driver/Src/stm32f1xx_hal_i2c.o
 .text.I2C_WaitOnFlagUntilTimeout
                0x0000000008004674       0xae ./Drivers/STM32F1xx_HAL_Driver/Src/stm32f1xx_hal_i2c.o
 .text.I2C_WaitOnMasterAddressFlagUntilTimeout
                0x0000000008004722       0xfe ./Drivers/STM32F1xx_HAL_Driver/Src/stm32f1xx_hal_i2c.o
 .text.I2C_WaitOnTXEFlagUntilTimeout
                0x0000000008004820       0x82 ./Drivers/STM32F1xx_HAL_Driver/Src/stm32f1xx_hal_i2c.o
 .text.I2C_WaitOnBTFFlagUntilTimeout
                0x00000000080048a2       0x82 ./Drivers/STM32F1xx_HAL_Driver/Src/stm32f1xx_hal_i2c.o
 .text.I2C_WaitOnRXNEFlagUntilTimeout
                0x0000000008004924       0xac ./Drivers/STM32F1xx_HAL_Driver/Src/stm32f1xx_hal_i2c.o
 .text.I2C_IsAcknowledgeFailed
                0x00000000080049d0       0x5c ./Drivers/STM32F1xx_HAL_Driver/Src/stm32f1xx_hal_i2c.o
 .text.HAL_PCD_Init
                0x0000000008004a2c      0x216 ./Drivers/STM32F1xx_HAL_Driver/Src/stm32f1xx_hal_pcd.o
                0x0000000008004a2c                HAL_PCD_Init
 .text.HAL_PCD_Start
                0x0000000008004c42       0x4c ./Drivers/STM32F1xx_HAL_Driver/Src/stm32f1xx_hal_pcd.o
                0x0000000008004c42                HAL_PCD_Start
 .text.HAL_PCD_IRQHandler
                0x0000000008004c8e      0x2aa ./Drivers/STM32F1xx_HAL_Driver/Src/stm32f1xx_hal_pcd.o
                0x0000000008004c8e                HAL_PCD_IRQHandler
 .text.HAL_PCD_SetAddress
                0x0000000008004f38       0x4a ./Drivers/STM32F1xx_HAL_Driver/Src/stm32f1xx_hal_pcd.o
                0x0000000008004f38                HAL_PCD_SetAddress
 .text.HAL_PCD_EP_Open
                0x0000000008004f82       0xcc ./Drivers/STM32F1xx_HAL_Driver/Src/stm32f1xx_hal_pcd.o
                0x0000000008004f82                HAL_PCD_EP_Open
 .text.HAL_PCD_EP_Close
                0x000000000800504e       0x90 ./Drivers/STM32F1xx_HAL_Driver/Src/stm32f1xx_hal_pcd.o
                0x000000000800504e                HAL_PCD_EP_Close
 .text.HAL_PCD_EP_Receive
                0x00000000080050de       0x7a ./Drivers/STM32F1xx_HAL_Driver/Src/stm32f1xx_hal_pcd.o
                0x00000000080050de                HAL_PCD_EP_Receive
 .text.HAL_PCD_EP_GetRxCount
                0x0000000008005158       0x2e ./Drivers/STM32F1xx_HAL_Driver/Src/stm32f1xx_hal_pcd.o
                0x0000000008005158                HAL_PCD_EP_GetRxCount
 .text.HAL_PCD_EP_Transmit
                0x0000000008005186       0x86 ./Drivers/STM32F1xx_HAL_Driver/Src/stm32f1xx_hal_pcd.o
                0x0000000008005186                HAL_PCD_EP_Transmit
 .text.HAL_PCD_EP_SetStall
                0x000000000800520c       0xc0 ./Drivers/STM32F1xx_HAL_Driver/Src/stm32f1xx_hal_pcd.o
                0x000000000800520c                HAL_PCD_EP_SetStall
 .text.HAL_PCD_EP_ClrStall
                0x00000000080052cc       0xa8 ./Drivers/STM32F1xx_HAL_Driver/Src/stm32f1xx_hal_pcd.o
                0x00000000080052cc                HAL_PCD_EP_ClrStall
 .text.PCD_EP_ISR_Handler
                0x0000000008005374      0x600 ./Drivers/STM32F1xx_HAL_Driver/Src/stm32f1xx_hal_pcd.o
 .text.HAL_PCD_EP_DB_Receive
                0x0000000008005974      0x21a ./Drivers/STM32F1xx_HAL_Driver/Src/stm32f1xx_hal_pcd.o
 .text.HAL_PCD_EP_DB_Transmit
                0x0000000008005b8e      0x7a4 ./Drivers/STM32F1xx_HAL_Driver/Src/stm32f1xx_hal_pcd.o
 .text.HAL_PCDEx_PMAConfig
                0x0000000008006332       0x84 ./Drivers/STM32F1xx_HAL_Driver/Src/stm32f1xx_hal_pcd_ex.o
                0x0000000008006332                HAL_PCDEx_PMAConfig
 *fill*         0x00000000080063b6        0x2 
 .text.HAL_RCC_OscConfig
                0x00000000080063b8      0x500 ./Drivers/STM32F1xx_HAL_Driver/Src/stm32f1xx_hal_rcc.o
                0x00000000080063b8                HAL_RCC_OscConfig
 .text.HAL_RCC_ClockConfig
                0x00000000080068b8      0x1d4 ./Drivers/STM32F1xx_HAL_Driver/Src/stm32f1xx_hal_rcc.o
                0x00000000080068b8                HAL_RCC_ClockConfig
 .text.HAL_RCC_GetSysClockFreq
                0x0000000008006a8c       0xc4 ./Drivers/STM32F1xx_HAL_Driver/Src/stm32f1xx_hal_rcc.o
                0x0000000008006a8c                HAL_RCC_GetSysClockFreq
 .text.HAL_RCC_GetHCLKFreq
                0x0000000008006b50       0x14 ./Drivers/STM32F1xx_HAL_Driver/Src/stm32f1xx_hal_rcc.o
                0x0000000008006b50                HAL_RCC_GetHCLKFreq
 .text.HAL_RCC_GetPCLK1Freq
                0x0000000008006b64       0x28 ./Drivers/STM32F1xx_HAL_Driver/Src/stm32f1xx_hal_rcc.o
                0x0000000008006b64                HAL_RCC_GetPCLK1Freq
 .text.RCC_Delay
                0x0000000008006b8c       0x3c ./Drivers/STM32F1xx_HAL_Driver/Src/stm32f1xx_hal_rcc.o
 .text.HAL_RCCEx_PeriphCLKConfig
                0x0000000008006bc8      0x16c ./Drivers/STM32F1xx_HAL_Driver/Src/stm32f1xx_hal_rcc_ex.o
                0x0000000008006bc8                HAL_RCCEx_PeriphCLKConfig
 .text.HAL_SPI_Init
                0x0000000008006d34      0x108 ./Drivers/STM32F1xx_HAL_Driver/Src/stm32f1xx_hal_spi.o
                0x0000000008006d34                HAL_SPI_Init
 .text.HAL_SPI_Transmit
                0x0000000008006e3c      0x278 ./Drivers/STM32F1xx_HAL_Driver/Src/stm32f1xx_hal_spi.o
                0x0000000008006e3c                HAL_SPI_Transmit
 .text.SPI_WaitFlagStateUntilTimeout
                0x00000000080070b4      0x110 ./Drivers/STM32F1xx_HAL_Driver/Src/stm32f1xx_hal_spi.o
 .text.SPI_EndRxTxTransaction
                0x00000000080071c4       0x3c ./Drivers/STM32F1xx_HAL_Driver/Src/stm32f1xx_hal_spi.o
 .text.USB_CoreInit
                0x0000000008007200       0x20 ./Drivers/STM32F1xx_HAL_Driver/Src/stm32f1xx_ll_usb.o
                0x0000000008007200                USB_CoreInit
 .text.USB_EnableGlobalInt
                0x0000000008007220       0x2c ./Drivers/STM32F1xx_HAL_Driver/Src/stm32f1xx_ll_usb.o
                0x0000000008007220                USB_EnableGlobalInt
 .text.USB_DisableGlobalInt
                0x000000000800724c       0x34 ./Drivers/STM32F1xx_HAL_Driver/Src/stm32f1xx_ll_usb.o
                0x000000000800724c                USB_DisableGlobalInt
 .text.USB_SetCurrentMode
                0x0000000008007280       0x18 ./Drivers/STM32F1xx_HAL_Driver/Src/stm32f1xx_ll_usb.o
                0x0000000008007280                USB_SetCurrentMode
 .text.USB_DevInit
                0x0000000008007298       0x40 ./Drivers/STM32F1xx_HAL_Driver/Src/stm32f1xx_ll_usb.o
                0x0000000008007298                USB_DevInit
 .text.USB_ActivateEndpoint
                0x00000000080072d8      0x6d4 ./Drivers/STM32F1xx_HAL_Driver/Src/stm32f1xx_ll_usb.o
                0x00000000080072d8                USB_ActivateEndpoint
 .text.USB_DeactivateEndpoint
                0x00000000080079ac      0x3d8 ./Drivers/STM32F1xx_HAL_Driver/Src/stm32f1xx_ll_usb.o
                0x00000000080079ac                USB_DeactivateEndpoint
 .text.USB_EPStartXfer
                0x0000000008007d84     0x15ee ./Drivers/STM32F1xx_HAL_Driver/Src/stm32f1xx_ll_usb.o
                0x0000000008007d84                USB_EPStartXfer
 .text.USB_EPSetStall
                0x0000000008009372       0xa0 ./Drivers/STM32F1xx_HAL_Driver/Src/stm32f1xx_ll_usb.o
                0x0000000008009372                USB_EPSetStall
 .text.USB_EPClearStall
                0x0000000008009412      0x15a ./Drivers/STM32F1xx_HAL_Driver/Src/stm32f1xx_ll_usb.o
                0x0000000008009412                USB_EPClearStall
 .text.USB_SetDevAddress
                0x000000000800956c       0x26 ./Drivers/STM32F1xx_HAL_Driver/Src/stm32f1xx_ll_usb.o
                0x000000000800956c                USB_SetDevAddress
 .text.USB_DevConnect
                0x0000000008009592       0x14 ./Drivers/STM32F1xx_HAL_Driver/Src/stm32f1xx_ll_usb.o
                0x0000000008009592                USB_DevConnect
 .text.USB_DevDisconnect
                0x00000000080095a6       0x14 ./Drivers/STM32F1xx_HAL_Driver/Src/stm32f1xx_ll_usb.o
                0x00000000080095a6                USB_DevDisconnect
 .text.USB_ReadInterrupts
                0x00000000080095ba       0x1e ./Drivers/STM32F1xx_HAL_Driver/Src/stm32f1xx_ll_usb.o
                0x00000000080095ba                USB_ReadInterrupts
 .text.USB_EP0_OutStart
                0x00000000080095d8       0x16 ./Drivers/STM32F1xx_HAL_Driver/Src/stm32f1xx_ll_usb.o
                0x00000000080095d8                USB_EP0_OutStart
 .text.USB_WritePMA
                0x00000000080095ee       0x8a ./Drivers/STM32F1xx_HAL_Driver/Src/stm32f1xx_ll_usb.o
                0x00000000080095ee                USB_WritePMA
 .text.USB_ReadPMA
                0x0000000008009678       0x9e ./Drivers/STM32F1xx_HAL_Driver/Src/stm32f1xx_ll_usb.o
                0x0000000008009678                USB_ReadPMA
 .text.USBD_CDC_Init
                0x0000000008009716       0xf4 ./Middlewares/ST/STM32_USB_Device_Library/Class/CDC/Src/usbd_cdc.o
 .text.USBD_CDC_DeInit
                0x000000000800980a       0x6e ./Middlewares/ST/STM32_USB_Device_Library/Class/CDC/Src/usbd_cdc.o
 .text.USBD_CDC_Setup
                0x0000000008009878      0x146 ./Middlewares/ST/STM32_USB_Device_Library/Class/CDC/Src/usbd_cdc.o
 .text.USBD_CDC_DataIn
                0x00000000080099be       0xa6 ./Middlewares/ST/STM32_USB_Device_Library/Class/CDC/Src/usbd_cdc.o
 .text.USBD_CDC_DataOut
                0x0000000008009a64       0x56 ./Middlewares/ST/STM32_USB_Device_Library/Class/CDC/Src/usbd_cdc.o
 .text.USBD_CDC_EP0_RxReady
                0x0000000008009aba       0x50 ./Middlewares/ST/STM32_USB_Device_Library/Class/CDC/Src/usbd_cdc.o
 *fill*         0x0000000008009b0a        0x2 
 .text.USBD_CDC_GetFSCfgDesc
                0x0000000008009b0c       0x20 ./Middlewares/ST/STM32_USB_Device_Library/Class/CDC/Src/usbd_cdc.o
 .text.USBD_CDC_GetHSCfgDesc
                0x0000000008009b2c       0x20 ./Middlewares/ST/STM32_USB_Device_Library/Class/CDC/Src/usbd_cdc.o
 .text.USBD_CDC_GetOtherSpeedCfgDesc
                0x0000000008009b4c       0x20 ./Middlewares/ST/STM32_USB_Device_Library/Class/CDC/Src/usbd_cdc.o
 .text.USBD_CDC_GetDeviceQualifierDescriptor
                0x0000000008009b6c       0x20 ./Middlewares/ST/STM32_USB_Device_Library/Class/CDC/Src/usbd_cdc.o
                0x0000000008009b6c                USBD_CDC_GetDeviceQualifierDescriptor
 .text.USBD_CDC_RegisterInterface
                0x0000000008009b8c       0x2c ./Middlewares/ST/STM32_USB_Device_Library/Class/CDC/Src/usbd_cdc.o
                0x0000000008009b8c                USBD_CDC_RegisterInterface
 .text.USBD_CDC_SetTxBuffer
                0x0000000008009bb8       0x32 ./Middlewares/ST/STM32_USB_Device_Library/Class/CDC/Src/usbd_cdc.o
                0x0000000008009bb8                USBD_CDC_SetTxBuffer
 .text.USBD_CDC_SetRxBuffer
                0x0000000008009bea       0x26 ./Middlewares/ST/STM32_USB_Device_Library/Class/CDC/Src/usbd_cdc.o
                0x0000000008009bea                USBD_CDC_SetRxBuffer
 .text.USBD_CDC_TransmitPacket
                0x0000000008009c10       0x5e ./Middlewares/ST/STM32_USB_Device_Library/Class/CDC/Src/usbd_cdc.o
                0x0000000008009c10                USBD_CDC_TransmitPacket
 .text.USBD_CDC_ReceivePacket
                0x0000000008009c6e       0x54 ./Middlewares/ST/STM32_USB_Device_Library/Class/CDC/Src/usbd_cdc.o
                0x0000000008009c6e                USBD_CDC_ReceivePacket
 .text.USBD_Init
                0x0000000008009cc2       0x56 ./Middlewares/ST/STM32_USB_Device_Library/Core/Src/usbd_core.o
                0x0000000008009cc2                USBD_Init
 .text.USBD_RegisterClass
                0x0000000008009d18       0x32 ./Middlewares/ST/STM32_USB_Device_Library/Core/Src/usbd_core.o
                0x0000000008009d18                USBD_RegisterClass
 .text.USBD_Start
                0x0000000008009d4a       0x18 ./Middlewares/ST/STM32_USB_Device_Library/Core/Src/usbd_core.o
                0x0000000008009d4a                USBD_Start
 .text.USBD_RunTestMode
                0x0000000008009d62       0x14 ./Middlewares/ST/STM32_USB_Device_Library/Core/Src/usbd_core.o
                0x0000000008009d62                USBD_RunTestMode
 .text.USBD_SetClassConfig
                0x0000000008009d76       0x3e ./Middlewares/ST/STM32_USB_Device_Library/Core/Src/usbd_core.o
                0x0000000008009d76                USBD_SetClassConfig
 .text.USBD_ClrClassConfig
                0x0000000008009db4       0x26 ./Middlewares/ST/STM32_USB_Device_Library/Core/Src/usbd_core.o
                0x0000000008009db4                USBD_ClrClassConfig
 .text.USBD_LL_SetupStage
                0x0000000008009dda       0x9a ./Middlewares/ST/STM32_USB_Device_Library/Core/Src/usbd_core.o
                0x0000000008009dda                USBD_LL_SetupStage
 .text.USBD_LL_DataOutStage
                0x0000000008009e74       0xe2 ./Middlewares/ST/STM32_USB_Device_Library/Core/Src/usbd_core.o
                0x0000000008009e74                USBD_LL_DataOutStage
 .text.USBD_LL_DataInStage
                0x0000000008009f56      0x14a ./Middlewares/ST/STM32_USB_Device_Library/Core/Src/usbd_core.o
                0x0000000008009f56                USBD_LL_DataInStage
 .text.USBD_LL_Reset
                0x000000000800a0a0       0x82 ./Middlewares/ST/STM32_USB_Device_Library/Core/Src/usbd_core.o
                0x000000000800a0a0                USBD_LL_Reset
 .text.USBD_LL_SetSpeed
                0x000000000800a122       0x1e ./Middlewares/ST/STM32_USB_Device_Library/Core/Src/usbd_core.o
                0x000000000800a122                USBD_LL_SetSpeed
 .text.USBD_LL_Suspend
                0x000000000800a140       0x28 ./Middlewares/ST/STM32_USB_Device_Library/Core/Src/usbd_core.o
                0x000000000800a140                USBD_LL_Suspend
 .text.USBD_LL_Resume
                0x000000000800a168       0x2a ./Middlewares/ST/STM32_USB_Device_Library/Core/Src/usbd_core.o
                0x000000000800a168                USBD_LL_Resume
 .text.USBD_LL_SOF
                0x000000000800a192       0x34 ./Middlewares/ST/STM32_USB_Device_Library/Core/Src/usbd_core.o
                0x000000000800a192                USBD_LL_SOF
 *fill*         0x000000000800a1c6        0x2 
 .text.USBD_StdDevReq
                0x000000000800a1c8       0xd4 ./Middlewares/ST/STM32_USB_Device_Library/Core/Src/usbd_ctlreq.o
                0x000000000800a1c8                USBD_StdDevReq
 .text.USBD_StdItfReq
                0x000000000800a29c       0x90 ./Middlewares/ST/STM32_USB_Device_Library/Core/Src/usbd_ctlreq.o
                0x000000000800a29c                USBD_StdItfReq
 .text.USBD_StdEPReq
                0x000000000800a32c      0x2c6 ./Middlewares/ST/STM32_USB_Device_Library/Core/Src/usbd_ctlreq.o
                0x000000000800a32c                USBD_StdEPReq
 *fill*         0x000000000800a5f2        0x2 
 .text.USBD_GetDescriptor
                0x000000000800a5f4      0x2d0 ./Middlewares/ST/STM32_USB_Device_Library/Core/Src/usbd_ctlreq.o
 .text.USBD_SetAddress
                0x000000000800a8c4       0x86 ./Middlewares/ST/STM32_USB_Device_Library/Core/Src/usbd_ctlreq.o
 *fill*         0x000000000800a94a        0x2 
 .text.USBD_SetConfig
                0x000000000800a94c      0x11c ./Middlewares/ST/STM32_USB_Device_Library/Core/Src/usbd_ctlreq.o
 .text.USBD_GetConfig
                0x000000000800aa68       0x6a ./Middlewares/ST/STM32_USB_Device_Library/Core/Src/usbd_ctlreq.o
 .text.USBD_GetStatus
                0x000000000800aad2       0x66 ./Middlewares/ST/STM32_USB_Device_Library/Core/Src/usbd_ctlreq.o
 .text.USBD_SetFeature
                0x000000000800ab38       0x28 ./Middlewares/ST/STM32_USB_Device_Library/Core/Src/usbd_ctlreq.o
 .text.USBD_ClrFeature
                0x000000000800ab60       0x42 ./Middlewares/ST/STM32_USB_Device_Library/Core/Src/usbd_ctlreq.o
 .text.USBD_ParseSetupRequest
                0x000000000800aba2       0x78 ./Middlewares/ST/STM32_USB_Device_Library/Core/Src/usbd_ctlreq.o
                0x000000000800aba2                USBD_ParseSetupRequest
 .text.USBD_CtlError
                0x000000000800ac1a       0x22 ./Middlewares/ST/STM32_USB_Device_Library/Core/Src/usbd_ctlreq.o
                0x000000000800ac1a                USBD_CtlError
 .text.USBD_GetString
                0x000000000800ac3c       0x84 ./Middlewares/ST/STM32_USB_Device_Library/Core/Src/usbd_ctlreq.o
                0x000000000800ac3c                USBD_GetString
 .text.USBD_GetLen
                0x000000000800acc0       0x2e ./Middlewares/ST/STM32_USB_Device_Library/Core/Src/usbd_ctlreq.o
 .text.USBD_CtlSendData
                0x000000000800acee       0x38 ./Middlewares/ST/STM32_USB_Device_Library/Core/Src/usbd_ioreq.o
                0x000000000800acee                USBD_CtlSendData
 .text.USBD_CtlContinueSendData
                0x000000000800ad26       0x24 ./Middlewares/ST/STM32_USB_Device_Library/Core/Src/usbd_ioreq.o
                0x000000000800ad26                USBD_CtlContinueSendData
 .text.USBD_CtlPrepareRx
                0x000000000800ad4a       0x3c ./Middlewares/ST/STM32_USB_Device_Library/Core/Src/usbd_ioreq.o
                0x000000000800ad4a                USBD_CtlPrepareRx
 .text.USBD_CtlContinueRx
                0x000000000800ad86       0x24 ./Middlewares/ST/STM32_USB_Device_Library/Core/Src/usbd_ioreq.o
                0x000000000800ad86                USBD_CtlContinueRx
 .text.USBD_CtlSendStatus
                0x000000000800adaa       0x26 ./Middlewares/ST/STM32_USB_Device_Library/Core/Src/usbd_ioreq.o
                0x000000000800adaa                USBD_CtlSendStatus
 .text.USBD_CtlReceiveStatus
                0x000000000800add0       0x26 ./Middlewares/ST/STM32_USB_Device_Library/Core/Src/usbd_ioreq.o
                0x000000000800add0                USBD_CtlReceiveStatus
 *fill*         0x000000000800adf6        0x2 
 .text.MX_USB_DEVICE_Init
                0x000000000800adf8       0x60 ./USB_DEVICE/App/usb_device.o
                0x000000000800adf8                MX_USB_DEVICE_Init
 .text.CDC_Init_FS
                0x000000000800ae58       0x28 ./USB_DEVICE/App/usbd_cdc_if.o
 .text.CDC_DeInit_FS
                0x000000000800ae80        0xe ./USB_DEVICE/App/usbd_cdc_if.o
 *fill*         0x000000000800ae8e        0x2 
 .text.CDC_Control_FS
                0x000000000800ae90       0xbc ./USB_DEVICE/App/usbd_cdc_if.o
 .text.CDC_Receive_FS
                0x000000000800af4c       0x4c ./USB_DEVICE/App/usbd_cdc_if.o
 .text.CDC_Transmit_FS
                0x000000000800af98       0x4c ./USB_DEVICE/App/usbd_cdc_if.o
                0x000000000800af98                CDC_Transmit_FS
 .text.USBD_FS_DeviceDescriptor
                0x000000000800afe4       0x24 ./USB_DEVICE/App/usbd_desc.o
                0x000000000800afe4                USBD_FS_DeviceDescriptor
 .text.USBD_FS_LangIDStrDescriptor
                0x000000000800b008       0x24 ./USB_DEVICE/App/usbd_desc.o
                0x000000000800b008                USBD_FS_LangIDStrDescriptor
 .text.USBD_FS_ProductStrDescriptor
                0x000000000800b02c       0x3c ./USB_DEVICE/App/usbd_desc.o
                0x000000000800b02c                USBD_FS_ProductStrDescriptor
 .text.USBD_FS_ManufacturerStrDescriptor
                0x000000000800b068       0x28 ./USB_DEVICE/App/usbd_desc.o
                0x000000000800b068                USBD_FS_ManufacturerStrDescriptor
 .text.USBD_FS_SerialStrDescriptor
                0x000000000800b090       0x24 ./USB_DEVICE/App/usbd_desc.o
                0x000000000800b090                USBD_FS_SerialStrDescriptor
 .text.USBD_FS_ConfigStrDescriptor
                0x000000000800b0b4       0x3c ./USB_DEVICE/App/usbd_desc.o
                0x000000000800b0b4                USBD_FS_ConfigStrDescriptor
 .text.USBD_FS_InterfaceStrDescriptor
                0x000000000800b0f0       0x3c ./USB_DEVICE/App/usbd_desc.o
                0x000000000800b0f0                USBD_FS_InterfaceStrDescriptor
 .text.Get_SerialNum
                0x000000000800b12c       0x58 ./USB_DEVICE/App/usbd_desc.o
 .text.IntToUnicode
                0x000000000800b184       0x7c ./USB_DEVICE/App/usbd_desc.o
 .text.HAL_PCD_MspInit
                0x000000000800b200       0x4c ./USB_DEVICE/Target/usbd_conf.o
                0x000000000800b200                HAL_PCD_MspInit
 .text.HAL_PCD_SetupStageCallback
                0x000000000800b24c       0x24 ./USB_DEVICE/Target/usbd_conf.o
                0x000000000800b24c                HAL_PCD_SetupStageCallback
 .text.HAL_PCD_DataOutStageCallback
                0x000000000800b270       0x36 ./USB_DEVICE/Target/usbd_conf.o
                0x000000000800b270                HAL_PCD_DataOutStageCallback
 .text.HAL_PCD_DataInStageCallback
                0x000000000800b2a6       0x34 ./USB_DEVICE/Target/usbd_conf.o
                0x000000000800b2a6                HAL_PCD_DataInStageCallback
 .text.HAL_PCD_SOFCallback
                0x000000000800b2da       0x1c ./USB_DEVICE/Target/usbd_conf.o
                0x000000000800b2da                HAL_PCD_SOFCallback
 .text.HAL_PCD_ResetCallback
                0x000000000800b2f6       0x3c ./USB_DEVICE/Target/usbd_conf.o
                0x000000000800b2f6                HAL_PCD_ResetCallback
 *fill*         0x000000000800b332        0x2 
 .text.HAL_PCD_SuspendCallback
                0x000000000800b334       0x34 ./USB_DEVICE/Target/usbd_conf.o
                0x000000000800b334                HAL_PCD_SuspendCallback
 .text.HAL_PCD_ResumeCallback
                0x000000000800b368       0x1c ./USB_DEVICE/Target/usbd_conf.o
                0x000000000800b368                HAL_PCD_ResumeCallback
 .text.USBD_LL_Init
                0x000000000800b384       0xb4 ./USB_DEVICE/Target/usbd_conf.o
                0x000000000800b384                USBD_LL_Init
 .text.USBD_LL_Start
                0x000000000800b438       0x36 ./USB_DEVICE/Target/usbd_conf.o
                0x000000000800b438                USBD_LL_Start
 .text.USBD_LL_OpenEP
                0x000000000800b46e       0x4c ./USB_DEVICE/Target/usbd_conf.o
                0x000000000800b46e                USBD_LL_OpenEP
 .text.USBD_LL_CloseEP
                0x000000000800b4ba       0x3e ./USB_DEVICE/Target/usbd_conf.o
                0x000000000800b4ba                USBD_LL_CloseEP
 .text.USBD_LL_StallEP
                0x000000000800b4f8       0x3e ./USB_DEVICE/Target/usbd_conf.o
                0x000000000800b4f8                USBD_LL_StallEP
 .text.USBD_LL_ClearStallEP
                0x000000000800b536       0x3e ./USB_DEVICE/Target/usbd_conf.o
                0x000000000800b536                USBD_LL_ClearStallEP
 .text.USBD_LL_IsStallEP
                0x000000000800b574       0x58 ./USB_DEVICE/Target/usbd_conf.o
                0x000000000800b574                USBD_LL_IsStallEP
 .text.USBD_LL_SetUSBAddress
                0x000000000800b5cc       0x3e ./USB_DEVICE/Target/usbd_conf.o
                0x000000000800b5cc                USBD_LL_SetUSBAddress
 .text.USBD_LL_Transmit
                0x000000000800b60a       0x46 ./USB_DEVICE/Target/usbd_conf.o
                0x000000000800b60a                USBD_LL_Transmit
 .text.USBD_LL_PrepareReceive
                0x000000000800b650       0x46 ./USB_DEVICE/Target/usbd_conf.o
                0x000000000800b650                USBD_LL_PrepareReceive
 .text.USBD_LL_GetRxDataSize
                0x000000000800b696       0x26 ./USB_DEVICE/Target/usbd_conf.o
                0x000000000800b696                USBD_LL_GetRxDataSize
 .text.USBD_static_malloc
                0x000000000800b6bc       0x18 ./USB_DEVICE/Target/usbd_conf.o
                0x000000000800b6bc                USBD_static_malloc
 .text.USBD_static_free
                0x000000000800b6d4       0x12 ./USB_DEVICE/Target/usbd_conf.o
                0x000000000800b6d4                USBD_static_free
 .text.HAL_PCDEx_SetConnectionState
                0x000000000800b6e6       0x16 ./USB_DEVICE/Target/usbd_conf.o
                0x000000000800b6e6                HAL_PCDEx_SetConnectionState
 .text.USBD_Get_USB_Status
                0x000000000800b6fc       0x58 ./USB_DEVICE/Target/usbd_conf.o
 .text.__libc_init_array
                0x000000000800b754       0x48 c:/st/stm32cubeide_1.5.1/stm32cubeide/plugins/com.st.stm32cube.ide.mcu.externaltools.gnu-tools-for-stm32.9-2020-q2-update.win32_2.0.0.202105311346/tools/bin/../lib/gcc/arm-none-eabi/9.3.1/../../../../arm-none-eabi/lib/thumb/v7-m/nofp\libc_nano.a(lib_a-init.o)
                0x000000000800b754                __libc_init_array
 .text.memcpy   0x000000000800b79c       0x1c c:/st/stm32cubeide_1.5.1/stm32cubeide/plugins/com.st.stm32cube.ide.mcu.externaltools.gnu-tools-for-stm32.9-2020-q2-update.win32_2.0.0.202105311346/tools/bin/../lib/gcc/arm-none-eabi/9.3.1/../../../../arm-none-eabi/lib/thumb/v7-m/nofp\libc_nano.a(lib_a-memcpy-stub.o)
                0x000000000800b79c                memcpy
 .text.memmove  0x000000000800b7b8       0x34 c:/st/stm32cubeide_1.5.1/stm32cubeide/plugins/com.st.stm32cube.ide.mcu.externaltools.gnu-tools-for-stm32.9-2020-q2-update.win32_2.0.0.202105311346/tools/bin/../lib/gcc/arm-none-eabi/9.3.1/../../../../arm-none-eabi/lib/thumb/v7-m/nofp\libc_nano.a(lib_a-memmove.o)
                0x000000000800b7b8                memmove
 .text.memset   0x000000000800b7ec       0x10 c:/st/stm32cubeide_1.5.1/stm32cubeide/plugins/com.st.stm32cube.ide.mcu.externaltools.gnu-tools-for-stm32.9-2020-q2-update.win32_2.0.0.202105311346/tools/bin/../lib/gcc/arm-none-eabi/9.3.1/../../../../arm-none-eabi/lib/thumb/v7-m/nofp\libc_nano.a(lib_a-memset.o)
                0x000000000800b7ec                memset
 .text.strstr   0x000000000800b7fc       0x2e c:/st/stm32cubeide_1.5.1/stm32cubeide/plugins/com.st.stm32cube.ide.mcu.externaltools.gnu-tools-for-stm32.9-2020-q2-update.win32_2.0.0.202105311346/tools/bin/../lib/gcc/arm-none-eabi/9.3.1/../../../../arm-none-eabi/lib/thumb/v7-m/nofp\libc_nano.a(lib_a-strstr.o)
                0x000000000800b7fc                strstr
 *(.glue_7)
 .glue_7        0x000000000800b82a        0x0 linker stubs
 *(.glue_7t)
 .glue_7t       0x000000000800b82a        0x0 linker stubs
 *(.eh_frame)
 *fill*         0x000000000800b82a        0x2 
 .eh_frame      0x000000000800b82c        0x0 c:/st/stm32cubeide_1.5.1/stm32cubeide/plugins/com.st.stm32cube.ide.mcu.externaltools.gnu-tools-for-stm32.9-2020-q2-update.win32_2.0.0.202105311346/tools/bin/../lib/gcc/arm-none-eabi/9.3.1/thumb/v7-m/nofp/crtbegin.o
 *(.init)
 .init          0x000000000800b82c        0x4 c:/st/stm32cubeide_1.5.1/stm32cubeide/plugins/com.st.stm32cube.ide.mcu.externaltools.gnu-tools-for-stm32.9-2020-q2-update.win32_2.0.0.202105311346/tools/bin/../lib/gcc/arm-none-eabi/9.3.1/thumb/v7-m/nofp/crti.o
                0x000000000800b82c                _init
 .init          0x000000000800b830        0x8 c:/st/stm32cubeide_1.5.1/stm32cubeide/plugins/com.st.stm32cube.ide.mcu.externaltools.gnu-tools-for-stm32.9-2020-q2-update.win32_2.0.0.202105311346/tools/bin/../lib/gcc/arm-none-eabi/9.3.1/thumb/v7-m/nofp/crtn.o
 *(.fini)
 .fini          0x000000000800b838        0x4 c:/st/stm32cubeide_1.5.1/stm32cubeide/plugins/com.st.stm32cube.ide.mcu.externaltools.gnu-tools-for-stm32.9-2020-q2-update.win32_2.0.0.202105311346/tools/bin/../lib/gcc/arm-none-eabi/9.3.1/thumb/v7-m/nofp/crti.o
                0x000000000800b838                _fini
 .fini          0x000000000800b83c        0x8 c:/st/stm32cubeide_1.5.1/stm32cubeide/plugins/com.st.stm32cube.ide.mcu.externaltools.gnu-tools-for-stm32.9-2020-q2-update.win32_2.0.0.202105311346/tools/bin/../lib/gcc/arm-none-eabi/9.3.1/thumb/v7-m/nofp/crtn.o
                0x000000000800b844                . = ALIGN (0x4)
                0x000000000800b844                _etext = .

.vfp11_veneer   0x000000000800b844        0x0
 .vfp11_veneer  0x000000000800b844        0x0 linker stubs

.v4_bx          0x000000000800b844        0x0
 .v4_bx         0x000000000800b844        0x0 linker stubs

.iplt           0x000000000800b844        0x0
 .iplt          0x000000000800b844        0x0 c:/st/stm32cubeide_1.5.1/stm32cubeide/plugins/com.st.stm32cube.ide.mcu.externaltools.gnu-tools-for-stm32.9-2020-q2-update.win32_2.0.0.202105311346/tools/bin/../lib/gcc/arm-none-eabi/9.3.1/thumb/v7-m/nofp/crtbegin.o

.rodata         0x000000000800b844      0x724
                0x000000000800b844                . = ALIGN (0x4)
 *(.rodata)
 .rodata        0x000000000800b844       0x3f ./Core/Src/main.o
 *fill*         0x000000000800b883        0x1 
 .rodata        0x000000000800b884       0x4e ./Core/Src/microrl.o
 *fill*         0x000000000800b8d2        0x2 
 .rodata        0x000000000800b8d4      0x111 ./Core/Src/microrl_cmd.o
 *fill*         0x000000000800b9e5        0x3 
 .rodata        0x000000000800b9e8       0x10 ./Drivers/STM32F1xx_HAL_Driver/Src/stm32f1xx_hal_rcc.o
 .rodata        0x000000000800b9f8       0x46 ./USB_DEVICE/App/usbd_desc.o
 *(.rodata*)
 *fill*         0x000000000800ba3e        0x2 
 .rodata.microrl_actions
                0x000000000800ba40      0x344 ./Core/Src/microrl_cmd.o
                0x000000000800ba40                microrl_actions
 .rodata.microrl_color_lookup
                0x000000000800bd84       0xbb ./Core/Src/microrl_cmd.o
                0x000000000800bd84                microrl_color_lookup
 *fill*         0x000000000800be3f        0x1 
 .rodata.microrl_help_color
                0x000000000800be40        0x4 ./Core/Src/microrl_cmd.o
                0x000000000800be40                microrl_help_color
 .rodata.AHBPrescTable
                0x000000000800be44       0x10 ./Core/Src/system_stm32f1xx.o
                0x000000000800be44                AHBPrescTable
 .rodata.APBPrescTable
                0x000000000800be54        0x8 ./Core/Src/system_stm32f1xx.o
                0x000000000800be54                APBPrescTable
 .rodata.vfd_digits
                0x000000000800be5c       0x14 ./Core/Src/vfd.o
                0x000000000800be5c                vfd_digits
 .rodata.vfd_alpha
                0x000000000800be70       0x34 ./Core/Src/vfd.o
                0x000000000800be70                vfd_alpha
 .rodata.vfd_alpha_ru
                0x000000000800bea4       0x40 ./Core/Src/vfd.o
                0x000000000800bea4                vfd_alpha_ru
 .rodata.vfd_special
                0x000000000800bee4       0x34 ./Core/Src/vfd.o
                0x000000000800bee4                vfd_special
 .rodata.vfd_special_char
                0x000000000800bf18       0x1a ./Core/Src/vfd.o
                0x000000000800bf18                vfd_special_char
 *fill*         0x000000000800bf32        0x2 
 .rodata.vfd_symbols
                0x000000000800bf34       0x32 ./Core/Src/vfd.o
                0x000000000800bf34                vfd_symbols
                0x000000000800bf68                . = ALIGN (0x4)
 *fill*         0x000000000800bf66        0x2 

.rel.dyn        0x000000000800bf68        0x0
 .rel.iplt      0x000000000800bf68        0x0 c:/st/stm32cubeide_1.5.1/stm32cubeide/plugins/com.st.stm32cube.ide.mcu.externaltools.gnu-tools-for-stm32.9-2020-q2-update.win32_2.0.0.202105311346/tools/bin/../lib/gcc/arm-none-eabi/9.3.1/thumb/v7-m/nofp/crtbegin.o

.ARM.extab      0x000000000800bf68        0x0
                0x000000000800bf68                . = ALIGN (0x4)
 *(.ARM.extab* .gnu.linkonce.armextab.*)
                0x000000000800bf68                . = ALIGN (0x4)

.ARM            0x000000000800bf68        0x0
                0x000000000800bf68                . = ALIGN (0x4)
                0x000000000800bf68                __exidx_start = .
 *(.ARM.exidx*)
                0x000000000800bf68                __exidx_end = .
                0x000000000800bf68                . = ALIGN (0x4)

.preinit_array  0x000000000800bf68        0x0
                0x000000000800bf68                . = ALIGN (0x4)
                0x000000000800bf68                PROVIDE (__preinit_array_start = .)
 *(.preinit_array*)
                0x000000000800bf68                PROVIDE (__preinit_array_end = .)
                0x000000000800bf68                . = ALIGN (0x4)

.init_array     0x000000000800bf68        0x4
                0x000000000800bf68                . = ALIGN (0x4)
                0x000000000800bf68                PROVIDE (__init_array_start = .)
 *(SORT_BY_NAME(.init_array.*))
 *(.init_array*)
 .init_array    0x000000000800bf68        0x4 c:/st/stm32cubeide_1.5.1/stm32cubeide/plugins/com.st.stm32cube.ide.mcu.externaltools.gnu-tools-for-stm32.9-2020-q2-update.win32_2.0.0.202105311346/tools/bin/../lib/gcc/arm-none-eabi/9.3.1/thumb/v7-m/nofp/crtbegin.o
                0x000000000800bf6c                PROVIDE (__init_array_end = .)
                0x000000000800bf6c                . = ALIGN (0x4)

.fini_array     0x000000000800bf6c        0x4
                0x000000000800bf6c                . = ALIGN (0x4)
                [!provide]                        PROVIDE (__fini_array_start = .)
 *(SORT_BY_NAME(.fini_array.*))
 *(.fini_array*)
 .fini_array    0x000000000800bf6c        0x4 c:/st/stm32cubeide_1.5.1/stm32cubeide/plugins/com.st.stm32cube.ide.mcu.externaltools.gnu-tools-for-stm32.9-2020-q2-update.win32_2.0.0.202105311346/tools/bin/../lib/gcc/arm-none-eabi/9.3.1/thumb/v7-m/nofp/crtbegin.o
                [!provide]                        PROVIDE (__fini_array_end = .)
                0x000000000800bf70                . = ALIGN (0x4)
                0x000000000800bf70                _sidata = LOADADDR (.data)

.data           0x0000000020000000      0x188 load address 0x000000000800bf70
                0x0000000020000000                . = ALIGN (0x4)
                0x0000000020000000                _sdata = .
 *(.data)
 *(.data*)
 .data.prompt_default
                0x0000000020000000        0x4 ./Core/Src/microrl.o
                0x0000000020000000                prompt_default
 .data.p_mcrl   0x0000000020000004        0x4 ./Core/Src/microrl_cmd.o
                0x0000000020000004                p_mcrl
 .data.color_out
                0x0000000020000008        0x1 ./Core/Src/microrl_cmd.o
                0x0000000020000008                color_out
 .data.show_clock
                0x0000000020000009        0x1 ./Core/Src/microrl_cmd.o
                0x0000000020000009                show_clock
 *fill*         0x000000002000000a        0x2 
 .data.SystemCoreClock
                0x000000002000000c        0x4 ./Core/Src/system_stm32f1xx.o
                0x000000002000000c                SystemCoreClock
 .data.uwTickPrio
                0x0000000020000010        0x4 ./Drivers/STM32F1xx_HAL_Driver/Src/stm32f1xx_hal.o
                0x0000000020000010                uwTickPrio
 .data.uwTickFreq
                0x0000000020000014        0x1 ./Drivers/STM32F1xx_HAL_Driver/Src/stm32f1xx_hal.o
                0x0000000020000014                uwTickFreq
 *fill*         0x0000000020000015        0x3 
 .data.USBD_CDC_DeviceQualifierDesc
                0x0000000020000018        0xa ./Middlewares/ST/STM32_USB_Device_Library/Class/CDC/Src/usbd_cdc.o
 *fill*         0x0000000020000022        0x2 
 .data.USBD_CDC
                0x0000000020000024       0x38 ./Middlewares/ST/STM32_USB_Device_Library/Class/CDC/Src/usbd_cdc.o
                0x0000000020000024                USBD_CDC
 .data.USBD_CDC_CfgHSDesc
                0x000000002000005c       0x43 ./Middlewares/ST/STM32_USB_Device_Library/Class/CDC/Src/usbd_cdc.o
                0x000000002000005c                USBD_CDC_CfgHSDesc
 *fill*         0x000000002000009f        0x1 
 .data.USBD_CDC_CfgFSDesc
                0x00000000200000a0       0x43 ./Middlewares/ST/STM32_USB_Device_Library/Class/CDC/Src/usbd_cdc.o
                0x00000000200000a0                USBD_CDC_CfgFSDesc
 *fill*         0x00000000200000e3        0x1 
 .data.USBD_CDC_OtherSpeedCfgDesc
                0x00000000200000e4       0x43 ./Middlewares/ST/STM32_USB_Device_Library/Class/CDC/Src/usbd_cdc.o
                0x00000000200000e4                USBD_CDC_OtherSpeedCfgDesc
 *fill*         0x0000000020000127        0x1 
 .data.USBD_Interface_fops_FS
                0x0000000020000128       0x10 ./USB_DEVICE/App/usbd_cdc_if.o
                0x0000000020000128                USBD_Interface_fops_FS
 .data.FS_Desc  0x0000000020000138       0x1c ./USB_DEVICE/App/usbd_desc.o
                0x0000000020000138                FS_Desc
 .data.USBD_FS_DeviceDesc
                0x0000000020000154       0x12 ./USB_DEVICE/App/usbd_desc.o
                0x0000000020000154                USBD_FS_DeviceDesc
 *fill*         0x0000000020000166        0x2 
 .data.USBD_LangIDDesc
                0x0000000020000168        0x4 ./USB_DEVICE/App/usbd_desc.o
                0x0000000020000168                USBD_LangIDDesc
 .data.USBD_StringSerial
                0x000000002000016c       0x1a ./USB_DEVICE/App/usbd_desc.o
                0x000000002000016c                USBD_StringSerial
 *(.RamFunc)
 *(.RamFunc*)
                0x0000000020000188                . = ALIGN (0x4)
 *fill*         0x0000000020000186        0x2 
                0x0000000020000188                _edata = .

.igot.plt       0x0000000020000188        0x0 load address 0x000000000800c0f8
 .igot.plt      0x0000000020000188        0x0 c:/st/stm32cubeide_1.5.1/stm32cubeide/plugins/com.st.stm32cube.ide.mcu.externaltools.gnu-tools-for-stm32.9-2020-q2-update.win32_2.0.0.202105311346/tools/bin/../lib/gcc/arm-none-eabi/9.3.1/thumb/v7-m/nofp/crtbegin.o
                0x0000000020000188                . = ALIGN (0x4)

.bss            0x0000000020000188     0x159c load address 0x000000000800c0f8
                0x0000000020000188                _sbss = .
                0x0000000020000188                __bss_start__ = _sbss
 *(.bss)
 .bss           0x0000000020000188       0x1c c:/st/stm32cubeide_1.5.1/stm32cubeide/plugins/com.st.stm32cube.ide.mcu.externaltools.gnu-tools-for-stm32.9-2020-q2-update.win32_2.0.0.202105311346/tools/bin/../lib/gcc/arm-none-eabi/9.3.1/thumb/v7-m/nofp/crtbegin.o
 *(.bss*)
 .bss.head_index
                0x00000000200001a4        0x4 ./Core/Src/fifo.o
                0x00000000200001a4                head_index
 .bss.tail_index
                0x00000000200001a8        0x4 ./Core/Src/fifo.o
                0x00000000200001a8                tail_index
 .bss.last_time.8268
                0x00000000200001ac        0x4 ./Core/Src/main.o
 .bss.last_time.8280
                0x00000000200001b0        0x4 ./Core/Src/main.o
 .bss.old_seconds.8283
                0x00000000200001b4        0x1 ./Core/Src/main.o
 *fill*         0x00000000200001b5        0x3 
 .bss.last_time.8296
                0x00000000200001b8        0x4 ./Core/Src/main.o
 .bss.pos.8298  0x00000000200001bc        0x2 ./Core/Src/main.o
 *fill*         0x00000000200001be        0x2 
 .bss.t2dlen.8297
                0x00000000200001c0        0x4 ./Core/Src/main.o
 .bss.last_time.8310
                0x00000000200001c4        0x4 ./Core/Src/main.o
 .bss.tick_counter.8311
                0x00000000200001c8        0x1 ./Core/Src/main.o
 .bss.nema_out  0x00000000200001c9        0x1 ./Core/Src/microrl_cmd.o
                0x00000000200001c9                nema_out
 .bss.use_leds  0x00000000200001ca        0x1 ./Core/Src/microrl_cmd.o
                0x00000000200001ca                use_leds
 .bss.cfgidx.8074
                0x00000000200001cb        0x1 ./Middlewares/ST/STM32_USB_Device_Library/Core/Src/usbd_ctlreq.o
 .bss.mem.8144  0x00000000200001cc      0x220 ./USB_DEVICE/Target/usbd_conf.o
 *(COMMON)
 COMMON         0x00000000200003ec       0x18 ./Core/Src/d3231.o
                0x00000000200003ec                d3231_mem
                0x0000000020000400                hi2c
 COMMON         0x0000000020000404      0x100 ./Core/Src/fifo.o
                0x0000000020000404                fifo_buffer
 COMMON         0x0000000020000504      0x152 ./Core/Src/main.o
                0x0000000020000504                hspi2
                0x000000002000055c                hi2c1
                0x00000000200005b0                txt2disp
                0x0000000020000630                fresh_txt
                0x0000000020000634                vfd
                0x0000000020000655                brightness
 *fill*         0x0000000020000656        0x2 
 COMMON         0x0000000020000658      0x124 ./Core/Src/microrl_cmd.o
                0x0000000020000658                compl_word
                0x00000000200006a8                mcrl
 COMMON         0x000000002000077c       0x21 ./Core/Src/vfd.o
                0x000000002000077c                backup
 *fill*         0x000000002000079d        0x3 
 COMMON         0x00000000200007a0        0x4 ./Drivers/STM32F1xx_HAL_Driver/Src/stm32f1xx_hal.o
                0x00000000200007a0                uwTick
 COMMON         0x00000000200007a4      0x2c4 ./USB_DEVICE/App/usb_device.o
                0x00000000200007a4                hUsbDeviceFS
 COMMON         0x0000000020000a68      0x7d0 ./USB_DEVICE/App/usbd_cdc_if.o
                0x0000000020000a68                UserRxBufferFS
                0x0000000020000e50                UserTxBufferFS
 COMMON         0x0000000020001238      0x200 ./USB_DEVICE/App/usbd_desc.o
                0x0000000020001238                USBD_StrDesc
 COMMON         0x0000000020001438      0x2ec ./USB_DEVICE/Target/usbd_conf.o
                0x0000000020001438                hpcd_USB_FS
                0x0000000020001724                . = ALIGN (0x4)
                0x0000000020001724                _ebss = .
                0x0000000020001724                __bss_end__ = _ebss

._user_heap_stack
                0x0000000020001724      0x604 load address 0x000000000800c0f8
                0x0000000020001728                . = ALIGN (0x8)
 *fill*         0x0000000020001724        0x4 
                [!provide]                        PROVIDE (end = .)
                0x0000000020001728                PROVIDE (_end = .)
                0x0000000020001928                . = (. + _Min_Heap_Size)
 *fill*         0x0000000020001728      0x200 
                0x0000000020001d28                . = (. + _Min_Stack_Size)
 *fill*         0x0000000020001928      0x400 
                0x0000000020001d28                . = ALIGN (0x8)

/DISCARD/
 libc.a(*)
 libm.a(*)
 libgcc.a(*)

.ARM.attributes
                0x0000000000000000       0x29
 *(.ARM.attributes)
 .ARM.attributes
                0x0000000000000000       0x1d c:/st/stm32cubeide_1.5.1/stm32cubeide/plugins/com.st.stm32cube.ide.mcu.externaltools.gnu-tools-for-stm32.9-2020-q2-update.win32_2.0.0.202105311346/tools/bin/../lib/gcc/arm-none-eabi/9.3.1/thumb/v7-m/nofp/crti.o
 .ARM.attributes
                0x000000000000001d       0x2d c:/st/stm32cubeide_1.5.1/stm32cubeide/plugins/com.st.stm32cube.ide.mcu.externaltools.gnu-tools-for-stm32.9-2020-q2-update.win32_2.0.0.202105311346/tools/bin/../lib/gcc/arm-none-eabi/9.3.1/thumb/v7-m/nofp/crtbegin.o
 .ARM.attributes
                0x000000000000004a       0x2d ./Core/Src/d3231.o
 .ARM.attributes
                0x0000000000000077       0x2d ./Core/Src/fifo.o
 .ARM.attributes
                0x00000000000000a4       0x2d ./Core/Src/main.o
 .ARM.attributes
                0x00000000000000d1       0x2d ./Core/Src/microrl.o
 .ARM.attributes
                0x00000000000000fe       0x2d ./Core/Src/microrl_cmd.o
 .ARM.attributes
                0x000000000000012b       0x2d ./Core/Src/stm32f1xx_hal_msp.o
 .ARM.attributes
                0x0000000000000158       0x2d ./Core/Src/stm32f1xx_it.o
 .ARM.attributes
                0x0000000000000185       0x2d ./Core/Src/system_stm32f1xx.o
 .ARM.attributes
                0x00000000000001b2       0x2d ./Core/Src/vfd.o
 .ARM.attributes
                0x00000000000001df       0x21 ./Core/Startup/startup_stm32f103c8tx.o
 .ARM.attributes
                0x0000000000000200       0x2d ./Drivers/STM32F1xx_HAL_Driver/Src/stm32f1xx_hal.o
 .ARM.attributes
                0x000000000000022d       0x2d ./Drivers/STM32F1xx_HAL_Driver/Src/stm32f1xx_hal_cortex.o
 .ARM.attributes
                0x000000000000025a       0x2d ./Drivers/STM32F1xx_HAL_Driver/Src/stm32f1xx_hal_gpio.o
 .ARM.attributes
                0x0000000000000287       0x2d ./Drivers/STM32F1xx_HAL_Driver/Src/stm32f1xx_hal_i2c.o
 .ARM.attributes
                0x00000000000002b4       0x2d ./Drivers/STM32F1xx_HAL_Driver/Src/stm32f1xx_hal_pcd.o
 .ARM.attributes
                0x00000000000002e1       0x2d ./Drivers/STM32F1xx_HAL_Driver/Src/stm32f1xx_hal_pcd_ex.o
 .ARM.attributes
                0x000000000000030e       0x2d ./Drivers/STM32F1xx_HAL_Driver/Src/stm32f1xx_hal_rcc.o
 .ARM.attributes
                0x000000000000033b       0x2d ./Drivers/STM32F1xx_HAL_Driver/Src/stm32f1xx_hal_rcc_ex.o
 .ARM.attributes
                0x0000000000000368       0x2d ./Drivers/STM32F1xx_HAL_Driver/Src/stm32f1xx_hal_spi.o
 .ARM.attributes
                0x0000000000000395       0x2d ./Drivers/STM32F1xx_HAL_Driver/Src/stm32f1xx_ll_usb.o
 .ARM.attributes
                0x00000000000003c2       0x2d ./Middlewares/ST/STM32_USB_Device_Library/Class/CDC/Src/usbd_cdc.o
 .ARM.attributes
                0x00000000000003ef       0x2d ./Middlewares/ST/STM32_USB_Device_Library/Core/Src/usbd_core.o
 .ARM.attributes
                0x000000000000041c       0x2d ./Middlewares/ST/STM32_USB_Device_Library/Core/Src/usbd_ctlreq.o
 .ARM.attributes
                0x0000000000000449       0x2d ./Middlewares/ST/STM32_USB_Device_Library/Core/Src/usbd_ioreq.o
 .ARM.attributes
                0x0000000000000476       0x2d ./USB_DEVICE/App/usb_device.o
 .ARM.attributes
                0x00000000000004a3       0x2d ./USB_DEVICE/App/usbd_cdc_if.o
 .ARM.attributes
                0x00000000000004d0       0x2d ./USB_DEVICE/App/usbd_desc.o
 .ARM.attributes
                0x00000000000004fd       0x2d ./USB_DEVICE/Target/usbd_conf.o
 .ARM.attributes
                0x000000000000052a       0x2d c:/st/stm32cubeide_1.5.1/stm32cubeide/plugins/com.st.stm32cube.ide.mcu.externaltools.gnu-tools-for-stm32.9-2020-q2-update.win32_2.0.0.202105311346/tools/bin/../lib/gcc/arm-none-eabi/9.3.1/../../../../arm-none-eabi/lib/thumb/v7-m/nofp\libc_nano.a(lib_a-init.o)
 .ARM.attributes
                0x0000000000000557       0x2d c:/st/stm32cubeide_1.5.1/stm32cubeide/plugins/com.st.stm32cube.ide.mcu.externaltools.gnu-tools-for-stm32.9-2020-q2-update.win32_2.0.0.202105311346/tools/bin/../lib/gcc/arm-none-eabi/9.3.1/../../../../arm-none-eabi/lib/thumb/v7-m/nofp\libc_nano.a(lib_a-memcpy-stub.o)
 .ARM.attributes
                0x0000000000000584       0x2d c:/st/stm32cubeide_1.5.1/stm32cubeide/plugins/com.st.stm32cube.ide.mcu.externaltools.gnu-tools-for-stm32.9-2020-q2-update.win32_2.0.0.202105311346/tools/bin/../lib/gcc/arm-none-eabi/9.3.1/../../../../arm-none-eabi/lib/thumb/v7-m/nofp\libc_nano.a(lib_a-memmove.o)
 .ARM.attributes
                0x00000000000005b1       0x2d c:/st/stm32cubeide_1.5.1/stm32cubeide/plugins/com.st.stm32cube.ide.mcu.externaltools.gnu-tools-for-stm32.9-2020-q2-update.win32_2.0.0.202105311346/tools/bin/../lib/gcc/arm-none-eabi/9.3.1/../../../../arm-none-eabi/lib/thumb/v7-m/nofp\libc_nano.a(lib_a-memset.o)
 .ARM.attributes
                0x00000000000005de       0x1b c:/st/stm32cubeide_1.5.1/stm32cubeide/plugins/com.st.stm32cube.ide.mcu.externaltools.gnu-tools-for-stm32.9-2020-q2-update.win32_2.0.0.202105311346/tools/bin/../lib/gcc/arm-none-eabi/9.3.1/../../../../arm-none-eabi/lib/thumb/v7-m/nofp\libc_nano.a(lib_a-strcmp.o)
 .ARM.attributes
                0x00000000000005f9       0x17 c:/st/stm32cubeide_1.5.1/stm32cubeide/plugins/com.st.stm32cube.ide.mcu.externaltools.gnu-tools-for-stm32.9-2020-q2-update.win32_2.0.0.202105311346/tools/bin/../lib/gcc/arm-none-eabi/9.3.1/../../../../arm-none-eabi/lib/thumb/v7-m/nofp\libc_nano.a(lib_a-strlen.o)
 .ARM.attributes
                0x0000000000000610       0x2d c:/st/stm32cubeide_1.5.1/stm32cubeide/plugins/com.st.stm32cube.ide.mcu.externaltools.gnu-tools-for-stm32.9-2020-q2-update.win32_2.0.0.202105311346/tools/bin/../lib/gcc/arm-none-eabi/9.3.1/../../../../arm-none-eabi/lib/thumb/v7-m/nofp\libc_nano.a(lib_a-strstr.o)
 .ARM.attributes
                0x000000000000063d       0x1d c:/st/stm32cubeide_1.5.1/stm32cubeide/plugins/com.st.stm32cube.ide.mcu.externaltools.gnu-tools-for-stm32.9-2020-q2-update.win32_2.0.0.202105311346/tools/bin/../lib/gcc/arm-none-eabi/9.3.1/thumb/v7-m/nofp/crtn.o
OUTPUT(VFD_clock_sm.elf elf32-littlearm)
LOAD linker stubs
LOAD c:/st/stm32cubeide_1.5.1/stm32cubeide/plugins/com.st.stm32cube.ide.mcu.externaltools.gnu-tools-for-stm32.9-2020-q2-update.win32_2.0.0.202105311346/tools/bin/../lib/gcc/arm-none-eabi/9.3.1/../../../../arm-none-eabi/lib/thumb/v7-m/nofp\libc.a
LOAD c:/st/stm32cubeide_1.5.1/stm32cubeide/plugins/com.st.stm32cube.ide.mcu.externaltools.gnu-tools-for-stm32.9-2020-q2-update.win32_2.0.0.202105311346/tools/bin/../lib/gcc/arm-none-eabi/9.3.1/../../../../arm-none-eabi/lib/thumb/v7-m/nofp\libm.a
LOAD c:/st/stm32cubeide_1.5.1/stm32cubeide/plugins/com.st.stm32cube.ide.mcu.externaltools.gnu-tools-for-stm32.9-2020-q2-update.win32_2.0.0.202105311346/tools/bin/../lib/gcc/arm-none-eabi/9.3.1/thumb/v7-m/nofp\libgcc.a

.debug_info     0x0000000000000000    0x1ae15
 .debug_info    0x0000000000000000      0x7ae ./Core/Src/d3231.o
 .debug_info    0x00000000000007ae      0x241 ./Core/Src/fifo.o
 .debug_info    0x00000000000009ef     0x20d9 ./Core/Src/main.o
 .debug_info    0x0000000000002ac8     0x1252 ./Core/Src/microrl.o
 .debug_info    0x0000000000003d1a     0x1c11 ./Core/Src/microrl_cmd.o
 .debug_info    0x000000000000592b      0xc5c ./Core/Src/stm32f1xx_hal_msp.o
 .debug_info    0x0000000000006587      0x713 ./Core/Src/stm32f1xx_it.o
 .debug_info    0x0000000000006c9a      0x2be ./Core/Src/system_stm32f1xx.o
 .debug_info    0x0000000000006f58      0x520 ./Core/Src/vfd.o
 .debug_info    0x0000000000007478       0x22 ./Core/Startup/startup_stm32f103c8tx.o
 .debug_info    0x000000000000749a      0x76a ./Drivers/STM32F1xx_HAL_Driver/Src/stm32f1xx_hal.o
 .debug_info    0x0000000000007c04      0xbdc ./Drivers/STM32F1xx_HAL_Driver/Src/stm32f1xx_hal_cortex.o
 .debug_info    0x00000000000087e0      0x701 ./Drivers/STM32F1xx_HAL_Driver/Src/stm32f1xx_hal_gpio.o
 .debug_info    0x0000000000008ee1     0x278e ./Drivers/STM32F1xx_HAL_Driver/Src/stm32f1xx_hal_i2c.o
 .debug_info    0x000000000000b66f     0x1509 ./Drivers/STM32F1xx_HAL_Driver/Src/stm32f1xx_hal_pcd.o
 .debug_info    0x000000000000cb78      0x7fc ./Drivers/STM32F1xx_HAL_Driver/Src/stm32f1xx_hal_pcd_ex.o
 .debug_info    0x000000000000d374      0x88e ./Drivers/STM32F1xx_HAL_Driver/Src/stm32f1xx_hal_rcc.o
 .debug_info    0x000000000000dc02      0x480 ./Drivers/STM32F1xx_HAL_Driver/Src/stm32f1xx_hal_rcc_ex.o
 .debug_info    0x000000000000e082     0x16bf ./Drivers/STM32F1xx_HAL_Driver/Src/stm32f1xx_hal_spi.o
 .debug_info    0x000000000000f741     0x19e6 ./Drivers/STM32F1xx_HAL_Driver/Src/stm32f1xx_ll_usb.o
 .debug_info    0x0000000000011127     0x193a ./Middlewares/ST/STM32_USB_Device_Library/Class/CDC/Src/usbd_cdc.o
 .debug_info    0x0000000000012a61     0x12ef ./Middlewares/ST/STM32_USB_Device_Library/Core/Src/usbd_core.o
 .debug_info    0x0000000000013d50     0x125c ./Middlewares/ST/STM32_USB_Device_Library/Core/Src/usbd_ctlreq.o
 .debug_info    0x0000000000014fac     0x102e ./Middlewares/ST/STM32_USB_Device_Library/Core/Src/usbd_ioreq.o
 .debug_info    0x0000000000015fda      0xf73 ./USB_DEVICE/App/usb_device.o
 .debug_info    0x0000000000016f4d     0x1158 ./USB_DEVICE/App/usbd_cdc_if.o
 .debug_info    0x00000000000180a5      0xde8 ./USB_DEVICE/App/usbd_desc.o
 .debug_info    0x0000000000018e8d     0x1f88 ./USB_DEVICE/Target/usbd_conf.o

.debug_abbrev   0x0000000000000000     0x3dfc
 .debug_abbrev  0x0000000000000000      0x1b6 ./Core/Src/d3231.o
 .debug_abbrev  0x00000000000001b6      0x116 ./Core/Src/fifo.o
 .debug_abbrev  0x00000000000002cc      0x33a ./Core/Src/main.o
 .debug_abbrev  0x0000000000000606      0x306 ./Core/Src/microrl.o
 .debug_abbrev  0x000000000000090c      0x387 ./Core/Src/microrl_cmd.o
 .debug_abbrev  0x0000000000000c93      0x1ac ./Core/Src/stm32f1xx_hal_msp.o
 .debug_abbrev  0x0000000000000e3f      0x173 ./Core/Src/stm32f1xx_it.o
 .debug_abbrev  0x0000000000000fb2      0x14e ./Core/Src/system_stm32f1xx.o
 .debug_abbrev  0x0000000000001100      0x19c ./Core/Src/vfd.o
 .debug_abbrev  0x000000000000129c       0x12 ./Core/Startup/startup_stm32f103c8tx.o
 .debug_abbrev  0x00000000000012ae      0x1ed ./Drivers/STM32F1xx_HAL_Driver/Src/stm32f1xx_hal.o
 .debug_abbrev  0x000000000000149b      0x313 ./Drivers/STM32F1xx_HAL_Driver/Src/stm32f1xx_hal_cortex.o
 .debug_abbrev  0x00000000000017ae      0x1e8 ./Drivers/STM32F1xx_HAL_Driver/Src/stm32f1xx_hal_gpio.o
 .debug_abbrev  0x0000000000001996      0x288 ./Drivers/STM32F1xx_HAL_Driver/Src/stm32f1xx_hal_i2c.o
 .debug_abbrev  0x0000000000001c1e      0x29e ./Drivers/STM32F1xx_HAL_Driver/Src/stm32f1xx_hal_pcd.o
 .debug_abbrev  0x0000000000001ebc      0x1ac ./Drivers/STM32F1xx_HAL_Driver/Src/stm32f1xx_hal_pcd_ex.o
 .debug_abbrev  0x0000000000002068      0x273 ./Drivers/STM32F1xx_HAL_Driver/Src/stm32f1xx_hal_rcc.o
 .debug_abbrev  0x00000000000022db      0x193 ./Drivers/STM32F1xx_HAL_Driver/Src/stm32f1xx_hal_rcc_ex.o
 .debug_abbrev  0x000000000000246e      0x26e ./Drivers/STM32F1xx_HAL_Driver/Src/stm32f1xx_hal_spi.o
 .debug_abbrev  0x00000000000026dc      0x1fa ./Drivers/STM32F1xx_HAL_Driver/Src/stm32f1xx_ll_usb.o
 .debug_abbrev  0x00000000000028d6      0x2f6 ./Middlewares/ST/STM32_USB_Device_Library/Class/CDC/Src/usbd_cdc.o
 .debug_abbrev  0x0000000000002bcc      0x2a8 ./Middlewares/ST/STM32_USB_Device_Library/Core/Src/usbd_core.o
 .debug_abbrev  0x0000000000002e74      0x2de ./Middlewares/ST/STM32_USB_Device_Library/Core/Src/usbd_ctlreq.o
 .debug_abbrev  0x0000000000003152      0x20a ./Middlewares/ST/STM32_USB_Device_Library/Core/Src/usbd_ioreq.o
 .debug_abbrev  0x000000000000335c      0x1e0 ./USB_DEVICE/App/usb_device.o
 .debug_abbrev  0x000000000000353c      0x2d9 ./USB_DEVICE/App/usbd_cdc_if.o
 .debug_abbrev  0x0000000000003815      0x2ca ./USB_DEVICE/App/usbd_desc.o
 .debug_abbrev  0x0000000000003adf      0x31d ./USB_DEVICE/Target/usbd_conf.o

.debug_aranges  0x0000000000000000     0x11b0
 .debug_aranges
                0x0000000000000000       0x50 ./Core/Src/d3231.o
 .debug_aranges
                0x0000000000000050       0x38 ./Core/Src/fifo.o
 .debug_aranges
                0x0000000000000088       0x90 ./Core/Src/main.o
 .debug_aranges
                0x0000000000000118       0xd8 ./Core/Src/microrl.o
 .debug_aranges
                0x00000000000001f0       0xc0 ./Core/Src/microrl_cmd.o
 .debug_aranges
                0x00000000000002b0       0x40 ./Core/Src/stm32f1xx_hal_msp.o
 .debug_aranges
                0x00000000000002f0       0x68 ./Core/Src/stm32f1xx_it.o
 .debug_aranges
                0x0000000000000358       0x28 ./Core/Src/system_stm32f1xx.o
 .debug_aranges
                0x0000000000000380       0x48 ./Core/Src/vfd.o
 .debug_aranges
                0x00000000000003c8       0x28 ./Core/Startup/startup_stm32f103c8tx.o
 .debug_aranges
                0x00000000000003f0       0xe0 ./Drivers/STM32F1xx_HAL_Driver/Src/stm32f1xx_hal.o
 .debug_aranges
                0x00000000000004d0      0x100 ./Drivers/STM32F1xx_HAL_Driver/Src/stm32f1xx_hal_cortex.o
 .debug_aranges
                0x00000000000005d0       0x58 ./Drivers/STM32F1xx_HAL_Driver/Src/stm32f1xx_hal_gpio.o
 .debug_aranges
                0x0000000000000628      0x2a0 ./Drivers/STM32F1xx_HAL_Driver/Src/stm32f1xx_hal_i2c.o
 .debug_aranges
                0x00000000000008c8      0x138 ./Drivers/STM32F1xx_HAL_Driver/Src/stm32f1xx_hal_pcd.o
 .debug_aranges
                0x0000000000000a00       0x38 ./Drivers/STM32F1xx_HAL_Driver/Src/stm32f1xx_hal_pcd_ex.o
 .debug_aranges
                0x0000000000000a38       0x90 ./Drivers/STM32F1xx_HAL_Driver/Src/stm32f1xx_hal_rcc.o
 .debug_aranges
                0x0000000000000ac8       0x30 ./Drivers/STM32F1xx_HAL_Driver/Src/stm32f1xx_hal_rcc_ex.o
 .debug_aranges
                0x0000000000000af8      0x1d0 ./Drivers/STM32F1xx_HAL_Driver/Src/stm32f1xx_hal_spi.o
 .debug_aranges
                0x0000000000000cc8       0xf0 ./Drivers/STM32F1xx_HAL_Driver/Src/stm32f1xx_ll_usb.o
 .debug_aranges
                0x0000000000000db8       0x90 ./Middlewares/ST/STM32_USB_Device_Library/Class/CDC/Src/usbd_cdc.o
 .debug_aranges
                0x0000000000000e48       0xb8 ./Middlewares/ST/STM32_USB_Device_Library/Core/Src/usbd_core.o
 .debug_aranges
                0x0000000000000f00       0x88 ./Middlewares/ST/STM32_USB_Device_Library/Core/Src/usbd_ctlreq.o
 .debug_aranges
                0x0000000000000f88       0x50 ./Middlewares/ST/STM32_USB_Device_Library/Core/Src/usbd_ioreq.o
 .debug_aranges
                0x0000000000000fd8       0x20 ./USB_DEVICE/App/usb_device.o
 .debug_aranges
                0x0000000000000ff8       0x40 ./USB_DEVICE/App/usbd_cdc_if.o
 .debug_aranges
                0x0000000000001038       0x60 ./USB_DEVICE/App/usbd_desc.o
 .debug_aranges
                0x0000000000001098      0x118 ./USB_DEVICE/Target/usbd_conf.o

.debug_ranges   0x0000000000000000     0x1068
 .debug_ranges  0x0000000000000000       0x40 ./Core/Src/d3231.o
 .debug_ranges  0x0000000000000040       0x28 ./Core/Src/fifo.o
 .debug_ranges  0x0000000000000068       0x80 ./Core/Src/main.o
 .debug_ranges  0x00000000000000e8       0xc8 ./Core/Src/microrl.o
 .debug_ranges  0x00000000000001b0       0xf8 ./Core/Src/microrl_cmd.o
 .debug_ranges  0x00000000000002a8       0x30 ./Core/Src/stm32f1xx_hal_msp.o
 .debug_ranges  0x00000000000002d8       0x58 ./Core/Src/stm32f1xx_it.o
 .debug_ranges  0x0000000000000330       0x18 ./Core/Src/system_stm32f1xx.o
 .debug_ranges  0x0000000000000348       0x38 ./Core/Src/vfd.o
 .debug_ranges  0x0000000000000380       0x20 ./Core/Startup/startup_stm32f103c8tx.o
 .debug_ranges  0x00000000000003a0       0xd0 ./Drivers/STM32F1xx_HAL_Driver/Src/stm32f1xx_hal.o
 .debug_ranges  0x0000000000000470       0xf0 ./Drivers/STM32F1xx_HAL_Driver/Src/stm32f1xx_hal_cortex.o
 .debug_ranges  0x0000000000000560       0x48 ./Drivers/STM32F1xx_HAL_Driver/Src/stm32f1xx_hal_gpio.o
 .debug_ranges  0x00000000000005a8      0x2b8 ./Drivers/STM32F1xx_HAL_Driver/Src/stm32f1xx_hal_i2c.o
 .debug_ranges  0x0000000000000860      0x128 ./Drivers/STM32F1xx_HAL_Driver/Src/stm32f1xx_hal_pcd.o
 .debug_ranges  0x0000000000000988       0x28 ./Drivers/STM32F1xx_HAL_Driver/Src/stm32f1xx_hal_pcd_ex.o
 .debug_ranges  0x00000000000009b0       0x80 ./Drivers/STM32F1xx_HAL_Driver/Src/stm32f1xx_hal_rcc.o
 .debug_ranges  0x0000000000000a30       0x20 ./Drivers/STM32F1xx_HAL_Driver/Src/stm32f1xx_hal_rcc_ex.o
 .debug_ranges  0x0000000000000a50      0x1c0 ./Drivers/STM32F1xx_HAL_Driver/Src/stm32f1xx_hal_spi.o
 .debug_ranges  0x0000000000000c10       0xe0 ./Drivers/STM32F1xx_HAL_Driver/Src/stm32f1xx_ll_usb.o
 .debug_ranges  0x0000000000000cf0       0x80 ./Middlewares/ST/STM32_USB_Device_Library/Class/CDC/Src/usbd_cdc.o
 .debug_ranges  0x0000000000000d70       0xa8 ./Middlewares/ST/STM32_USB_Device_Library/Core/Src/usbd_core.o
 .debug_ranges  0x0000000000000e18       0x78 ./Middlewares/ST/STM32_USB_Device_Library/Core/Src/usbd_ctlreq.o
 .debug_ranges  0x0000000000000e90       0x40 ./Middlewares/ST/STM32_USB_Device_Library/Core/Src/usbd_ioreq.o
 .debug_ranges  0x0000000000000ed0       0x10 ./USB_DEVICE/App/usb_device.o
 .debug_ranges  0x0000000000000ee0       0x30 ./USB_DEVICE/App/usbd_cdc_if.o
 .debug_ranges  0x0000000000000f10       0x50 ./USB_DEVICE/App/usbd_desc.o
 .debug_ranges  0x0000000000000f60      0x108 ./USB_DEVICE/Target/usbd_conf.o

.debug_macro    0x0000000000000000    0x1b526
 .debug_macro   0x0000000000000000      0x20f ./Core/Src/d3231.o
 .debug_macro   0x000000000000020f      0xa9c ./Core/Src/d3231.o
 .debug_macro   0x0000000000000cab      0x221 ./Core/Src/d3231.o
 .debug_macro   0x0000000000000ecc       0x2e ./Core/Src/d3231.o
 .debug_macro   0x0000000000000efa       0x22 ./Core/Src/d3231.o
 .debug_macro   0x0000000000000f1c       0x22 ./Core/Src/d3231.o
 .debug_macro   0x0000000000000f3e       0x8e ./Core/Src/d3231.o
 .debug_macro   0x0000000000000fcc       0x51 ./Core/Src/d3231.o
 .debug_macro   0x000000000000101d      0x103 ./Core/Src/d3231.o
 .debug_macro   0x0000000000001120       0x6a ./Core/Src/d3231.o
 .debug_macro   0x000000000000118a      0x1df ./Core/Src/d3231.o
 .debug_macro   0x0000000000001369       0x1c ./Core/Src/d3231.o
 .debug_macro   0x0000000000001385       0x22 ./Core/Src/d3231.o
 .debug_macro   0x00000000000013a7       0xc3 ./Core/Src/d3231.o
 .debug_macro   0x000000000000146a      0xd23 ./Core/Src/d3231.o
 .debug_macro   0x000000000000218d     0xe09e ./Core/Src/d3231.o
 .debug_macro   0x000000000001022b       0x6d ./Core/Src/d3231.o
 .debug_macro   0x0000000000010298     0x3468 ./Core/Src/d3231.o
 .debug_macro   0x0000000000013700      0x174 ./Core/Src/d3231.o
 .debug_macro   0x0000000000013874       0x5c ./Core/Src/d3231.o
 .debug_macro   0x00000000000138d0      0x5be ./Core/Src/d3231.o
 .debug_macro   0x0000000000013e8e      0x289 ./Core/Src/d3231.o
 .debug_macro   0x0000000000014117      0x1cb ./Core/Src/d3231.o
 .debug_macro   0x00000000000142e2      0x114 ./Core/Src/d3231.o
 .debug_macro   0x00000000000143f6      0x1b2 ./Core/Src/d3231.o
 .debug_macro   0x00000000000145a8       0x27 ./Core/Src/d3231.o
 .debug_macro   0x00000000000145cf      0x136 ./Core/Src/d3231.o
 .debug_macro   0x0000000000014705      0x1bc ./Core/Src/d3231.o
 .debug_macro   0x00000000000148c1       0x34 ./Core/Src/d3231.o
 .debug_macro   0x00000000000148f5       0x3c ./Core/Src/d3231.o
 .debug_macro   0x0000000000014931       0x57 ./Core/Src/d3231.o
 .debug_macro   0x0000000000014988       0x88 ./Core/Src/d3231.o
 .debug_macro   0x0000000000014a10      0x241 ./Core/Src/d3231.o
 .debug_macro   0x0000000000014c51      0x287 ./Core/Src/d3231.o
 .debug_macro   0x0000000000014ed8      0x141 ./Core/Src/d3231.o
 .debug_macro   0x0000000000015019      0x217 ./Core/Src/d3231.o
 .debug_macro   0x0000000000015230       0x65 ./Core/Src/d3231.o
 .debug_macro   0x0000000000015295      0x249 ./Core/Src/d3231.o
 .debug_macro   0x00000000000154de       0x83 ./Core/Src/d3231.o
 .debug_macro   0x0000000000015561       0x22 ./Core/Src/d3231.o
 .debug_macro   0x0000000000015583       0x5e ./Core/Src/d3231.o
 .debug_macro   0x00000000000155e1       0x64 ./Core/Src/d3231.o
 .debug_macro   0x0000000000015645       0xfa ./Core/Src/d3231.o
 .debug_macro   0x000000000001573f       0x88 ./Core/Src/d3231.o
 .debug_macro   0x00000000000157c7      0x1e4 ./Core/Src/fifo.o
 .debug_macro   0x00000000000159ab      0x458 ./Core/Src/main.o
 .debug_macro   0x0000000000015e03       0x52 ./Core/Src/main.o
 .debug_macro   0x0000000000015e55       0x18 ./Core/Src/main.o
 .debug_macro   0x0000000000015e6d       0x3c ./Core/Src/main.o
 .debug_macro   0x0000000000015ea9       0x34 ./Core/Src/main.o
 .debug_macro   0x0000000000015edd       0x16 ./Core/Src/main.o
 .debug_macro   0x0000000000015ef3       0x35 ./Core/Src/main.o
 .debug_macro   0x0000000000015f28      0x333 ./Core/Src/main.o
 .debug_macro   0x000000000001625b       0x10 ./Core/Src/main.o
 .debug_macro   0x000000000001626b       0x16 ./Core/Src/main.o
 .debug_macro   0x0000000000016281       0x43 ./Core/Src/main.o
 .debug_macro   0x00000000000162c4       0x34 ./Core/Src/main.o
 .debug_macro   0x00000000000162f8       0x10 ./Core/Src/main.o
 .debug_macro   0x0000000000016308       0x58 ./Core/Src/main.o
 .debug_macro   0x0000000000016360       0x71 ./Core/Src/main.o
 .debug_macro   0x00000000000163d1       0x1c ./Core/Src/main.o
 .debug_macro   0x00000000000163ed      0x12a ./Core/Src/main.o
 .debug_macro   0x0000000000016517       0x10 ./Core/Src/main.o
 .debug_macro   0x0000000000016527       0x1c ./Core/Src/main.o
 .debug_macro   0x0000000000016543       0x52 ./Core/Src/main.o
 .debug_macro   0x0000000000016595       0x22 ./Core/Src/main.o
 .debug_macro   0x00000000000165b7       0x10 ./Core/Src/main.o
 .debug_macro   0x00000000000165c7       0x40 ./Core/Src/main.o
 .debug_macro   0x0000000000016607       0xd5 ./Core/Src/main.o
 .debug_macro   0x00000000000166dc       0x1c ./Core/Src/main.o
 .debug_macro   0x00000000000166f8       0x3d ./Core/Src/main.o
 .debug_macro   0x0000000000016735       0x16 ./Core/Src/main.o
 .debug_macro   0x000000000001674b      0x145 ./Core/Src/main.o
 .debug_macro   0x0000000000016890       0x16 ./Core/Src/main.o
 .debug_macro   0x00000000000168a6       0x16 ./Core/Src/main.o
 .debug_macro   0x00000000000168bc       0x29 ./Core/Src/main.o
 .debug_macro   0x00000000000168e5       0x16 ./Core/Src/main.o
 .debug_macro   0x00000000000168fb       0x20 ./Core/Src/main.o
 .debug_macro   0x000000000001691b       0x60 ./Core/Src/main.o
 .debug_macro   0x000000000001697b      0x1c8 ./Core/Src/main.o
 .debug_macro   0x0000000000016b43       0x8f ./Core/Src/main.o
 .debug_macro   0x0000000000016bd2       0x10 ./Core/Src/main.o
 .debug_macro   0x0000000000016be2      0x15a ./Core/Src/microrl.o
 .debug_macro   0x0000000000016d3c       0x4c ./Core/Src/microrl.o
 .debug_macro   0x0000000000016d88       0x94 ./Core/Src/microrl.o
 .debug_macro   0x0000000000016e1c       0x57 ./Core/Src/microrl.o
 .debug_macro   0x0000000000016e73      0x339 ./Core/Src/microrl.o
 .debug_macro   0x00000000000171ac       0x10 ./Core/Src/microrl.o
 .debug_macro   0x00000000000171bc      0x11f ./Core/Src/microrl.o
 .debug_macro   0x00000000000172db      0x45a ./Core/Src/microrl_cmd.o
 .debug_macro   0x0000000000017735      0x1d4 ./Core/Src/stm32f1xx_hal_msp.o
 .debug_macro   0x0000000000017909      0x1de ./Core/Src/stm32f1xx_it.o
 .debug_macro   0x0000000000017ae7      0x1bc ./Core/Src/system_stm32f1xx.o
 .debug_macro   0x0000000000017ca3      0x1de ./Core/Src/vfd.o
 .debug_macro   0x0000000000017e81      0x1e0 ./Drivers/STM32F1xx_HAL_Driver/Src/stm32f1xx_hal.o
 .debug_macro   0x0000000000018061      0x1bc ./Drivers/STM32F1xx_HAL_Driver/Src/stm32f1xx_hal_cortex.o
 .debug_macro   0x000000000001821d      0x227 ./Drivers/STM32F1xx_HAL_Driver/Src/stm32f1xx_hal_gpio.o
 .debug_macro   0x0000000000018444      0x203 ./Drivers/STM32F1xx_HAL_Driver/Src/stm32f1xx_hal_i2c.o
 .debug_macro   0x0000000000018647      0x1c8 ./Drivers/STM32F1xx_HAL_Driver/Src/stm32f1xx_hal_pcd.o
 .debug_macro   0x000000000001880f      0x1bc ./Drivers/STM32F1xx_HAL_Driver/Src/stm32f1xx_hal_pcd_ex.o
 .debug_macro   0x00000000000189cb      0x1ce ./Drivers/STM32F1xx_HAL_Driver/Src/stm32f1xx_hal_rcc.o
 .debug_macro   0x0000000000018b99      0x1bc ./Drivers/STM32F1xx_HAL_Driver/Src/stm32f1xx_hal_rcc_ex.o
 .debug_macro   0x0000000000018d55      0x1c4 ./Drivers/STM32F1xx_HAL_Driver/Src/stm32f1xx_hal_spi.o
 .debug_macro   0x0000000000018f19      0x1bc ./Drivers/STM32F1xx_HAL_Driver/Src/stm32f1xx_ll_usb.o
 .debug_macro   0x00000000000190d5      0x3ea ./Middlewares/ST/STM32_USB_Device_Library/Class/CDC/Src/usbd_cdc.o
 .debug_macro   0x00000000000194bf       0x97 ./Middlewares/ST/STM32_USB_Device_Library/Class/CDC/Src/usbd_cdc.o
 .debug_macro   0x0000000000019556       0xfd ./Middlewares/ST/STM32_USB_Device_Library/Class/CDC/Src/usbd_cdc.o
 .debug_macro   0x0000000000019653       0xbd ./Middlewares/ST/STM32_USB_Device_Library/Class/CDC/Src/usbd_cdc.o