main.c:71:6:vfd_update	16	static
main.c:79:6:do_microrl	16	static
main.c:88:6:do_vfd_init	112	static
main.c:207:6:do_brightness	24	static
main.c:244:6:do_clock	32	static
main.c:289:6:do_text	8	static
main.c:341:6:do_leds	16	static
main.c:377:6:do_temperature	24	static
main.c:422:5:main	16	static
main.c:493:6:SystemClock_Config	88	static
main.c:539:13:MX_I2C1_Init	8	static
main.c:573:13:MX_SPI2_Init	8	static
main.c:611:13:MX_GPIO_Init	40	static
main.c:670:6:Error_Handler	4	static,ignoring_inline_asm
