main.c:79:6:user_delay_us	16	static
main.c:88:8:user_i2c_read	48	static
main.c:116:8:user_i2c_write	48	static
main.c:143:8:init_bme280_i2c	16	static
main.c:158:6:vfd_update	16	static
main.c:166:6:do_microrl	16	static
main.c:175:6:do_vfd_init	112	static
main.c:294:6:do_brightness	24	static
main.c:331:6:do_clock	32	static
main.c:376:6:do_text	16	static
main.c:419:6:do_leds	16	static
main.c:456:6:_do_temperature	24	static
main.c:495:6:update_thp	24	static
main.c:546:6:do_measurements	8	static
main.c:580:5:main	16	static
main.c:653:6:SystemClock_Config	88	static
main.c:699:13:MX_I2C1_Init	8	static
main.c:733:13:MX_SPI2_Init	8	static
main.c:771:13:MX_GPIO_Init	40	static
main.c:830:6:Error_Handler	4	static,ignoring_inline_asm
