microrl_cmd.c:121:6:microrl_print_char	16	static
microrl_cmd.c:126:6:print	24	static
microrl_cmd.c:139:5:find_color_by_name	24	static
microrl_cmd.c:151:5:print_color	16	static
microrl_cmd.c:159:5:str_length	24	static
microrl_cmd.c:168:5:print_help	40	static
microrl_cmd.c:218:5:execute	48	static
microrl_cmd.c:289:9:complet	56	static
microrl_cmd.c:360:6:sigint	16	static
microrl_cmd.c:373:6:init_microrl	8	static
microrl_cmd.c:388:5:clear_screen	16	static
microrl_cmd.c:395:5:color_toggle	16	static
microrl_cmd.c:401:5:color_on	16	static
microrl_cmd.c:409:5:color_off	16	static
microrl_cmd.c:417:5:color_show	16	static
microrl_cmd.c:428:5:vfd_text	32	static
microrl_cmd.c:451:5:leds_toggle	16	static
microrl_cmd.c:461:5:set_td	24	static
microrl_cmd.c:478:5:get_td	40	static
microrl_cmd.c:497:5:get_temp	48	static
microrl_cmd.c:533:5:clock	16	static
microrl_cmd.c:539:5:get_thp	16	static
