microrl_cmd.c:120:6:microrl_print_char	16	static
microrl_cmd.c:125:6:print	24	static
microrl_cmd.c:138:5:find_color_by_name	24	static
microrl_cmd.c:150:5:print_color	16	static
microrl_cmd.c:158:5:str_length	24	static
microrl_cmd.c:167:5:print_help	40	static
microrl_cmd.c:217:5:execute	48	static
microrl_cmd.c:288:9:complet	56	static
microrl_cmd.c:359:6:sigint	16	static
microrl_cmd.c:372:6:init_microrl	8	static
microrl_cmd.c:387:5:clear_screen	16	static
microrl_cmd.c:394:5:color_toggle	16	static
microrl_cmd.c:400:5:color_on	16	static
microrl_cmd.c:408:5:color_off	16	static
microrl_cmd.c:416:5:color_show	16	static
microrl_cmd.c:427:5:vfd_text	32	static
microrl_cmd.c:450:5:leds_toggle	16	static
microrl_cmd.c:460:5:set_td	24	static
microrl_cmd.c:477:5:get_td	40	static
microrl_cmd.c:496:5:get_temp	48	static
microrl_cmd.c:532:5:clock	16	static
